Component: ARM Compiler 5.06 update 7 for Certification (build 960) Tool: armlink [4d3601]

==============================================================================

Section Cross References

    system_stm32f10x.o(i.SetSysClock) refers to system_stm32f10x.o(i.SetSysClockTo72) for SetSysClockTo72
    system_stm32f10x.o(i.SystemCoreClockUpdate) refers to system_stm32f10x.o(.data) for SystemCoreClock
    system_stm32f10x.o(i.SystemInit) refers to system_stm32f10x.o(i.SetSysClock) for SetSysClock
    main.o(i.TIM1_UP_IRQHandler) refers to stm32f10x_tim.o(i.TIM_GetITStatus) for TIM_GetITStatus
    main.o(i.TIM1_UP_IRQHandler) refers to stm32f10x_tim.o(i.TIM_ClearITPendingBit) for TIM_ClearITPendingBit
    main.o(i.TIM1_UP_IRQHandler) refers to led.o(i.LED0_Toggle) for LED0_Toggle
    main.o(i.main) refers to misc.o(i.NVIC_PriorityGroupConfig) for NVIC_PriorityGroupConfig
    main.o(i.main) refers to timer.o(i.Timer_Init) for Timer_Init
    main.o(i.main) refers to led.o(i.LED_Init) for LED_Init
    main.o(i.main) refers to oled.o(i.OLED_Init) for OLED_Init
    main.o(i.main) refers to serial.o(i.USART1_Init) for USART1_Init
    main.o(i.main) refers to esp8266.o(i.esp8266_init) for esp8266_init
    main.o(i.main) refers to esp8266.o(i.esp8266_send_data) for esp8266_send_data
    main.o(i.main) refers to esp8266.o(i.esp8266_receive_data) for esp8266_receive_data
    timer.o(i.Timer_Init) refers to stm32f10x_rcc.o(i.RCC_APB2PeriphClockCmd) for RCC_APB2PeriphClockCmd
    timer.o(i.Timer_Init) refers to stm32f10x_tim.o(i.TIM_TimeBaseInit) for TIM_TimeBaseInit
    timer.o(i.Timer_Init) refers to stm32f10x_tim.o(i.TIM_ITConfig) for TIM_ITConfig
    timer.o(i.Timer_Init) refers to misc.o(i.NVIC_Init) for NVIC_Init
    timer.o(i.Timer_Init) refers to stm32f10x_tim.o(i.TIM_Cmd) for TIM_Cmd
    led.o(i.LED0_Toggle) refers to stm32f10x_gpio.o(i.GPIO_ReadOutputDataBit) for GPIO_ReadOutputDataBit
    led.o(i.LED0_Toggle) refers to stm32f10x_gpio.o(i.GPIO_SetBits) for GPIO_SetBits
    led.o(i.LED0_Toggle) refers to stm32f10x_gpio.o(i.GPIO_ResetBits) for GPIO_ResetBits
    led.o(i.LED1_Toggle) refers to stm32f10x_gpio.o(i.GPIO_ReadOutputDataBit) for GPIO_ReadOutputDataBit
    led.o(i.LED1_Toggle) refers to stm32f10x_gpio.o(i.GPIO_SetBits) for GPIO_SetBits
    led.o(i.LED1_Toggle) refers to stm32f10x_gpio.o(i.GPIO_ResetBits) for GPIO_ResetBits
    led.o(i.LED_Init) refers to stm32f10x_rcc.o(i.RCC_APB2PeriphClockCmd) for RCC_APB2PeriphClockCmd
    led.o(i.LED_Init) refers to stm32f10x_gpio.o(i.GPIO_Init) for GPIO_Init
    led.o(i.LED_Init) refers to stm32f10x_gpio.o(i.GPIO_ResetBits) for GPIO_ResetBits
    serial.o(i.Serial_GetRxData) refers to serial.o(.data) for Serial_RxData
    serial.o(i.Serial_GetRxFlag) refers to serial.o(.data) for Serial_RxFlag
    serial.o(i.Serial_Printf) refers to printfa.o(i.__0vsprintf) for vsprintf
    serial.o(i.Serial_Printf) refers to serial.o(i.Serial_SendString) for Serial_SendString
    serial.o(i.Serial_SendArray) refers to serial.o(i.Serial_SendByte) for Serial_SendByte
    serial.o(i.Serial_SendByte) refers to stm32f10x_usart.o(i.USART_SendData) for USART_SendData
    serial.o(i.Serial_SendByte) refers to stm32f10x_usart.o(i.USART_GetFlagStatus) for USART_GetFlagStatus
    serial.o(i.Serial_SendNumber) refers to serial.o(i.Serial_Pow) for Serial_Pow
    serial.o(i.Serial_SendNumber) refers to serial.o(i.Serial_SendByte) for Serial_SendByte
    serial.o(i.Serial_SendString) refers to serial.o(i.Serial_SendByte) for Serial_SendByte
    serial.o(i.USART1_IRQHandler) refers to stm32f10x_usart.o(i.USART_GetITStatus) for USART_GetITStatus
    serial.o(i.USART1_IRQHandler) refers to stm32f10x_usart.o(i.USART_ReceiveData) for USART_ReceiveData
    serial.o(i.USART1_IRQHandler) refers to stm32f10x_usart.o(i.USART_ClearITPendingBit) for USART_ClearITPendingBit
    serial.o(i.USART1_IRQHandler) refers to serial.o(.data) for Serial_RxData
    serial.o(i.USART1_IRQHandler) refers to esp8266.o(.data) for receive_count
    serial.o(i.USART1_IRQHandler) refers to esp8266.o(.bss) for receive_buf
    serial.o(i.USART1_Init) refers to stm32f10x_rcc.o(i.RCC_APB2PeriphClockCmd) for RCC_APB2PeriphClockCmd
    serial.o(i.USART1_Init) refers to stm32f10x_gpio.o(i.GPIO_Init) for GPIO_Init
    serial.o(i.USART1_Init) refers to stm32f10x_usart.o(i.USART_Init) for USART_Init
    serial.o(i.USART1_Init) refers to stm32f10x_usart.o(i.USART_ITConfig) for USART_ITConfig
    serial.o(i.USART1_Init) refers to misc.o(i.NVIC_PriorityGroupConfig) for NVIC_PriorityGroupConfig
    serial.o(i.USART1_Init) refers to misc.o(i.NVIC_Init) for NVIC_Init
    serial.o(i.USART1_Init) refers to stm32f10x_usart.o(i.USART_Cmd) for USART_Cmd
    serial.o(i.fputc) refers to serial.o(i.Serial_SendByte) for Serial_SendByte
    esp8266.o(i.Timerout_exit) refers to delay.o(i.Delay_ms) for Delay_ms
    esp8266.o(i.Timerout_exit) refers to oled.o(i.OLED_ShowString) for OLED_ShowString
[...]
    Removing stm32f10x_tim.o(i.TIM_BDTRStructInit), (18 bytes).
    Removing stm32f10x_tim.o(i.TIM_CCPreloadControl), (24 bytes).
    Removing stm32f10x_tim.o(i.TIM_CCxCmd), (30 bytes).
    Removing stm32f10x_tim.o(i.TIM_CCxNCmd), (30 bytes).
    Removing stm32f10x_tim.o(i.TIM_ClearFlag), (6 bytes).
    Removing stm32f10x_tim.o(i.TIM_ClearOC1Ref), (18 bytes).
    Removing stm32f10x_tim.o(i.TIM_ClearOC2Ref), (24 bytes).
    Removing stm32f10x_tim.o(i.TIM_ClearOC3Ref), (18 bytes).
    Removing stm32f10x_tim.o(i.TIM_ClearOC4Ref), (24 bytes).
    Removing stm32f10x_tim.o(i.TIM_CounterModeConfig), (18 bytes).
    Removing stm32f10x_tim.o(i.TIM_CtrlPWMOutputs), (30 bytes).
    Removing stm32f10x_tim.o(i.TIM_DMACmd), (18 bytes).
    Removing stm32f10x_tim.o(i.TIM_DMAConfig), (10 bytes).
    Removing stm32f10x_tim.o(i.TIM_DeInit), (488 bytes).
    Removing stm32f10x_tim.o(i.TIM_ETRClockMode1Config), (54 bytes).
    Removing stm32f10x_tim.o(i.TIM_ETRClockMode2Config), (32 bytes).
    Removing stm32f10x_tim.o(i.TIM_ETRConfig), (28 bytes).
    Removing stm32f10x_tim.o(i.TIM_EncoderInterfaceConfig), (66 bytes).
    Removing stm32f10x_tim.o(i.TIM_ForcedOC1Config), (18 bytes).
    Removing stm32f10x_tim.o(i.TIM_ForcedOC2Config), (26 bytes).
    Removing stm32f10x_tim.o(i.TIM_ForcedOC3Config), (18 bytes).
    Removing stm32f10x_tim.o(i.TIM_ForcedOC4Config), (26 bytes).
    Removing stm32f10x_tim.o(i.TIM_GenerateEvent), (4 bytes).
    Removing stm32f10x_tim.o(i.TIM_GetCapture1), (6 bytes).
    Removing stm32f10x_tim.o(i.TIM_GetCapture2), (6 bytes).
    Removing stm32f10x_tim.o(i.TIM_GetCapture3), (6 bytes).
    Removing stm32f10x_tim.o(i.TIM_GetCapture4), (8 bytes).
    Removing stm32f10x_tim.o(i.TIM_GetCounter), (6 bytes).
    Removing stm32f10x_tim.o(i.TIM_GetFlagStatus), (18 bytes).
    Removing stm32f10x_tim.o(i.TIM_GetPrescaler), (6 bytes).
    Removing stm32f10x_tim.o(i.TIM_ICInit), (172 bytes).
    Removing stm32f10x_tim.o(i.TIM_ICStructInit), (18 bytes).
    Removing stm32f10x_tim.o(i.TIM_ITRxExternalClockConfig), (24 bytes).
    Removing stm32f10x_tim.o(i.TIM_InternalClockConfig), (12 bytes).
    Removing stm32f10x_tim.o(i.TIM_OC1FastConfig), (18 bytes).
    Removing stm32f10x_tim.o(i.TIM_OC1Init), (152 bytes).
    Removing stm32f10x_tim.o(i.TIM_OC1NPolarityConfig), (18 bytes).
    Removing stm32f10x_tim.o(i.TIM_OC1PolarityConfig), (18 bytes).
    Removing stm32f10x_tim.o(i.TIM_OC1PreloadConfig), (18 bytes).
    Removing stm32f10x_tim.o(i.TIM_OC2FastConfig), (26 bytes).
    Removing stm32f10x_tim.o(i.TIM_OC2Init), (164 bytes).
    Removing stm32f10x_tim.o(i.TIM_OC2NPolarityConfig), (26 bytes).
    Removing stm32f10x_tim.o(i.TIM_OC2PolarityConfig), (26 bytes).
    Removing stm32f10x_tim.o(i.TIM_OC2PreloadConfig), (26 bytes).
    Removing stm32f10x_tim.o(i.TIM_OC3FastConfig), (18 bytes).
    Removing stm32f10x_tim.o(i.TIM_OC3Init), (160 bytes).
    Removing stm32f10x_tim.o(i.TIM_OC3NPolarityConfig), (26 bytes).
    Removing stm32f10x_tim.o(i.TIM_OC3PolarityConfig), (26 bytes).
    Removing stm32f10x_tim.o(i.TIM_OC3PreloadConfig), (18 bytes).
    Removing stm32f10x_tim.o(i.TIM_OC4FastConfig), (26 bytes).
    Removing stm32f10x_tim.o(i.TIM_OC4Init), (124 bytes).
    Removing stm32f10x_tim.o(i.TIM_OC4PolarityConfig), (26 bytes).
    Removing stm32f10x_tim.o(i.TIM_OC4PreloadConfig), (26 bytes).
    Removing stm32f10x_tim.o(i.TIM_OCStructInit), (20 bytes).
    Removing stm32f10x_tim.o(i.TIM_PWMIConfig), (124 bytes).
    Removing stm32f10x_tim.o(i.TIM_PrescalerConfig), (6 bytes).
    Removing stm32f10x_tim.o(i.TIM_SelectCCDMA), (24 bytes).
    Removing stm32f10x_tim.o(i.TIM_SelectCOM), (24 bytes).
    Removing stm32f10x_tim.o(i.TIM_SelectHallSensor), (24 bytes).
    Removing stm32f10x_tim.o(i.TIM_SelectInputTrigger), (18 bytes).
    Removing stm32f10x_tim.o(i.TIM_SelectMasterSlaveMode), (18 bytes).
    Removing stm32f10x_tim.o(i.TIM_SelectOCxM), (82 bytes).
    Removing stm32f10x_tim.o(i.TIM_SelectOnePulseMode), (18 bytes).
    Removing stm32f10x_tim.o(i.TIM_SelectOutputTrigger), (18 bytes).
    Removing stm32f10x_tim.o(i.TIM_SelectSlaveMode), (18 bytes).
    Removing stm32f10x_tim.o(i.TIM_SetAutoreload), (4 bytes).
    Removing stm32f10x_tim.o(i.TIM_SetClockDivision), (18 bytes).
    Removing stm32f10x_tim.o(i.TIM_SetCompare1), (4 bytes).
    Removing stm32f10x_tim.o(i.TIM_SetCompare2), (4 bytes).
    Removing stm32f10x_tim.o(i.TIM_SetCompare3), (4 bytes).
    Removing stm32f10x_tim.o(i.TIM_SetCompare4), (6 bytes).
    Removing stm32f10x_tim.o(i.TIM_SetCounter), (4 bytes).
    Removing stm32f10x_tim.o(i.TIM_SetIC1Prescaler), (18 bytes).
    Removing stm32f10x_tim.o(i.TIM_SetIC2Prescaler), (26 bytes).
    Removing stm32f10x_tim.o(i.TIM_SetIC3Prescaler), (18 bytes).
    Removing stm32f10x_tim.o(i.TIM_SetIC4Prescaler), (26 bytes).
    Removing stm32f10x_tim.o(i.TIM_TIxExternalClockConfig), (62 bytes).
    Removing stm32f10x_tim.o(i.TIM_TimeBaseStructInit), (18 bytes).
    Removing stm32f10x_tim.o(i.TIM_UpdateDisableConfig), (24 bytes).
    Removing stm32f10x_tim.o(i.TIM_UpdateRequestConfig), (24 bytes).
    Removing stm32f10x_usart.o(i.USART_ClearFlag), (18 bytes).
    Removing stm32f10x_usart.o(i.USART_ClockInit), (34 bytes).
    Removing stm32f10x_usart.o(i.USART_ClockStructInit), (12 bytes).
    Removing stm32f10x_usart.o(i.USART_DMACmd), (18 bytes).
    Removing stm32f10x_usart.o(i.USART_DeInit), (156 bytes).
    Removing stm32f10x_usart.o(i.USART_HalfDuplexCmd), (24 bytes).
    Removing stm32f10x_usart.o(i.USART_IrDACmd), (24 bytes).
    Removing stm32f10x_usart.o(i.USART_IrDAConfig), (18 bytes).
    Removing stm32f10x_usart.o(i.USART_LINBreakDetectLengthConfig), (18 bytes).
    Removing stm32f10x_usart.o(i.USART_LINCmd), (24 bytes).
    Removing stm32f10x_usart.o(i.USART_OneBitMethodCmd), (24 bytes).
    Removing stm32f10x_usart.o(i.USART_OverSampling8Cmd), (22 bytes).
    Removing stm32f10x_usart.o(i.USART_ReceiverWakeUpCmd), (24 bytes).
    Removing stm32f10x_usart.o(i.USART_SendBreak), (10 bytes).
    Removing stm32f10x_usart.o(i.USART_SetAddress), (18 bytes).
    Removing stm32f10x_usart.o(i.USART_SetGuardTime), (16 bytes).
    Removing stm32f10x_usart.o(i.USART_SetPrescaler), (16 bytes).
    Removing stm32f10x_usart.o(i.USART_SmartCardCmd), (24 bytes).
    Removing stm32f10x_usart.o(i.USART_SmartCardNACKCmd), (24 bytes).
    Removing stm32f10x_usart.o(i.USART_StructInit), (24 bytes).
    Removing stm32f10x_usart.o(i.USART_WakeUpConfig), (18 bytes).
    Removing stm32f10x_wwdg.o(i.WWDG_ClearFlag), (12 bytes).
    Removing stm32f10x_wwdg.o(i.WWDG_DeInit), (22 bytes).
    Removing stm32f10x_wwdg.o(i.WWDG_Enable), (16 bytes).
    Removing stm32f10x_wwdg.o(i.WWDG_EnableIT), (12 bytes).
    Removing stm32f10x_wwdg.o(i.WWDG_GetFlagStatus), (12 bytes).
    Removing stm32f10x_wwdg.o(i.WWDG_SetCounter), (16 bytes).
    Removing stm32f10x_wwdg.o(i.WWDG_SetPrescaler), (24 bytes).
    Removing stm32f10x_wwdg.o(i.WWDG_SetWindowValue), (40 bytes).
    Removing delay.o(i.Delay_s), (24 bytes).
    Removing retarget_io.o(i.__backspace), (8 bytes).
    Removing retarget_io.o(i.fgetc), (8 bytes).
    Removing retarget_io.o(i.fputc), (32 bytes).
    Removing retarget_io.o(i.stderr_putchar), (4 bytes).

472 unused section(s) (total 19655 bytes) removed from the image.

==============================================================================

Image Symbol Table

    Local Symbols

    Symbol Name                              Value     Ov Type        Size  Object(Section)

    ../clib/../cmprslib/lz77c.c              0x00000000   Number         0  __dclz77c.o ABSOLUTE
    ../clib/microlib/ctype/ctype.c           0x00000000   Number         0  iscntrl_o.o ABSOLUTE
    ../clib/microlib/ctype/ctype.c           0x00000000   Number         0  isalnum_o.o ABSOLUTE
    ../clib/microlib/ctype/ctype.c           0x00000000   Number         0  isxdigit_o.o ABSOLUTE
    ../clib/microlib/ctype/ctype.c           0x00000000   Number         0  isupper_o.o ABSOLUTE
    ../clib/microlib/ctype/ctype.c           0x00000000   Number         0  isspace_c.o ABSOLUTE
    ../clib/microlib/ctype/ctype.c           0x00000000   Number         0  isspace_o.o ABSOLUTE
    ../clib/microlib/ctype/ctype.c           0x00000000   Number         0  ispunct_o.o ABSOLUTE
    ../clib/microlib/ctype/ctype.c           0x00000000   Number         0  isprint_o.o ABSOLUTE
    ../clib/microlib/ctype/ctype.c           0x00000000   Number         0  islower_o.o ABSOLUTE
    ../clib/microlib/ctype/ctype.c           0x00000000   Number         0  isgraph_o.o ABSOLUTE
    ../clib/microlib/ctype/ctype.c           0x00000000   Number         0  isdigit_o.o ABSOLUTE
    ../clib/microlib/ctype/ctype.c           0x00000000   Number         0  ctype_o.o ABSOLUTE
    ../clib/microlib/ctype/ctype.c           0x00000000   Number         0  isblank_o.o ABSOLUTE
    ../clib/microlib/ctype/ctype.c           0x00000000   Number         0  ctype_c.o ABSOLUTE
    ../clib/microlib/ctype/ctype.c           0x00000000   Number         0  isalpha_o.o ABSOLUTE
    ../clib/microlib/division.c              0x00000000   Number         0  uidiv.o ABSOLUTE
    ../clib/microlib/division.c              0x00000000   Number         0  uldiv.o ABSOLUTE
    ../clib/microlib/errno.c                 0x00000000   Number         0  errno.o ABSOLUTE
    ../clib/microlib/init/entry.s            0x00000000   Number         0  entry9b.o ABSOLUTE
    ../clib/microlib/init/entry.s            0x00000000   Number         0  entry.o ABSOLUTE
    ../clib/microlib/init/entry.s            0x00000000   Number         0  entry9a.o ABSOLUTE
    ../clib/microlib/init/entry.s            0x00000000   Number         0  entry5.o ABSOLUTE
    ../clib/microlib/init/entry.s            0x00000000   Number         0  entry11a.o ABSOLUTE
    ../clib/microlib/init/entry.s            0x00000000   Number         0  entry10a.o ABSOLUTE
    ../clib/microlib/init/entry.s            0x00000000   Number         0  entry10b.o ABSOLUTE
    ../clib/microlib/init/entry.s            0x00000000   Number         0  entry11b.o ABSOLUTE
    ../clib/microlib/init/entry.s            0x00000000   Number         0  entry2.o ABSOLUTE
    ../clib/microlib/init/entry.s            0x00000000   Number         0  entry12b.o ABSOLUTE
    ../clib/microlib/init/entry.s            0x00000000   Number         0  entry12a.o ABSOLUTE
    ../clib/microlib/init/entry.s            0x00000000   Number         0  entry7a.o ABSOLUTE
    ../clib/microlib/init/entry.s            0x00000000   Number         0  entry7b.o ABSOLUTE
    ../clib/microlib/init/entry.s            0x00000000   Number         0  entry8a.o ABSOLUTE
    ../clib/microlib/init/entry.s            0x00000000   Number         0  entry8b.o ABSOLUTE
    ../clib/microlib/longlong.c              0x00000000   Number         0  llshl.o ABSOLUTE
    ../clib/microlib/longlong.c              0x00000000   Number         0  llsshr.o ABSOLUTE
    ../clib/microlib/longlong.c              0x00000000   Number         0  llushr.o ABSOLUTE
    ../clib/microlib/printf/printf.c         0x00000000   Number         0  printf2.o ABSOLUTE
    ../clib/microlib/printf/printf.c         0x00000000   Number         0  printfb.o ABSOLUTE
    ../clib/microlib/printf/printf.c         0x00000000   Number         0  printf0.o ABSOLUTE
    ../clib/microlib/printf/printf.c         0x00000000   Number         0  printf1.o ABSOLUTE
    ../clib/microlib/printf/printf.c         0x00000000   Number         0  printfa.o ABSOLUTE
    ../clib/microlib/printf/printf.c         0x00000000   Number         0  printf7.o ABSOLUTE
    ../clib/microlib/printf/printf.c         0x00000000   Number         0  printf6.o ABSOLUTE
    ../clib/microlib/printf/printf.c         0x00000000   Number         0  printf8.o ABSOLUTE
    ../clib/microlib/printf/printf.c         0x00000000   Number         0  printf5.o ABSOLUTE
    ../clib/microlib/printf/printf.c         0x00000000   Number         0  printf4.o ABSOLUTE
    ../clib/microlib/printf/printf.c         0x00000000   Number         0  printf3.o ABSOLUTE
    ../clib/microlib/printf/stubs.s          0x00000000   Number         0  stubs.o ABSOLUTE
    ../clib/microlib/stdio/fputs.c           0x00000000   Number         0  fputs_e.o ABSOLUTE
    ../clib/microlib/stdio/fputs.c           0x00000000   Number         0  fputs.o ABSOLUTE
    ../clib/microlib/stdio/streams.c         0x00000000   Number         0  stderr.o ABSOLUTE
    ../clib/microlib/stdio/streams.c         0x00000000   Number         0  stdout.o ABSOLUTE
    ../clib/microlib/string/memset.c         0x00000000   Number         0  memseta.o ABSOLUTE
    ../clib/microlib/string/strlen.c         0x00000000   Number         0  strlen.o ABSOLUTE
    ../clib/microlib/string/strstr.c         0x00000000   Number         0  strstr.o ABSOLUTE
    ../clib/microlib/stubs.s                 0x00000000   Number         0  iusefp.o ABSOLUTE
    ../clib/scanf.c                          0x00000000   Number         0  scanf_char.o ABSOLUTE
    ../clib/scanf.c                          0x00000000   Number         0  _chval.o ABSOLUTE
    ../clib/scanf.c                          0x00000000   Number         0  scanf_fp.o ABSOLUTE
    ../clib/scanf.c                          0x00000000   Number         0  _strtoul.o ABSOLUTE
    ../clib/scanf.c                          0x00000000   Number         0  _sgetc.o ABSOLUTE
    ../clib/scanf.c                          0x00000000   Number         0  strtod.o ABSOLUTE
    ../clib/scanf.c                          0x00000000   Number         0  strtol.o ABSOLUTE
    ../clib/scanf.c                          0x00000000   Number         0  _scanf.o ABSOLUTE
    ../clib/scanf.c                          0x00000000   Number         0  _scanf_int.o ABSOLUTE
    ../clib/scanf.c                          0x00000000   Number         0  atoi.o ABSOLUTE
    ../clib/scanf.c                          0x00000000   Number         0  _scanf_str.o ABSOLUTE
    ../clib/scanf.c                          0x00000000   Number         0  __0sscanf.o ABSOLUTE
    ../fplib/microlib/d2f.c                  0x00000000   Number         0  d2f.o ABSOLUTE
    ../fplib/microlib/fpadd.c                0x00000000   Number         0  dadd.o ABSOLUTE
    ../fplib/microlib/fpdiv.c                0x00000000   Number         0  ddiv.o ABSOLUTE
    ../fplib/microlib/fpepilogue.c           0x00000000   Number         0  depilogue.o ABSOLUTE
    ../fplib/microlib/fpepilogue.c           0x00000000   Number         0  fepilogue.o ABSOLUTE
    ../fplib/microlib/fpfix.c                0x00000000   Number         0  dfixul.o ABSOLUTE
    ../fplib/microlib/fpfix.c                0x00000000   Number         0  dfixui.o ABSOLUTE
    ../fplib/microlib/fpflt.c                0x00000000   Number         0  dfltul.o ABSOLUTE
    ../fplib/microlib/fpmul.c                0x00000000   Number         0  dmul.o ABSOLUTE
    ../mathlib/atof.c                        0x00000000   Number         0  atof.o ABSOLUTE
    ..\CORE\core_cm3.c                       0x00000000   Number         0  core_cm3.o ABSOLUTE
    ..\CORE\startup_stm32f10x_md.s           0x00000000   Number         0  startup_stm32f10x_md.o ABSOLUTE
    ..\HARDWARE\LED\LED.c                    0x00000000   Number         0  led.o ABSOLUTE
    ..\HARDWARE\OLED.c                       0x00000000   Number         0  oled.o ABSOLUTE
    ..\HARDWARE\Serial.c                     0x00000000   Number         0  serial.o ABSOLUTE
    ..\HARDWARE\Timer.c                      0x00000000   Number         0  timer.o ABSOLUTE
    ..\HARDWARE\core_json.c                  0x00000000   Number         0  core_json.o ABSOLUTE
    ..\HARDWARE\esp8266.c                    0x00000000   Number         0  esp8266.o ABSOLUTE
    ..\STM32F10x_FWLib\src\misc.c            0x00000000   Number         0  misc.o ABSOLUTE
    ..\STM32F10x_FWLib\src\stm32f10x_adc.c   0x00000000   Number         0  stm32f10x_adc.o ABSOLUTE
    ..\STM32F10x_FWLib\src\stm32f10x_bkp.c   0x00000000   Number         0  stm32f10x_bkp.o ABSOLUTE
    ..\STM32F10x_FWLib\src\stm32f10x_can.c   0x00000000   Number         0  stm32f10x_can.o ABSOLUTE
    ..\STM32F10x_FWLib\src\stm32f10x_cec.c   0x00000000   Number         0  stm32f10x_cec.o ABSOLUTE
    ..\STM32F10x_FWLib\src\stm32f10x_crc.c   0x00000000   Number         0  stm32f10x_crc.o ABSOLUTE
    ..\STM32F10x_FWLib\src\stm32f10x_dac.c   0x00000000   Number         0  stm32f10x_dac.o ABSOLUTE
    ..\STM32F10x_FWLib\src\stm32f10x_dbgmcu.c 0x00000000   Number         0  stm32f10x_dbgmcu.o ABSOLUTE
    ..\STM32F10x_FWLib\src\stm32f10x_dma.c   0x00000000   Number         0  stm32f10x_dma.o ABSOLUTE
    ..\STM32F10x_FWLib\src\stm32f10x_exti.c  0x00000000   Number         0  stm32f10x_exti.o ABSOLUTE
    ..\STM32F10x_FWLib\src\stm32f10x_flash.c 0x00000000   Number         0  stm32f10x_flash.o ABSOLUTE
    ..\STM32F10x_FWLib\src\stm32f10x_fsmc.c  0x00000000   Number         0  stm32f10x_fsmc.o ABSOLUTE
    ..\STM32F10x_FWLib\src\stm32f10x_gpio.c  0x00000000   Number         0  stm32f10x_gpio.o ABSOLUTE
    ..\STM32F10x_FWLib\src\stm32f10x_i2c.c   0x00000000   Number         0  stm32f10x_i2c.o ABSOLUTE
    ..\STM32F10x_FWLib\src\stm32f10x_iwdg.c  0x00000000   Number         0  stm32f10x_iwdg.o ABSOLUTE
    ..\STM32F10x_FWLib\src\stm32f10x_pwr.c   0x00000000   Number         0  stm32f10x_pwr.o ABSOLUTE
    ..\STM32F10x_FWLib\src\stm32f10x_rcc.c   0x00000000   Number         0  stm32f10x_rcc.o ABSOLUTE
    ..\STM32F10x_FWLib\src\stm32f10x_rtc.c   0x00000000   Number         0  stm32f10x_rtc.o ABSOLUTE
    ..\STM32F10x_FWLib\src\stm32f10x_sdio.c  0x00000000   Number         0  stm32f10x_sdio.o ABSOLUTE
    ..\STM32F10x_FWLib\src\stm32f10x_spi.c   0x00000000   Number         0  stm32f10x_spi.o ABSOLUTE
    ..\STM32F10x_FWLib\src\stm32f10x_tim.c   0x00000000   Number         0  stm32f10x_tim.o ABSOLUTE
    ..\STM32F10x_FWLib\src\stm32f10x_usart.c 0x00000000   Number         0  stm32f10x_usart.o ABSOLUTE
    ..\STM32F10x_FWLib\src\stm32f10x_wwdg.c  0x00000000   Number         0  stm32f10x_wwdg.o ABSOLUTE
    ..\SYSTEM\Delay.c                        0x00000000   Number         0  delay.o ABSOLUTE
    ..\\CORE\\core_cm3.c                     0x00000000   Number         0  core_cm3.o ABSOLUTE
    D:/rujian/keil5/Keil/ARM_Compiler/1.7.2/Source/retarget_io.c 0x00000000   Number         0  retarget_io.o ABSOLUTE
    cdrcmple.s                               0x00000000   Number         0  cdrcmple.o ABSOLUTE
    dc.s                                     0x00000000   Number         0  dc.o ABSOLUTE
    handlers.s                               0x00000000   Number         0  handlers.o ABSOLUTE
    init.s                                   0x00000000   Number         0  init.o ABSOLUTE
    main.c                                   0x00000000   Number         0  main.o ABSOLUTE
    stm32f10x_it.c                           0x00000000   Number         0  stm32f10x_it.o ABSOLUTE
    system_stm32f10x.c                       0x00000000   Number         0  system_stm32f10x.o ABSOLUTE
    RESET                                    0x08000000   Section      236  startup_stm32f10x_md.o(RESET)
    .ARM.Collect$$$$00000000                 0x080000ec   Section        0  entry.o(.ARM.Collect$$$$00000000)
    .ARM.Collect$$$$00000001                 0x080000ec   Section        4  entry2.o(.ARM.Collect$$$$00000001)
    .ARM.Collect$$$$00000004                 0x080000f0   Section        4  entry5.o(.ARM.Collect$$$$00000004)
    .ARM.Collect$$$$00000008                 0x080000f4   Section        0  entry7b.o(.ARM.Collect$$$$00000008)
    .ARM.Collect$$$$0000000A                 0x080000f4   Section        0  entry8b.o(.ARM.Collect$$$$0000000A)
    .ARM.Collect$$$$0000000B                 0x080000f4   Section        8  entry9a.o(.ARM.Collect$$$$0000000B)
    .ARM.Collect$$$$0000000E                 0x080000fc   Section        4  entry12b.o(.ARM.Collect$$$$0000000E)
    .ARM.Collect$$$$0000000F                 0x08000100   Section        0  entry10a.o(.ARM.Collect$$$$0000000F)
    .ARM.Collect$$$$00000011                 0x08000100   Section        0  entry11a.o(.ARM.Collect$$$$00000011)
    .ARM.Collect$$$$00002712                 0x08000100   Section        4  entry2.o(.ARM.Collect$$$$00002712)
    __lit__00000000                          0x08000100   Data           4  entry2.o(.ARM.Collect$$$$00002712)
    .text                                    0x08000104   Section       36  startup_stm32f10x_md.o(.text)
    .text                                    0x08000128   Section        0  memseta.o(.text)
    .text                                    0x0800014c   Section        0  strstr.o(.text)
    .text                                    0x08000170   Section        0  strlen.o(.text)
    .text                                    0x08000180   Section        0  __0sscanf.o(.text)
    .text                                    0x080001b8   Section        0  _scanf_int.o(.text)
    .text                                    0x08000304   Section        0  _scanf_str.o(.text)
    .text                                    0x080003e4   Section        0  atoi.o(.text)
    .text                                    0x080003fe   Section        0  dfixui.o(.text)
    .text                                    0x08000430   Section        0  uidiv.o(.text)
    .text                                    0x0800045c   Section        0  uldiv.o(.text)
    .text                                    0x080004be   Section        0  llushr.o(.text)
    .text                                    0x080004de   Section        0  _chval.o(.text)
    .text                                    0x080004fc   Section        0  scanf_char.o(.text)
    _scanf_char_input                        0x080004fd   Thumb Code    12  scanf_char.o(.text)
    .text                                    0x08000524   Section        0  _sgetc.o(.text)
    .text                                    0x08000564   Section        0  strtod.o(.text)
    _local_sscanf                            0x08000565   Thumb Code    54  strtod.o(.text)
    .text                                    0x08000600   Section        0  strtol.o(.text)
    .text                                    0x08000670   Section        0  dadd.o(.text)
    .text                                    0x08000670   Section        0  iusefp.o(.text)
    .text                                    0x080007be   Section        0  dmul.o(.text)
    .text                                    0x080008a2   Section        0  ddiv.o(.text)
    .text                                    0x08000980   Section        0  dfixul.o(.text)
    .text                                    0x080009b0   Section       48  cdrcmple.o(.text)
    .text                                    0x080009e0   Section       36  init.o(.text)
    .text                                    0x08000a04   Section        0  llshl.o(.text)
    .text                                    0x08000a22   Section        0  llsshr.o(.text)
    .text                                    0x08000a48   Section        0  ctype_o.o(.text)
    .text                                    0x08000a50   Section        0  isspace_o.o(.text)
    .text                                    0x08000a64   Section        0  _scanf.o(.text)
    .text                                    0x08000d94   Section        0  scanf_fp.o(.text)
    _fp_value                                0x08000d95   Thumb Code   296  scanf_fp.o(.text)
    .text                                    0x080010f4   Section        0  _strtoul.o(.text)
    .text                                    0x08001192   Section        0  depilogue.o(.text)
    .text                                    0x0800124c   Section        0  dfltul.o(.text)
    .text                                    0x08001264   Section        0  d2f.o(.text)
    .text                                    0x0800129c   Section        0  fepilogue.o(.text)
    .text                                    0x0800130a   Section        0  __dclz77c.o(.text)
    i.BusFault_Handler                       0x08001368   Section        0  stm32f10x_it.o(i.BusFault_Handler)
    i.DebugMon_Handler                       0x0800136c   Section        0  stm32f10x_it.o(i.DebugMon_Handler)
    i.Delay_ms                               0x0800136e   Section        0  delay.o(i.Delay_ms)
    i.Delay_us                               0x08001386   Section        0  delay.o(i.Delay_us)
    i.GPIO_Init                              0x080013b4   Section        0  stm32f10x_gpio.o(i.GPIO_Init)
    i.GPIO_ReadOutputDataBit                 0x080014ca   Section        0  stm32f10x_gpio.o(i.GPIO_ReadOutputDataBit)
    i.GPIO_ResetBits                         0x080014dc   Section        0  stm32f10x_gpio.o(i.GPIO_ResetBits)
    i.GPIO_SetBits                           0x080014e0   Section        0  stm32f10x_gpio.o(i.GPIO_SetBits)
    i.GPIO_WriteBit                          0x080014e4   Section        0  stm32f10x_gpio.o(i.GPIO_WriteBit)
    i.HardFault_Handler                      0x080014ee   Section        0  stm32f10x_it.o(i.HardFault_Handler)
    i.JSON_SearchConst                       0x080014f2   Section        0  core_json.o(i.JSON_SearchConst)
    i.JSON_SearchT                           0x08001574   Section        0  core_json.o(i.JSON_SearchT)
    i.JSON_Validate                          0x0800159c   Section        0  core_json.o(i.JSON_Validate)
    i.LED0_Toggle                            0x080015f8   Section        0  led.o(i.LED0_Toggle)
    i.LED_Init                               0x0800161c   Section        0  led.o(i.LED_Init)
    i.MemManage_Handler                      0x0800164c   Section        0  stm32f10x_it.o(i.MemManage_Handler)
    i.NMI_Handler                            0x08001650   Section        0  stm32f10x_it.o(i.NMI_Handler)
    i.NVIC_Init                              0x08001654   Section        0  misc.o(i.NVIC_Init)
    i.NVIC_PriorityGroupConfig               0x080016c4   Section        0  misc.o(i.NVIC_PriorityGroupConfig)
    i.OLED_Clear                             0x080016d8   Section        0  oled.o(i.OLED_Clear)
    i.OLED_I2C_Init                          0x08001704   Section        0  oled.o(i.OLED_I2C_Init)
    i.OLED_I2C_SendByte                      0x08001754   Section        0  oled.o(i.OLED_I2C_SendByte)
    i.OLED_I2C_Start                         0x080017a8   Section        0  oled.o(i.OLED_I2C_Start)
    i.OLED_I2C_Stop                          0x080017dc   Section        0  oled.o(i.OLED_I2C_Stop)
    i.OLED_Init                              0x08001804   Section        0  oled.o(i.OLED_Init)
    i.OLED_Pow                               0x080018b2   Section        0  oled.o(i.OLED_Pow)
    i.OLED_SetCursor                         0x080018c6   Section        0  oled.o(i.OLED_SetCursor)
    i.OLED_ShowChar                          0x080018e8   Section        0  oled.o(i.OLED_ShowChar)
    i.OLED_ShowNum                           0x0800195c   Section        0  oled.o(i.OLED_ShowNum)
    i.OLED_ShowString                        0x080019a0   Section        0  oled.o(i.OLED_ShowString)
    i.OLED_WriteCommand                      0x080019c8   Section        0  oled.o(i.OLED_WriteCommand)
    i.OLED_WriteData                         0x080019e8   Section        0  oled.o(i.OLED_WriteData)
    i.PendSV_Handler                         0x08001a08   Section        0  stm32f10x_it.o(i.PendSV_Handler)
    i.RCC_APB2PeriphClockCmd                 0x08001a0c   Section        0  stm32f10x_rcc.o(i.RCC_APB2PeriphClockCmd)
    i.RCC_GetClocksFreq                      0x08001a2c   Section        0  stm32f10x_rcc.o(i.RCC_GetClocksFreq)
    i.SVC_Handler                            0x08001b00   Section        0  stm32f10x_it.o(i.SVC_Handler)
    i.Serial_SendByte                        0x08001b04   Section        0  serial.o(i.Serial_SendByte)
    i.Serial_SendString                      0x08001b24   Section        0  serial.o(i.Serial_SendString)
    i.SetSysClock                            0x08001b3e   Section        0  system_stm32f10x.o(i.SetSysClock)
    SetSysClock                              0x08001b3f   Thumb Code     8  system_stm32f10x.o(i.SetSysClock)
    i.SetSysClockTo72                        0x08001b48   Section        0  system_stm32f10x.o(i.SetSysClockTo72)
    SetSysClockTo72                          0x08001b49   Thumb Code   214  system_stm32f10x.o(i.SetSysClockTo72)
    i.SysTick_Handler                        0x08001c28   Section        0  stm32f10x_it.o(i.SysTick_Handler)
    i.SystemInit                             0x08001c2c   Section        0  system_stm32f10x.o(i.SystemInit)
    i.TIM1_UP_IRQHandler                     0x08001c8c   Section        0  main.o(i.TIM1_UP_IRQHandler)
    i.TIM_ClearITPendingBit                  0x08001cac   Section        0  stm32f10x_tim.o(i.TIM_ClearITPendingBit)
    i.TIM_Cmd                                0x08001cb2   Section        0  stm32f10x_tim.o(i.TIM_Cmd)
    i.TIM_GetITStatus                        0x08001cca   Section        0  stm32f10x_tim.o(i.TIM_GetITStatus)
    i.TIM_ITConfig                           0x08001cec   Section        0  stm32f10x_tim.o(i.TIM_ITConfig)
    i.TIM_TimeBaseInit                       0x08001d00   Section        0  stm32f10x_tim.o(i.TIM_TimeBaseInit)
    i.Timer_Init                             0x08001da4   Section        0  timer.o(i.Timer_Init)
    i.Timerout_exit                          0x08001e10   Section        0  esp8266.o(i.Timerout_exit)
    i.USART1_IRQHandler                      0x08001e8c   Section        0  serial.o(i.USART1_IRQHandler)
    i.USART1_Init                            0x08001ee0   Section        0  serial.o(i.USART1_Init)
    i.USART_ClearITPendingBit                0x08001f98   Section        0  stm32f10x_usart.o(i.USART_ClearITPendingBit)
    i.USART_Cmd                              0x08001fb6   Section        0  stm32f10x_usart.o(i.USART_Cmd)
    i.USART_GetFlagStatus                    0x08001fce   Section        0  stm32f10x_usart.o(i.USART_GetFlagStatus)
    i.USART_GetITStatus                      0x08001fe8   Section        0  stm32f10x_usart.o(i.USART_GetITStatus)
    i.USART_ITConfig                         0x0800203c   Section        0  stm32f10x_usart.o(i.USART_ITConfig)
    i.USART_Init                             0x08002088   Section        0  stm32f10x_usart.o(i.USART_Init)
    i.USART_ReceiveData                      0x08002160   Section        0  stm32f10x_usart.o(i.USART_ReceiveData)
    i.USART_SendData                         0x0800216a   Section        0  stm32f10x_usart.o(i.USART_SendData)
    i.UsageFault_Handler                     0x08002172   Section        0  stm32f10x_it.o(i.UsageFault_Handler)
    i.__0sprintf                             0x08002178   Section        0  printfa.o(i.__0sprintf)
    i.__aeabi_assert                         0x080021a0   Section        0  retarget_io.o(i.__aeabi_assert)
    i.__aeabi_errno_addr                     0x0800223c   Section        0  errno.o(i.__aeabi_errno_addr)
    i.__read_errno                           0x08002244   Section        0  errno.o(i.__read_errno)
    i.__scatterload_copy                     0x08002250   Section       14  handlers.o(i.__scatterload_copy)
    i.__scatterload_null                     0x0800225e   Section        2  handlers.o(i.__scatterload_null)
    i.__scatterload_zeroinit                 0x08002260   Section       14  handlers.o(i.__scatterload_zeroinit)
    i.__set_errno                            0x08002270   Section        0  errno.o(i.__set_errno)
    i._fp_digits                             0x0800227c   Section        0  printfa.o(i._fp_digits)
    _fp_digits                               0x0800227d   Thumb Code   366  printfa.o(i._fp_digits)
    i._is_digit                              0x08002400   Section        0  scanf_fp.o(i._is_digit)
    i._printf_core                           0x08002410   Section        0  printfa.o(i._printf_core)
    _printf_core                             0x08002411   Thumb Code  1704  printfa.o(i._printf_core)
    i._printf_post_padding                   0x08002ac4   Section        0  printfa.o(i._printf_post_padding)
    _printf_post_padding                     0x08002ac5   Thumb Code    36  printfa.o(i._printf_post_padding)
    i._printf_pre_padding                    0x08002ae8   Section        0  printfa.o(i._printf_pre_padding)
    _printf_pre_padding                      0x08002ae9   Thumb Code    46  printfa.o(i._printf_pre_padding)
    i._sputc                                 0x08002b16   Section        0  printfa.o(i._sputc)
    _sputc                                   0x08002b17   Thumb Code    10  printfa.o(i._sputc)
    i.abort                                  0x08002b20   Section        0  retarget_io.o(i.abort)
    i.arraySearch                            0x08002b24   Section        0  core_json.o(i.arraySearch)
    arraySearch                              0x08002b25   Thumb Code   190  core_json.o(i.arraySearch)
    i.atof                                   0x08002c3c   Section        0  atof.o(i.atof)
    i.countHighBits                          0x08002c66   Section        0  core_json.o(i.countHighBits)
    countHighBits                            0x08002c67   Thumb Code    24  core_json.o(i.countHighBits)
    i.esp8266_init                           0x08002c80   Section        0  esp8266.o(i.esp8266_init)
    i.esp8266_receive_data                   0x08002db0   Section        0  esp8266.o(i.esp8266_receive_data)
    i.esp8266_send_data                      0x08002e50   Section        0  esp8266.o(i.esp8266_send_data)
    i.fputc                                  0x08002ea0   Section        0  serial.o(i.fputc)
    i.fputs                                  0x08002eb0   Section        0  fputs.o(i.fputs)
    i.getType                                0x08002ec8   Section        0  core_json.o(i.getType)
    getType                                  0x08002ec9   Thumb Code    64  core_json.o(i.getType)
    i.hexToInt                               0x08002f08   Section        0  core_json.o(i.hexToInt)
    hexToInt                                 0x08002f09   Thumb Code    96  core_json.o(i.hexToInt)
    i.main                                   0x08002f68   Section        0  main.o(i.main)
    i.multiSearch                            0x08002f98   Section        0  core_json.o(i.multiSearch)
    multiSearch                              0x08002f99   Thumb Code   322  core_json.o(i.multiSearch)
    i.nextKeyValuePair                       0x08003178   Section        0  core_json.o(i.nextKeyValuePair)
    nextKeyValuePair                         0x08003179   Thumb Code   220  core_json.o(i.nextKeyValuePair)
    i.nextValue                              0x08003300   Section        0  core_json.o(i.nextValue)
    nextValue                                0x08003301   Thumb Code   130  core_json.o(i.nextValue)
    i.objectSearch                           0x08003404   Section        0  core_json.o(i.objectSearch)
    objectSearch                             0x08003405   Thumb Code   218  core_json.o(i.objectSearch)
    i.parse_json_msg                         0x08003554   Section        0  esp8266.o(i.parse_json_msg)
    i.shortestUTF8                           0x08003658   Section        0  core_json.o(i.shortestUTF8)
    shortestUTF8                             0x08003659   Thumb Code   100  core_json.o(i.shortestUTF8)
    i.skipAnyLiteral                         0x08003700   Section        0  core_json.o(i.skipAnyLiteral)
    skipAnyLiteral                           0x08003701   Thumb Code    70  core_json.o(i.skipAnyLiteral)
    i.skipAnyScalar                          0x08003760   Section        0  core_json.o(i.skipAnyScalar)
    skipAnyScalar                            0x08003761   Thumb Code    56  core_json.o(i.skipAnyScalar)
    i.skipArrayScalars                       0x08003798   Section        0  core_json.o(i.skipArrayScalars)
    skipArrayScalars                         0x08003799   Thumb Code    76  core_json.o(i.skipArrayScalars)
    i.skipCollection                         0x08003834   Section        0  core_json.o(i.skipCollection)
    skipCollection                           0x08003835   Thumb Code   228  core_json.o(i.skipCollection)
    i.skipDecimals                           0x08003968   Section        0  core_json.o(i.skipDecimals)
    skipDecimals                             0x08003969   Thumb Code    72  core_json.o(i.skipDecimals)
    i.skipDigits                             0x08003a00   Section        0  core_json.o(i.skipDigits)
    skipDigits                               0x08003a01   Thumb Code   134  core_json.o(i.skipDigits)
    i.skipEscape                             0x08003adc   Section        0  core_json.o(i.skipEscape)
    skipEscape                               0x08003add   Thumb Code   190  core_json.o(i.skipEscape)
    i.skipExponent                           0x08003bec   Section        0  core_json.o(i.skipExponent)
    skipExponent                             0x08003bed   Thumb Code   108  core_json.o(i.skipExponent)
    i.skipHexEscape                          0x08003ca8   Section        0  core_json.o(i.skipHexEscape)
    skipHexEscape                            0x08003ca9   Thumb Code   144  core_json.o(i.skipHexEscape)
    i.skipLiteral                            0x08003d88   Section        0  core_json.o(i.skipLiteral)
    skipLiteral                              0x08003d89   Thumb Code   102  core_json.o(i.skipLiteral)
    i.skipNumber                             0x08003e50   Section        0  core_json.o(i.skipNumber)
    skipNumber                               0x08003e51   Thumb Code   124  core_json.o(i.skipNumber)
    i.skipObjectScalars                      0x08003f1c   Section        0  core_json.o(i.skipObjectScalars)
    skipObjectScalars                        0x08003f1d   Thumb Code   162  core_json.o(i.skipObjectScalars)
    i.skipOneHexEscape                       0x08004010   Section        0  core_json.o(i.skipOneHexEscape)
    skipOneHexEscape                         0x08004011   Thumb Code   146  core_json.o(i.skipOneHexEscape)
    i.skipQueryPart                          0x08004108   Section        0  core_json.o(i.skipQueryPart)
    skipQueryPart                            0x08004109   Thumb Code   104  core_json.o(i.skipQueryPart)
    i.skipScalars                            0x080041d4   Section        0  core_json.o(i.skipScalars)
    skipScalars                              0x080041d5   Thumb Code    74  core_json.o(i.skipScalars)
    i.skipSpace                              0x08004250   Section        0  core_json.o(i.skipSpace)
    skipSpace                                0x08004251   Thumb Code    72  core_json.o(i.skipSpace)
    i.skipSpaceAndComma                      0x080042e8   Section        0  core_json.o(i.skipSpaceAndComma)
    skipSpaceAndComma                        0x080042e9   Thumb Code   106  core_json.o(i.skipSpaceAndComma)
    i.skipString                             0x080043a4   Section        0  core_json.o(i.skipString)
    skipString                               0x080043a5   Thumb Code   148  core_json.o(i.skipString)
    i.skipUTF8                               0x08004488   Section        0  core_json.o(i.skipUTF8)
    skipUTF8                                 0x08004489   Thumb Code    72  core_json.o(i.skipUTF8)
    i.skipUTF8MultiByte                      0x08004520   Section        0  core_json.o(i.skipUTF8MultiByte)
    skipUTF8MultiByte                        0x08004521   Thumb Code   202  core_json.o(i.skipUTF8MultiByte)
    i.strnEq                                 0x08004654   Section        0  core_json.o(i.strnEq)
    strnEq                                   0x08004655   Thumb Code    64  core_json.o(i.strnEq)
    .constdata                               0x080046cc   Section       12  esp8266.o(.constdata)
    .constdata                               0x080046d8   Section     1520  oled.o(.constdata)
    .constdata                               0x08004cc8   Section      129  ctype_o.o(.constdata)
    .constdata                               0x08004d4c   Section        4  ctype_o.o(.constdata)
    table                                    0x08004d4c   Data           4  ctype_o.o(.constdata)
    .conststring                             0x08004d50   Section      251  esp8266.o(.conststring)
    .data                                    0x20000000   Section        2  serial.o(.data)
    .data                                    0x20000002   Section      469  esp8266.o(.data)
    .data                                    0x200001d7   Section       20  stm32f10x_rcc.o(.data)
    APBAHBPrescTable                         0x200001d7   Data          16  stm32f10x_rcc.o(.data)
    ADCPrescTable                            0x200001e7   Data           4  stm32f10x_rcc.o(.data)
    .data                                    0x200001ec   Section        4  stderr.o(.data)
    .data                                    0x200001f0   Section        4  errno.o(.data)
    _errno                                   0x200001f0   Data           4  errno.o(.data)
    .bss                                     0x200001f4   Section      512  esp8266.o(.bss)
    STACK                                    0x200003f8   Section     1024  startup_stm32f10x_md.o(STACK)

    Global Symbols

    Symbol Name                              Value     Ov Type        Size  Object(Section)

    BuildAttributes$$THM_ISAv4$P$D$K$B$S$PE$A:L22UL41UL21$X:L11$S22US41US21$IEEE1$IW$USESV6$~STKCKD$USESV7$~SHL$OTIME$ROPI$IEEEJ$EBA8$MICROLIB$REQ8$PRES8$EABIv2 0x00000000   Number         0  anon$$obj.o ABSOLUTE
    __ARM_use_no_argv                        0x00000000   Number         0  main.o ABSOLUTE
    _printf_a                                0x00000000   Number         0  stubs.o ABSOLUTE
    _printf_c                                0x00000000   Number         0  stubs.o ABSOLUTE
    _printf_charcount                        0x00000000   Number         0  stubs.o ABSOLUTE
    _printf_d                                0x00000000   Number         0  stubs.o ABSOLUTE
    _printf_e                                0x00000000   Number         0  stubs.o ABSOLUTE
    _printf_f                                0x00000000   Number         0  stubs.o ABSOLUTE
    _printf_flags                            0x00000000   Number         0  stubs.o ABSOLUTE
    _printf_fp_dec                           0x00000000   Number         0  stubs.o ABSOLUTE
    _printf_fp_hex                           0x00000000   Number         0  stubs.o ABSOLUTE
    _printf_g                                0x00000000   Number         0  stubs.o ABSOLUTE
    _printf_i                                0x00000000   Number         0  stubs.o ABSOLUTE
    _printf_int_dec                          0x00000000   Number         0  stubs.o ABSOLUTE
    _printf_l                                0x00000000   Number         0  stubs.o ABSOLUTE
    _printf_lc                               0x00000000   Number         0  stubs.o ABSOLUTE
    _printf_ll                               0x00000000   Number         0  stubs.o ABSOLUTE
    _printf_lld                              0x00000000   Number         0  stubs.o ABSOLUTE
    _printf_lli                              0x00000000   Number         0  stubs.o ABSOLUTE
    _printf_llo                              0x00000000   Number         0  stubs.o ABSOLUTE
    _printf_llu                              0x00000000   Number         0  stubs.o ABSOLUTE
    _printf_llx                              0x00000000   Number         0  stubs.o ABSOLUTE
    _printf_longlong_dec                     0x00000000   Number         0  stubs.o ABSOLUTE
    _printf_longlong_hex                     0x00000000   Number         0  stubs.o ABSOLUTE
    _printf_longlong_oct                     0x00000000   Number         0  stubs.o ABSOLUTE
    _printf_ls                               0x00000000   Number         0  stubs.o ABSOLUTE
    _printf_mbtowc                           0x00000000   Number         0  stubs.o ABSOLUTE
    _printf_n                                0x00000000   Number         0  stubs.o ABSOLUTE
    _printf_o                                0x00000000   Number         0  stubs.o ABSOLUTE
    _printf_p                                0x00000000   Number         0  stubs.o ABSOLUTE
    _printf_percent                          0x00000000   Number         0  stubs.o ABSOLUTE
    _printf_pre_padding                      0x00000000   Number         0  stubs.o ABSOLUTE
    _printf_return_value                     0x00000000   Number         0  stubs.o ABSOLUTE
    _printf_s                                0x00000000   Number         0  stubs.o ABSOLUTE
    _printf_sizespec                         0x00000000   Number         0  stubs.o ABSOLUTE
    _printf_str                              0x00000000   Number         0  stubs.o ABSOLUTE
    _printf_truncate_signed                  0x00000000   Number         0  stubs.o ABSOLUTE
    _printf_truncate_unsigned                0x00000000   Number         0  stubs.o ABSOLUTE
    _printf_u                                0x00000000   Number         0  stubs.o ABSOLUTE
    _printf_wc                               0x00000000   Number         0  stubs.o ABSOLUTE
    _printf_wctomb                           0x00000000   Number         0  stubs.o ABSOLUTE
    _printf_widthprec                        0x00000000   Number         0  stubs.o ABSOLUTE
    _printf_x                                0x00000000   Number         0  stubs.o ABSOLUTE
    __arm_fini_                               - Undefined Weak Reference
    __cpp_initialize__aeabi_                  - Undefined Weak Reference
    __cxa_finalize                            - Undefined Weak Reference
    _clock_init                               - Undefined Weak Reference
    _microlib_exit                            - Undefined Weak Reference
    _scanf_longlong                           - Undefined Weak Reference
    __Vectors_Size                           0x000000ec   Number         0  startup_stm32f10x_md.o ABSOLUTE
    __Vectors                                0x08000000   Data           4  startup_stm32f10x_md.o(RESET)
    __Vectors_End                            0x080000ec   Data           0  startup_stm32f10x_md.o(RESET)
    __main                                   0x080000ed   Thumb Code     0  entry.o(.ARM.Collect$$$$00000000)
    _main_stk                                0x080000ed   Thumb Code     0  entry2.o(.ARM.Collect$$$$00000001)
    _main_scatterload                        0x080000f1   Thumb Code     0  entry5.o(.ARM.Collect$$$$00000004)
    __main_after_scatterload                 0x080000f5   Thumb Code     0  entry5.o(.ARM.Collect$$$$00000004)
    _main_clock                              0x080000f5   Thumb Code     0  entry7b.o(.ARM.Collect$$$$00000008)
    _main_cpp_init                           0x080000f5   Thumb Code     0  entry8b.o(.ARM.Collect$$$$0000000A)
    _main_init                               0x080000f5   Thumb Code     0  entry9a.o(.ARM.Collect$$$$0000000B)
    __rt_lib_shutdown_fini                   0x080000fd   Thumb Code     0  entry12b.o(.ARM.Collect$$$$0000000E)
    __rt_final_cpp                           0x08000101   Thumb Code     0  entry10a.o(.ARM.Collect$$$$0000000F)
    __rt_final_exit                          0x08000101   Thumb Code     0  entry11a.o(.ARM.Collect$$$$00000011)
    Reset_Handler                            0x08000105   Thumb Code     8  startup_stm32f10x_md.o(.text)
    ADC1_2_IRQHandler                        0x0800011f   Thumb Code     0  startup_stm32f10x_md.o(.text)
    CAN1_RX1_IRQHandler                      0x0800011f   Thumb Code     0  startup_stm32f10x_md.o(.text)
    CAN1_SCE_IRQHandler                      0x0800011f   Thumb Code     0  startup_stm32f10x_md.o(.text)
    DMA1_Channel1_IRQHandler                 0x0800011f   Thumb Code     0  startup_stm32f10x_md.o(.text)
    DMA1_Channel2_IRQHandler                 0x0800011f   Thumb Code     0  startup_stm32f10x_md.o(.text)
    DMA1_Channel3_IRQHandler                 0x0800011f   Thumb Code     0  startup_stm32f10x_md.o(.text)
    DMA1_Channel4_IRQHandler                 0x0800011f   Thumb Code     0  startup_stm32f10x_md.o(.text)
    DMA1_Channel5_IRQHandler                 0x0800011f   Thumb Code     0  startup_stm32f10x_md.o(.text)
    DMA1_Channel6_IRQHandler                 0x0800011f   Thumb Code     0  startup_stm32f10x_md.o(.text)
    DMA1_Channel7_IRQHandler                 0x0800011f   Thumb Code     0  startup_stm32f10x_md.o(.text)
    EXTI0_IRQHandler                         0x0800011f   Thumb Code     0  startup_stm32f10x_md.o(.text)
    EXTI15_10_IRQHandler                     0x0800011f   Thumb Code     0  startup_stm32f10x_md.o(.text)
    EXTI1_IRQHandler                         0x0800011f   Thumb Code     0  startup_stm32f10x_md.o(.text)
    EXTI2_IRQHandler                         0x0800011f   Thumb Code     0  startup_stm32f10x_md.o(.text)
    EXTI3_IRQHandler                         0x0800011f   Thumb Code     0  startup_stm32f10x_md.o(.text)
    EXTI4_IRQHandler                         0x0800011f   Thumb Code     0  startup_stm32f10x_md.o(.text)
    EXTI9_5_IRQHandler                       0x0800011f   Thumb Code     0  startup_stm32f10x_md.o(.text)
    FLASH_IRQHandler                         0x0800011f   Thumb Code     0  startup_stm32f10x_md.o(.text)
    I2C1_ER_IRQHandler                       0x0800011f   Thumb Code     0  startup_stm32f10x_md.o(.text)
    I2C1_EV_IRQHandler                       0x0800011f   Thumb Code     0  startup_stm32f10x_md.o(.text)
    I2C2_ER_IRQHandler                       0x0800011f   Thumb Code     0  startup_stm32f10x_md.o(.text)
    I2C2_EV_IRQHandler                       0x0800011f   Thumb Code     0  startup_stm32f10x_md.o(.text)
    PVD_IRQHandler                           0x0800011f   Thumb Code     0  startup_stm32f10x_md.o(.text)
    RCC_IRQHandler                           0x0800011f   Thumb Code     0  startup_stm32f10x_md.o(.text)
    RTCAlarm_IRQHandler                      0x0800011f   Thumb Code     0  startup_stm32f10x_md.o(.text)
    RTC_IRQHandler                           0x0800011f   Thumb Code     0  startup_stm32f10x_md.o(.text)
    SPI1_IRQHandler                          0x0800011f   Thumb Code     0  startup_stm32f10x_md.o(.text)
    SPI2_IRQHandler                          0x0800011f   Thumb Code     0  startup_stm32f10x_md.o(.text)
    TAMPER_IRQHandler                        0x0800011f   Thumb Code     0  startup_stm32f10x_md.o(.text)
    TIM1_BRK_IRQHandler                      0x0800011f   Thumb Code     0  startup_stm32f10x_md.o(.text)
    TIM1_CC_IRQHandler                       0x0800011f   Thumb Code     0  startup_stm32f10x_md.o(.text)
    TIM1_TRG_COM_IRQHandler                  0x0800011f   Thumb Code     0  startup_stm32f10x_md.o(.text)
    TIM2_IRQHandler                          0x0800011f   Thumb Code     0  startup_stm32f10x_md.o(.text)
    TIM3_IRQHandler                          0x0800011f   Thumb Code     0  startup_stm32f10x_md.o(.text)
    TIM4_IRQHandler                          0x0800011f   Thumb Code     0  startup_stm32f10x_md.o(.text)
    USART2_IRQHandler                        0x0800011f   Thumb Code     0  startup_stm32f10x_md.o(.text)
    USART3_IRQHandler                        0x0800011f   Thumb Code     0  startup_stm32f10x_md.o(.text)
    USBWakeUp_IRQHandler                     0x0800011f   Thumb Code     0  startup_stm32f10x_md.o(.text)
    USB_HP_CAN1_TX_IRQHandler                0x0800011f   Thumb Code     0  startup_stm32f10x_md.o(.text)
    USB_LP_CAN1_RX0_IRQHandler               0x0800011f   Thumb Code     0  startup_stm32f10x_md.o(.text)
    WWDG_IRQHandler                          0x0800011f   Thumb Code     0  startup_stm32f10x_md.o(.text)
    __aeabi_memset                           0x08000129   Thumb Code    14  memseta.o(.text)
    __aeabi_memset4                          0x08000129   Thumb Code     0  memseta.o(.text)
    __aeabi_memset8                          0x08000129   Thumb Code     0  memseta.o(.text)
    __aeabi_memclr                           0x08000137   Thumb Code     4  memseta.o(.text)
    __aeabi_memclr4                          0x08000137   Thumb Code     0  memseta.o(.text)
    __aeabi_memclr8                          0x08000137   Thumb Code     0  memseta.o(.text)
    _memset$wrapper                          0x0800013b   Thumb Code    18  memseta.o(.text)
    strstr                                   0x0800014d   Thumb Code    36  strstr.o(.text)
    strlen                                   0x08000171   Thumb Code    14  strlen.o(.text)
    __0sscanf                                0x08000181   Thumb Code    48  __0sscanf.o(.text)
    _scanf_int                               0x080001b9   Thumb Code   332  _scanf_int.o(.text)
    _scanf_string                            0x08000305   Thumb Code   224  _scanf_str.o(.text)
    atoi                                     0x080003e5   Thumb Code    26  atoi.o(.text)
    __aeabi_d2uiz                            0x080003ff   Thumb Code    50  dfixui.o(.text)
    __aeabi_uidiv                            0x08000431   Thumb Code     0  uidiv.o(.text)
    __aeabi_uidivmod                         0x08000431   Thumb Code    44  uidiv.o(.text)
    __aeabi_uldivmod                         0x0800045d   Thumb Code    98  uldiv.o(.text)
    __aeabi_llsr                             0x080004bf   Thumb Code    32  llushr.o(.text)
    _ll_ushift_r                             0x080004bf   Thumb Code     0  llushr.o(.text)
    _chval                                   0x080004df   Thumb Code    28  _chval.o(.text)
    __vfscanf_char                           0x08000509   Thumb Code    20  scanf_char.o(.text)
    _sgetc                                   0x08000525   Thumb Code    30  _sgetc.o(.text)
    _sbackspace                              0x08000543   Thumb Code    34  _sgetc.o(.text)
    __strtod_int                             0x0800059b   Thumb Code    90  strtod.o(.text)
    strtol                                   0x08000601   Thumb Code   112  strtol.o(.text)
    __I$use$fp                               0x08000671   Thumb Code     0  iusefp.o(.text)
    __aeabi_dadd                             0x08000671   Thumb Code   322  dadd.o(.text)
    __aeabi_dsub                             0x080007b3   Thumb Code     6  dadd.o(.text)
    __aeabi_drsub                            0x080007b9   Thumb Code     6  dadd.o(.text)
    __aeabi_dmul                             0x080007bf   Thumb Code   228  dmul.o(.text)
    __aeabi_ddiv                             0x080008a3   Thumb Code   222  ddiv.o(.text)
    __aeabi_d2ulz                            0x08000981   Thumb Code    48  dfixul.o(.text)
    __aeabi_cdrcmple                         0x080009b1   Thumb Code    48  cdrcmple.o(.text)
    __scatterload                            0x080009e1   Thumb Code    28  init.o(.text)
    __scatterload_rt2                        0x080009e1   Thumb Code     0  init.o(.text)
    __aeabi_llsl                             0x08000a05   Thumb Code    30  llshl.o(.text)
    _ll_shift_l                              0x08000a05   Thumb Code     0  llshl.o(.text)
    __aeabi_lasr                             0x08000a23   Thumb Code    36  llsshr.o(.text)
    _ll_sshift_r                             0x08000a23   Thumb Code     0  llsshr.o(.text)
    __rt_ctype_table                         0x08000a49   Thumb Code     4  ctype_o.o(.text)
    isspace                                  0x08000a51   Thumb Code    18  isspace_o.o(.text)
    __vfscanf                                0x08000a65   Thumb Code   810  _scanf.o(.text)
    _scanf_real                              0x08000ebd   Thumb Code     0  scanf_fp.o(.text)
    _scanf_really_real                       0x08000ebd   Thumb Code   556  scanf_fp.o(.text)
    _strtoul                                 0x080010f5   Thumb Code   158  _strtoul.o(.text)
    _double_round                            0x08001193   Thumb Code    30  depilogue.o(.text)
    _double_epilogue                         0x080011b1   Thumb Code   156  depilogue.o(.text)
    __aeabi_ul2d                             0x0800124d   Thumb Code    24  dfltul.o(.text)
    __aeabi_d2f                              0x08001265   Thumb Code    56  d2f.o(.text)
    _float_round                             0x0800129d   Thumb Code    18  fepilogue.o(.text)
    _float_epilogue                          0x080012af   Thumb Code    92  fepilogue.o(.text)
    __decompress                             0x0800130b   Thumb Code     0  __dclz77c.o(.text)
    __decompress2                            0x0800130b   Thumb Code    94  __dclz77c.o(.text)
    BusFault_Handler                         0x08001369   Thumb Code     4  stm32f10x_it.o(i.BusFault_Handler)
    DebugMon_Handler                         0x0800136d   Thumb Code     2  stm32f10x_it.o(i.DebugMon_Handler)
    Delay_ms                                 0x0800136f   Thumb Code    24  delay.o(i.Delay_ms)
    Delay_us                                 0x08001387   Thumb Code    46  delay.o(i.Delay_us)
    GPIO_Init                                0x080013b5   Thumb Code   278  stm32f10x_gpio.o(i.GPIO_Init)
    GPIO_ReadOutputDataBit                   0x080014cb   Thumb Code    18  stm32f10x_gpio.o(i.GPIO_ReadOutputDataBit)
    GPIO_ResetBits                           0x080014dd   Thumb Code     4  stm32f10x_gpio.o(i.GPIO_ResetBits)
    GPIO_SetBits                             0x080014e1   Thumb Code     4  stm32f10x_gpio.o(i.GPIO_SetBits)
    GPIO_WriteBit                            0x080014e5   Thumb Code    10  stm32f10x_gpio.o(i.GPIO_WriteBit)
    HardFault_Handler                        0x080014ef   Thumb Code     4  stm32f10x_it.o(i.HardFault_Handler)
    JSON_SearchConst                         0x080014f3   Thumb Code   130  core_json.o(i.JSON_SearchConst)
    JSON_SearchT                             0x08001575   Thumb Code    40  core_json.o(i.JSON_SearchT)
    JSON_Validate                            0x0800159d   Thumb Code    92  core_json.o(i.JSON_Validate)
    LED0_Toggle                              0x080015f9   Thumb Code    32  led.o(i.LED0_Toggle)
    LED_Init                                 0x0800161d   Thumb Code    44  led.o(i.LED_Init)
    MemManage_Handler                        0x0800164d   Thumb Code     4  stm32f10x_it.o(i.MemManage_Handler)
    NMI_Handler                              0x08001651   Thumb Code     2  stm32f10x_it.o(i.NMI_Handler)
    NVIC_Init                                0x08001655   Thumb Code   100  misc.o(i.NVIC_Init)
    NVIC_PriorityGroupConfig                 0x080016c5   Thumb Code    10  misc.o(i.NVIC_PriorityGroupConfig)
    OLED_Clear                               0x080016d9   Thumb Code    42  oled.o(i.OLED_Clear)
    OLED_I2C_Init                            0x08001705   Thumb Code    76  oled.o(i.OLED_I2C_Init)
    OLED_I2C_SendByte                        0x08001755   Thumb Code    80  oled.o(i.OLED_I2C_SendByte)
    OLED_I2C_Start                           0x080017a9   Thumb Code    48  oled.o(i.OLED_I2C_Start)
    OLED_I2C_Stop                            0x080017dd   Thumb Code    36  oled.o(i.OLED_I2C_Stop)
    OLED_Init                                0x08001805   Thumb Code   174  oled.o(i.OLED_Init)
    OLED_Pow                                 0x080018b3   Thumb Code    20  oled.o(i.OLED_Pow)
    OLED_SetCursor                           0x080018c7   Thumb Code    34  oled.o(i.OLED_SetCursor)
    OLED_ShowChar                            0x080018e9   Thumb Code   110  oled.o(i.OLED_ShowChar)
    OLED_ShowNum                             0x0800195d   Thumb Code    68  oled.o(i.OLED_ShowNum)
    OLED_ShowString                          0x080019a1   Thumb Code    40  oled.o(i.OLED_ShowString)
    OLED_WriteCommand                        0x080019c9   Thumb Code    32  oled.o(i.OLED_WriteCommand)
    OLED_WriteData                           0x080019e9   Thumb Code    32  oled.o(i.OLED_WriteData)
    PendSV_Handler                           0x08001a09   Thumb Code     2  stm32f10x_it.o(i.PendSV_Handler)
    RCC_APB2PeriphClockCmd                   0x08001a0d   Thumb Code    26  stm32f10x_rcc.o(i.RCC_APB2PeriphClockCmd)
    RCC_GetClocksFreq                        0x08001a2d   Thumb Code   192  stm32f10x_rcc.o(i.RCC_GetClocksFreq)
    SVC_Handler                              0x08001b01   Thumb Code     2  stm32f10x_it.o(i.SVC_Handler)
    Serial_SendByte                          0x08001b05   Thumb Code    28  serial.o(i.Serial_SendByte)
    Serial_SendString                        0x08001b25   Thumb Code    26  serial.o(i.Serial_SendString)
    SysTick_Handler                          0x08001c29   Thumb Code     2  stm32f10x_it.o(i.SysTick_Handler)
    SystemInit                               0x08001c2d   Thumb Code    78  system_stm32f10x.o(i.SystemInit)
    TIM1_UP_IRQHandler                       0x08001c8d   Thumb Code    28  main.o(i.TIM1_UP_IRQHandler)
    TIM_ClearITPendingBit                    0x08001cad   Thumb Code     6  stm32f10x_tim.o(i.TIM_ClearITPendingBit)
    TIM_Cmd                                  0x08001cb3   Thumb Code    24  stm32f10x_tim.o(i.TIM_Cmd)
    TIM_GetITStatus                          0x08001ccb   Thumb Code    34  stm32f10x_tim.o(i.TIM_GetITStatus)
    TIM_ITConfig                             0x08001ced   Thumb Code    18  stm32f10x_tim.o(i.TIM_ITConfig)
    TIM_TimeBaseInit                         0x08001d01   Thumb Code   122  stm32f10x_tim.o(i.TIM_TimeBaseInit)
    Timer_Init                               0x08001da5   Thumb Code   102  timer.o(i.Timer_Init)
    Timerout_exit                            0x08001e11   Thumb Code    90  esp8266.o(i.Timerout_exit)
    USART1_IRQHandler                        0x08001e8d   Thumb Code    64  serial.o(i.USART1_IRQHandler)
    USART1_Init                              0x08001ee1   Thumb Code   174  serial.o(i.USART1_Init)
    USART_ClearITPendingBit                  0x08001f99   Thumb Code    30  stm32f10x_usart.o(i.USART_ClearITPendingBit)
    USART_Cmd                                0x08001fb7   Thumb Code    24  stm32f10x_usart.o(i.USART_Cmd)
    USART_GetFlagStatus                      0x08001fcf   Thumb Code    26  stm32f10x_usart.o(i.USART_GetFlagStatus)
    USART_GetITStatus                        0x08001fe9   Thumb Code    84  stm32f10x_usart.o(i.USART_GetITStatus)
    USART_ITConfig                           0x0800203d   Thumb Code    74  stm32f10x_usart.o(i.USART_ITConfig)
    USART_Init                               0x08002089   Thumb Code   210  stm32f10x_usart.o(i.USART_Init)
    USART_ReceiveData                        0x08002161   Thumb Code    10  stm32f10x_usart.o(i.USART_ReceiveData)
    USART_SendData                           0x0800216b   Thumb Code     8  stm32f10x_usart.o(i.USART_SendData)
    UsageFault_Handler                       0x08002173   Thumb Code     4  stm32f10x_it.o(i.UsageFault_Handler)
    __0sprintf                               0x08002179   Thumb Code    34  printfa.o(i.__0sprintf)
    __1sprintf                               0x08002179   Thumb Code     0  printfa.o(i.__0sprintf)
    __2sprintf                               0x08002179   Thumb Code     0  printfa.o(i.__0sprintf)
    __c89sprintf                             0x08002179   Thumb Code     0  printfa.o(i.__0sprintf)
    sprintf                                  0x08002179   Thumb Code     0  printfa.o(i.__0sprintf)
    __aeabi_assert                           0x080021a1   Thumb Code   110  retarget_io.o(i.__aeabi_assert)
    __aeabi_errno_addr                       0x0800223d   Thumb Code     4  errno.o(i.__aeabi_errno_addr)
    __rt_errno_addr                          0x0800223d   Thumb Code     0  errno.o(i.__aeabi_errno_addr)
    __read_errno                             0x08002245   Thumb Code     6  errno.o(i.__read_errno)
    __scatterload_copy                       0x08002251   Thumb Code    14  handlers.o(i.__scatterload_copy)
    __scatterload_null                       0x0800225f   Thumb Code     2  handlers.o(i.__scatterload_null)
    __scatterload_zeroinit                   0x08002261   Thumb Code    14  handlers.o(i.__scatterload_zeroinit)
    __set_errno                              0x08002271   Thumb Code     6  errno.o(i.__set_errno)
    _is_digit                                0x08002401   Thumb Code    14  scanf_fp.o(i._is_digit)
    abort                                    0x08002b21   Thumb Code     4  retarget_io.o(i.abort)
    atof                                     0x08002c3d   Thumb Code    42  atof.o(i.atof)
    esp8266_init                             0x08002c81   Thumb Code   150  esp8266.o(i.esp8266_init)
    esp8266_receive_data                     0x08002db1   Thumb Code   114  esp8266.o(i.esp8266_receive_data)
    esp8266_send_data                        0x08002e51   Thumb Code    50  esp8266.o(i.esp8266_send_data)
    fputc                                    0x08002ea1   Thumb Code    16  serial.o(i.fputc)
    fputs                                    0x08002eb1   Thumb Code    24  fputs.o(i.fputs)
    main                                     0x08002f69   Thumb Code    48  main.o(i.main)
    parse_json_msg                           0x08003555   Thumb Code   242  esp8266.o(i.parse_json_msg)
    OLED_F8x16                               0x080046d8   Data        1520  oled.o(.constdata)
    __ctype_table                            0x08004cc8   Data         129  ctype_o.o(.constdata)
    Region$$Table$$Base                      0x08004e4c   Number         0  anon$$obj.o(Region$$Table)
    Region$$Table$$Limit                     0x08004e6c   Number         0  anon$$obj.o(Region$$Table)
    Serial_RxData                            0x20000000   Data           1  serial.o(.data)
    Serial_RxFlag                            0x20000001   Data           1  serial.o(.data)
    led_status                               0x20000002   Data           1  esp8266.o(.data)
    temp_value                               0x20000003   Data           1  esp8266.o(.data)
    humi_value                               0x20000004   Data           1  esp8266.o(.data)
    receive_start                            0x20000006   Data           2  esp8266.o(.data)
    receive_count                            0x20000008   Data           2  esp8266.o(.data)
    AT_RESTORE                               0x2000000a   Data          13  esp8266.o(.data)
    AT_CWMODE                                0x20000017   Data          14  esp8266.o(.data)
    AT_CIPSNTPCFG                            0x20000025   Data          38  esp8266.o(.data)
    AT_CWJAP                                 0x2000004b   Data          27  esp8266.o(.data)
    AT_MQTTUSERCFG                           0x20000066   Data         124  esp8266.o(.data)
    AT_MQTTCLIENTID                          0x200000e2   Data         104  esp8266.o(.data)
    AT_MQTTCONN                              0x2000014a   Data          70  esp8266.o(.data)
    AT_MQTTSUB                               0x20000190   Data          71  esp8266.o(.data)
    __stderr                                 0x200001ec   Data           4  stderr.o(.data)
    receive_buf                              0x200001f4   Data         512  esp8266.o(.bss)
    __initial_sp                             0x200007f8   Data           0  startup_stm32f10x_md.o(STACK)



==============================================================================

Memory Map of the image

  Image Entry point : 0x080000ed

  Load Region LR_IROM1 (Base: 0x08000000, Size: 0x00005060, Max: 0x00010000, ABSOLUTE, COMPRESSED[0x00005008])

    Execution Region ER_IROM1 (Exec base: 0x08000000, Load base: 0x08000000, Size: 0x00004e6c, Max: 0x00010000, ABSOLUTE)

    Exec Addr    Load Addr    Size         Type   Attr      Idx    E Section Name        Object

    0x08000000   0x08000000   0x000000ec   Data   RO          746    RESET               startup_stm32f10x_md.o
    0x080000ec   0x080000ec   0x00000000   Code   RO         3804  * .ARM.Collect$$$$00000000  mc_w.l(entry.o)
    0x080000ec   0x080000ec   0x00000004   Code   RO         4089    .ARM.Collect$$$$00000001  mc_w.l(entry2.o)
    0x080000f0   0x080000f0   0x00000004   Code   RO         4092    .ARM.Collect$$$$00000004  mc_w.l(entry5.o)
    0x080000f4   0x080000f4   0x00000000   Code   RO         4094    .ARM.Collect$$$$00000008  mc_w.l(entry7b.o)
    0x080000f4   0x080000f4   0x00000000   Code   RO         4096    .ARM.Collect$$$$0000000A  mc_w.l(entry8b.o)
    0x080000f4   0x080000f4   0x00000008   Code   RO         4097    .ARM.Collect$$$$0000000B  mc_w.l(entry9a.o)
    0x080000fc   0x080000fc   0x00000004   Code   RO         4104    .ARM.Collect$$$$0000000E  mc_w.l(entry12b.o)
    0x08000100   0x08000100   0x00000000   Code   RO         4099    .ARM.Collect$$$$0000000F  mc_w.l(entry10a.o)
    0x08000100   0x08000100   0x00000000   Code   RO         4101    .ARM.Collect$$$$00000011  mc_w.l(entry11a.o)
    0x08000100   0x08000100   0x00000004   Code   RO         4090    .ARM.Collect$$$$00002712  mc_w.l(entry2.o)
    0x08000104   0x08000104   0x00000024   Code   RO          747    .text               startup_stm32f10x_md.o
    0x08000128   0x08000128   0x00000024   Code   RO         3812    .text               mc_w.l(memseta.o)
    0x0800014c   0x0800014c   0x00000024   Code   RO         3814    .text               mc_w.l(strstr.o)
    0x08000170   0x08000170   0x0000000e   Code   RO         3816    .text               mc_w.l(strlen.o)
    0x0800017e   0x0800017e   0x00000002   PAD
    0x08000180   0x08000180   0x00000038   Code   RO         4079    .text               mc_w.l(__0sscanf.o)
    0x080001b8   0x080001b8   0x0000014c   Code   RO         4081    .text               mc_w.l(_scanf_int.o)
    0x08000304   0x08000304   0x000000e0   Code   RO         4083    .text               mc_w.l(_scanf_str.o)
    0x080003e4   0x080003e4   0x0000001a   Code   RO         4085    .text               mc_w.l(atoi.o)
    0x080003fe   0x080003fe   0x00000032   Code   RO         4087    .text               mf_w.l(dfixui.o)
    0x08000430   0x08000430   0x0000002c   Code   RO         4106    .text               mc_w.l(uidiv.o)
    0x0800045c   0x0800045c   0x00000062   Code   RO         4108    .text               mc_w.l(uldiv.o)
    0x080004be   0x080004be   0x00000020   Code   RO         4110    .text               mc_w.l(llushr.o)
    0x080004de   0x080004de   0x0000001c   Code   RO         4119    .text               mc_w.l(_chval.o)
    0x080004fa   0x080004fa   0x00000002   PAD
    0x080004fc   0x080004fc   0x00000028   Code   RO         4121    .text               mc_w.l(scanf_char.o)
    0x08000524   0x08000524   0x00000040   Code   RO         4123    .text               mc_w.l(_sgetc.o)
    0x08000564   0x08000564   0x0000009c   Code   RO         4125    .text               mc_w.l(strtod.o)
    0x08000600   0x08000600   0x00000070   Code   RO         4127    .text               mc_w.l(strtol.o)
    0x08000670   0x08000670   0x00000000   Code   RO         4129    .text               mc_w.l(iusefp.o)
    0x08000670   0x08000670   0x0000014e   Code   RO         4130    .text               mf_w.l(dadd.o)
    0x080007be   0x080007be   0x000000e4   Code   RO         4132    .text               mf_w.l(dmul.o)
    0x080008a2   0x080008a2   0x000000de   Code   RO         4134    .text               mf_w.l(ddiv.o)
    0x08000980   0x08000980   0x00000030   Code   RO         4136    .text               mf_w.l(dfixul.o)
    0x080009b0   0x080009b0   0x00000030   Code   RO         4138    .text               mf_w.l(cdrcmple.o)
    0x080009e0   0x080009e0   0x00000024   Code   RO         4140    .text               mc_w.l(init.o)
    0x08000a04   0x08000a04   0x0000001e   Code   RO         4142    .text               mc_w.l(llshl.o)
    0x08000a22   0x08000a22   0x00000024   Code   RO         4144    .text               mc_w.l(llsshr.o)
    0x08000a46   0x08000a46   0x00000002   PAD
    0x08000a48   0x08000a48   0x00000008   Code   RO         4148    .text               mc_w.l(ctype_o.o)
    0x08000a50   0x08000a50   0x00000012   Code   RO         4170    .text               mc_w.l(isspace_o.o)
    0x08000a62   0x08000a62   0x00000002   PAD
    0x08000a64   0x08000a64   0x00000330   Code   RO         4176    .text               mc_w.l(_scanf.o)
    0x08000d94   0x08000d94   0x00000360   Code   RO         4178    .text               mc_w.l(scanf_fp.o)
    0x080010f4   0x080010f4   0x0000009e   Code   RO         4182    .text               mc_w.l(_strtoul.o)
    0x08001192   0x08001192   0x000000ba   Code   RO         4184    .text               mf_w.l(depilogue.o)
    0x0800124c   0x0800124c   0x00000018   Code   RO         4189    .text               mf_w.l(dfltul.o)
    0x08001264   0x08001264   0x00000038   Code   RO         4191    .text               mf_w.l(d2f.o)
    0x0800129c   0x0800129c   0x0000006e   Code   RO         4193    .text               mf_w.l(fepilogue.o)
    0x0800130a   0x0800130a   0x0000005e   Code   RO         4203    .text               mc_w.l(__dclz77c.o)
    0x08001368   0x08001368   0x00000004   Code   RO            1    i.BusFault_Handler  stm32f10x_it.o
    0x0800136c   0x0800136c   0x00000002   Code   RO            2    i.DebugMon_Handler  stm32f10x_it.o
    0x0800136e   0x0800136e   0x00000018   Code   RO         3718    i.Delay_ms          delay.o
    0x08001386   0x08001386   0x0000002e   Code   RO         3720    i.Delay_us          delay.o
    0x080013b4   0x080013b4   0x00000116   Code   RO         1902    i.GPIO_Init         stm32f10x_gpio.o
    0x080014ca   0x080014ca   0x00000012   Code   RO         1908    i.GPIO_ReadOutputDataBit  stm32f10x_gpio.o
    0x080014dc   0x080014dc   0x00000004   Code   RO         1909    i.GPIO_ResetBits    stm32f10x_gpio.o
    0x080014e0   0x080014e0   0x00000004   Code   RO         1910    i.GPIO_SetBits      stm32f10x_gpio.o
    0x080014e4   0x080014e4   0x0000000a   Code   RO         1913    i.GPIO_WriteBit     stm32f10x_gpio.o
    0x080014ee   0x080014ee   0x00000004   Code   RO            3    i.HardFault_Handler  stm32f10x_it.o
    0x080014f2   0x080014f2   0x00000082   Code   RO          540    i.JSON_SearchConst  core_json.o
    0x08001574   0x08001574   0x00000028   Code   RO          541    i.JSON_SearchT      core_json.o
    0x0800159c   0x0800159c   0x0000005c   Code   RO          542    i.JSON_Validate     core_json.o
    0x080015f8   0x080015f8   0x00000024   Code   RO          267    i.LED0_Toggle       led.o
    0x0800161c   0x0800161c   0x00000030   Code   RO          269    i.LED_Init          led.o
    0x0800164c   0x0800164c   0x00000004   Code   RO            4    i.MemManage_Handler  stm32f10x_it.o
    0x08001650   0x08001650   0x00000002   Code   RO            5    i.NMI_Handler       stm32f10x_it.o
    0x08001652   0x08001652   0x00000002   PAD
    0x08001654   0x08001654   0x00000070   Code   RO          751    i.NVIC_Init         misc.o
    0x080016c4   0x080016c4   0x00000014   Code   RO          752    i.NVIC_PriorityGroupConfig  misc.o
    0x080016d8   0x080016d8   0x0000002a   Code   RO          431    i.OLED_Clear        oled.o
    0x08001702   0x08001702   0x00000002   PAD
    0x08001704   0x08001704   0x00000050   Code   RO          432    i.OLED_I2C_Init     oled.o
    0x08001754   0x08001754   0x00000054   Code   RO          433    i.OLED_I2C_SendByte  oled.o
    0x080017a8   0x080017a8   0x00000034   Code   RO          434    i.OLED_I2C_Start    oled.o
    0x080017dc   0x080017dc   0x00000028   Code   RO          435    i.OLED_I2C_Stop     oled.o
    0x08001804   0x08001804   0x000000ae   Code   RO          436    i.OLED_Init         oled.o
    0x080018b2   0x080018b2   0x00000014   Code   RO          437    i.OLED_Pow          oled.o
    0x080018c6   0x080018c6   0x00000022   Code   RO          438    i.OLED_SetCursor    oled.o
    0x080018e8   0x080018e8   0x00000074   Code   RO          440    i.OLED_ShowChar     oled.o
    0x0800195c   0x0800195c   0x00000044   Code   RO          442    i.OLED_ShowNum      oled.o
    0x080019a0   0x080019a0   0x00000028   Code   RO          444    i.OLED_ShowString   oled.o
    0x080019c8   0x080019c8   0x00000020   Code   RO          445    i.OLED_WriteCommand  oled.o
    0x080019e8   0x080019e8   0x00000020   Code   RO          446    i.OLED_WriteData    oled.o
    0x08001a08   0x08001a08   0x00000002   Code   RO            6    i.PendSV_Handler    stm32f10x_it.o
    0x08001a0a   0x08001a0a   0x00000002   PAD
    0x08001a0c   0x08001a0c   0x00000020   Code   RO         2320    i.RCC_APB2PeriphClockCmd  stm32f10x_rcc.o
    0x08001a2c   0x08001a2c   0x000000d4   Code   RO         2328    i.RCC_GetClocksFreq  stm32f10x_rcc.o
    0x08001b00   0x08001b00   0x00000002   Code   RO            7    i.SVC_Handler       stm32f10x_it.o
    0x08001b02   0x08001b02   0x00000002   PAD
    0x08001b04   0x08001b04   0x00000020   Code   RO          296    i.Serial_SendByte   serial.o
    0x08001b24   0x08001b24   0x0000001a   Code   RO          298    i.Serial_SendString  serial.o
    0x08001b3e   0x08001b3e   0x00000008   Code   RO          152    i.SetSysClock       system_stm32f10x.o
    0x08001b46   0x08001b46   0x00000002   PAD
    0x08001b48   0x08001b48   0x000000e0   Code   RO          153    i.SetSysClockTo72   system_stm32f10x.o
    0x08001c28   0x08001c28   0x00000002   Code   RO            8    i.SysTick_Handler   stm32f10x_it.o
    0x08001c2a   0x08001c2a   0x00000002   PAD
    0x08001c2c   0x08001c2c   0x00000060   Code   RO          155    i.SystemInit        system_stm32f10x.o
    0x08001c8c   0x08001c8c   0x00000020   Code   RO          186    i.TIM1_UP_IRQHandler  main.o
    0x08001cac   0x08001cac   0x00000006   Code   RO         2947    i.TIM_ClearITPendingBit  stm32f10x_tim.o
    0x08001cb2   0x08001cb2   0x00000018   Code   RO         2952    i.TIM_Cmd           stm32f10x_tim.o
    0x08001cca   0x08001cca   0x00000022   Code   RO         2973    i.TIM_GetITStatus   stm32f10x_tim.o
    0x08001cec   0x08001cec   0x00000012   Code   RO         2977    i.TIM_ITConfig      stm32f10x_tim.o
    0x08001cfe   0x08001cfe   0x00000002   PAD
    0x08001d00   0x08001d00   0x000000a4   Code   RO         3023    i.TIM_TimeBaseInit  stm32f10x_tim.o
    0x08001da4   0x08001da4   0x0000006c   Code   RO          229    i.Timer_Init        timer.o
    0x08001e10   0x08001e10   0x0000007c   Code   RO          374    i.Timerout_exit     esp8266.o
    0x08001e8c   0x08001e8c   0x00000054   Code   RO          299    i.USART1_IRQHandler  serial.o
    0x08001ee0   0x08001ee0   0x000000b8   Code   RO          300    i.USART1_Init       serial.o
    0x08001f98   0x08001f98   0x0000001e   Code   RO         3485    i.USART_ClearITPendingBit  stm32f10x_usart.o
    0x08001fb6   0x08001fb6   0x00000018   Code   RO         3488    i.USART_Cmd         stm32f10x_usart.o
    0x08001fce   0x08001fce   0x0000001a   Code   RO         3491    i.USART_GetFlagStatus  stm32f10x_usart.o
    0x08001fe8   0x08001fe8   0x00000054   Code   RO         3492    i.USART_GetITStatus  stm32f10x_usart.o
    0x0800203c   0x0800203c   0x0000004a   Code   RO         3494    i.USART_ITConfig    stm32f10x_usart.o
    0x08002086   0x08002086   0x00000002   PAD
    0x08002088   0x08002088   0x000000d8   Code   RO         3495    i.USART_Init        stm32f10x_usart.o
    0x08002160   0x08002160   0x0000000a   Code   RO         3502    i.USART_ReceiveData  stm32f10x_usart.o
    0x0800216a   0x0800216a   0x00000008   Code   RO         3505    i.USART_SendData    stm32f10x_usart.o
    0x08002172   0x08002172   0x00000004   Code   RO            9    i.UsageFault_Handler  stm32f10x_it.o
    0x08002176   0x08002176   0x00000002   PAD
    0x08002178   0x08002178   0x00000028   Code   RO         4053    i.__0sprintf        mc_w.l(printfa.o)
    0x080021a0   0x080021a0   0x0000009c   Code   RO         3742    i.__aeabi_assert    retarget_io.o
    0x0800223c   0x0800223c   0x00000008   Code   RO         4112    i.__aeabi_errno_addr  mc_w.l(errno.o)
    0x08002244   0x08002244   0x0000000c   Code   RO         4113    i.__read_errno      mc_w.l(errno.o)
    0x08002250   0x08002250   0x0000000e   Code   RO         4197    i.__scatterload_copy  mc_w.l(handlers.o)
    0x0800225e   0x0800225e   0x00000002   Code   RO         4198    i.__scatterload_null  mc_w.l(handlers.o)
    0x08002260   0x08002260   0x0000000e   Code   RO         4199    i.__scatterload_zeroinit  mc_w.l(handlers.o)
    0x0800226e   0x0800226e   0x00000002   PAD
    0x08002270   0x08002270   0x0000000c   Code   RO         4114    i.__set_errno       mc_w.l(errno.o)
    0x0800227c   0x0800227c   0x00000184   Code   RO         4058    i._fp_digits        mc_w.l(printfa.o)
    0x08002400   0x08002400   0x0000000e   Code   RO         4180    i._is_digit         mc_w.l(scanf_fp.o)
    0x0800240e   0x0800240e   0x00000002   PAD
    0x08002410   0x08002410   0x000006b4   Code   RO         4059    i._printf_core      mc_w.l(printfa.o)
    0x08002ac4   0x08002ac4   0x00000024   Code   RO         4060    i._printf_post_padding  mc_w.l(printfa.o)
    0x08002ae8   0x08002ae8   0x0000002e   Code   RO         4061    i._printf_pre_padding  mc_w.l(printfa.o)
    0x08002b16   0x08002b16   0x0000000a   Code   RO         4063    i._sputc            mc_w.l(printfa.o)
    0x08002b20   0x08002b20   0x00000004   Code   RO         3744    i.abort             retarget_io.o
    0x08002b24   0x08002b24   0x00000118   Code   RO          543    i.arraySearch       core_json.o
    0x08002c3c   0x08002c3c   0x0000002a   Code   RO         3801    i.atof              m_ws.l(atof.o)
    0x08002c66   0x08002c66   0x00000018   Code   RO          544    i.countHighBits     core_json.o
    0x08002c7e   0x08002c7e   0x00000002   PAD
    0x08002c80   0x08002c80   0x00000130   Code   RO          375    i.esp8266_init      esp8266.o
    0x08002db0   0x08002db0   0x000000a0   Code   RO          376    i.esp8266_receive_data  esp8266.o
    0x08002e50   0x08002e50   0x00000050   Code   RO          377    i.esp8266_send_data  esp8266.o
    0x08002ea0   0x08002ea0   0x00000010   Code   RO          301    i.fputc             serial.o
    0x08002eb0   0x08002eb0   0x00000018   Code   RO         3807    i.fputs             mc_w.l(fputs.o)
    0x08002ec8   0x08002ec8   0x00000040   Code   RO          545    i.getType           core_json.o
    0x08002f08   0x08002f08   0x00000060   Code   RO          546    i.hexToInt          core_json.o
    0x08002f68   0x08002f68   0x00000030   Code   RO          187    i.main              main.o
    0x08002f98   0x08002f98   0x000001e0   Code   RO          548    i.multiSearch       core_json.o
    0x08003178   0x08003178   0x00000188   Code   RO          549    i.nextKeyValuePair  core_json.o
    0x08003300   0x08003300   0x00000104   Code   RO          550    i.nextValue         core_json.o
    0x08003404   0x08003404   0x00000150   Code   RO          551    i.objectSearch      core_json.o
    0x08003554   0x08003554   0x00000104   Code   RO          378    i.parse_json_msg    esp8266.o
    0x08003658   0x08003658   0x000000a8   Code   RO          552    i.shortestUTF8      core_json.o
    0x08003700   0x08003700   0x00000060   Code   RO          553    i.skipAnyLiteral    core_json.o
    0x08003760   0x08003760   0x00000038   Code   RO          554    i.skipAnyScalar     core_json.o
    0x08003798   0x08003798   0x0000009c   Code   RO          555    i.skipArrayScalars  core_json.o
    0x08003834   0x08003834   0x00000134   Code   RO          556    i.skipCollection    core_json.o
    0x08003968   0x08003968   0x00000098   Code   RO          557    i.skipDecimals      core_json.o
    0x08003a00   0x08003a00   0x000000dc   Code   RO          558    i.skipDigits        core_json.o
    0x08003adc   0x08003adc   0x00000110   Code   RO          559    i.skipEscape        core_json.o
    0x08003bec   0x08003bec   0x000000bc   Code   RO          560    i.skipExponent      core_json.o
    0x08003ca8   0x08003ca8   0x000000e0   Code   RO          561    i.skipHexEscape     core_json.o
    0x08003d88   0x08003d88   0x000000c8   Code   RO          562    i.skipLiteral       core_json.o
    0x08003e50   0x08003e50   0x000000cc   Code   RO          563    i.skipNumber        core_json.o
    0x08003f1c   0x08003f1c   0x000000f4   Code   RO          564    i.skipObjectScalars  core_json.o
    0x08004010   0x08004010   0x000000f8   Code   RO          565    i.skipOneHexEscape  core_json.o
    0x08004108   0x08004108   0x000000cc   Code   RO          566    i.skipQueryPart     core_json.o
    0x080041d4   0x080041d4   0x0000007c   Code   RO          567    i.skipScalars       core_json.o
    0x08004250   0x08004250   0x00000098   Code   RO          568    i.skipSpace         core_json.o
    0x080042e8   0x080042e8   0x000000bc   Code   RO          569    i.skipSpaceAndComma  core_json.o
    0x080043a4   0x080043a4   0x000000e4   Code   RO          570    i.skipString        core_json.o
    0x08004488   0x08004488   0x00000098   Code   RO          571    i.skipUTF8          core_json.o
    0x08004520   0x08004520   0x00000134   Code   RO          572    i.skipUTF8MultiByte  core_json.o
    0x08004654   0x08004654   0x00000078   Code   RO          573    i.strnEq            core_json.o
    0x080046cc   0x080046cc   0x0000000c   Data   RO          380    .constdata          esp8266.o
    0x080046d8   0x080046d8   0x000005f0   Data   RO          447    .constdata          oled.o
    0x08004cc8   0x08004cc8   0x00000081   Data   RO         4149    .constdata          mc_w.l(ctype_o.o)
    0x08004d49   0x08004d49   0x00000003   PAD
    0x08004d4c   0x08004d4c   0x00000004   Data   RO         4150    .constdata          mc_w.l(ctype_o.o)
    0x08004d50   0x08004d50   0x000000fb   Data   RO          381    .conststring        esp8266.o
    0x08004e4b   0x08004e4b   0x00000001   PAD
    0x08004e4c   0x08004e4c   0x00000020   Data   RO         4195    Region$$Table       anon$$obj.o


    Execution Region RW_IRAM1 (Exec base: 0x20000000, Load base: 0x08004e6c, Size: 0x000007f8, Max: 0x00005000, ABSOLUTE, COMPRESSED[0x0000019c])

    Exec Addr    Load Addr    Size         Type   Attr      Idx    E Section Name        Object

    0x20000000   COMPRESSED   0x00000002   Data   RW          302    .data               serial.o
    0x20000002   COMPRESSED   0x000001d5   Data   RW          382    .data               esp8266.o
    0x200001d7   COMPRESSED   0x00000014   Data   RW         2348    .data               stm32f10x_rcc.o
    0x200001eb   COMPRESSED   0x00000001   PAD
    0x200001ec   COMPRESSED   0x00000004   Data   RW         3811    .data               mc_w.l(stderr.o)
    0x200001f0   COMPRESSED   0x00000004   Data   RW         4115    .data               mc_w.l(errno.o)
    0x200001f4        -       0x00000200   Zero   RW          379    .bss                esp8266.o
    0x200003f4   COMPRESSED   0x00000004   PAD
    0x200003f8        -       0x00000400   Zero   RW          744    STACK               startup_stm32f10x_md.o


==============================================================================

Image component sizes


      Code (inc. data)   RO Data    RW Data    ZI Data      Debug   Object Name

         0          0          0          0          0         32   core_cm3.o
      6406       2326          0          0          0      27270   core_json.o
        70          0          0          0          0        914   delay.o
       928        282        263        469        512       6084   esp8266.o
        84          8          0          0          0        901   led.o
        80          4          0          0          0       2104   main.o
       132         22          0          0          0       1475   misc.o
       814         22       1520          0          0       7457   oled.o
       160         46          0          0          0       1165   retarget_io.o
       342         34          0          2          0       4762   serial.o
        36          8        236          0       1024        776   startup_stm32f10x_md.o
       314          0          0          0          0       4129   stm32f10x_gpio.o
        26          0          0          0          0      51514   stm32f10x_it.o
       244         26          0         20          0       3793   stm32f10x_rcc.o
       246         42          0          0          0       3434   stm32f10x_tim.o
       472          6          0          0          0       6639   stm32f10x_usart.o
       328         28          0          0          0       1729   system_stm32f10x.o
       108          6          0          0          0     203993   timer.o

    ----------------------------------------------------------------------
     10810       2860       2052        492       1540     328171   Object Totals
         0          0         32          0          0          0   (incl. Generated)
        20          0          1          1          4          0   (incl. Padding)

    ----------------------------------------------------------------------

      Code (inc. data)   RO Data    RW Data    ZI Data      Debug   Library Member Name

        42          0          0          0          0         84   atof.o
        56          8          0          0          0         84   __0sscanf.o
        94          0          0          0          0          0   __dclz77c.o
        28          0          0          0          0         68   _chval.o
       816          6          0          0          0        112   _scanf.o
       332          0          0          0          0         96   _scanf_int.o
       224          0          0          0          0         96   _scanf_str.o
        64          0          0          0          0         84   _sgetc.o
       158          0          0          0          0         92   _strtoul.o
        26          0          0          0          0         80   atoi.o
         8          4        133          0          0         68   ctype_o.o
         0          0          0          0          0          0   entry.o
         0          0          0          0          0          0   entry10a.o
         0          0          0          0          0          0   entry11a.o
         4          0          0          0          0          0   entry12b.o
         8          4          0          0          0          0   entry2.o
         4          0          0          0          0          0   entry5.o
         0          0          0          0          0          0   entry7b.o
         0          0          0          0          0          0   entry8b.o
         8          4          0          0          0          0   entry9a.o
        32         16          0          4          0        204   errno.o
        24          0          0          0          0         80   fputs.o
        30          0          0          0          0          0   handlers.o
        36          8          0          0          0         68   init.o
        18          0          0          0          0         76   isspace_o.o
         0          0          0          0          0          0   iusefp.o
        30          0          0          0          0         68   llshl.o
        36          0          0          0          0         68   llsshr.o
        32          0          0          0          0         68   llushr.o
        36          0          0          0          0        108   memseta.o
      2236         86          0          0          0        532   printfa.o
        40          8          0          0          0         84   scanf_char.o
       878         12          0          0          0        216   scanf_fp.o
         0          0          0          4          0          0   stderr.o
        14          0          0          0          0         68   strlen.o
        36          0          0          0          0         80   strstr.o
       156         12          0          0          0        120   strtod.o
       112          0          0          0          0         88   strtol.o
        44          0          0          0          0         80   uidiv.o
        98          0          0          0          0         92   uldiv.o
        48          0          0          0          0         68   cdrcmple.o
        56          0          0          0          0         88   d2f.o
       334          0          0          0          0        148   dadd.o
       222          0          0          0          0        100   ddiv.o
       186          0          0          0          0        176   depilogue.o
        50          0          0          0          0         76   dfixui.o
        48          0          0          0          0         68   dfixul.o
        24          0          0          0          0         76   dfltul.o
       228          0          0          0          0         96   dmul.o
       110          0          0          0          0        168   fepilogue.o

    ----------------------------------------------------------------------
      7078        168        136          8          0       4028   Library Totals
        12          0          3          0          0          0   (incl. Padding)

    ----------------------------------------------------------------------

      Code (inc. data)   RO Data    RW Data    ZI Data      Debug   Library Name

        42          0          0          0          0         84   m_ws.l
      5718        168        133          8          0       2880   mc_w.l
      1306          0          0          0          0       1064   mf_w.l

    ----------------------------------------------------------------------
      7078        168        136          8          0       4028   Library Totals

    ----------------------------------------------------------------------

==============================================================================


      Code (inc. data)   RO Data    RW Data    ZI Data      Debug   

     17888       3028       2188        500       1540     325307   Grand Totals
     17888       3028       2188        412       1540     325307   ELF Image Totals (compressed)
     17888       3028       2188        412          0          0   ROM Totals

==============================================================================

    Total RO  Size (Code + RO Data)                20076 (  19.61kB)
    Total RW  Size (RW Data + ZI Data)              2040 (   1.99kB)
    Total ROM Size (Code + RO Data + RW Data)      20488 (  20.01kB)

==============================================================================

