Component: ARM Compiler 5.06 update 7 for Certification (build 960) Tool: armlink [4d3601]

==============================================================================

Section Cross References

    system_stm32f10x.o(i.SystemCoreClockUpdate) refers to system_stm32f10x.o(.data) for .data
    system_stm32f10x.o(i.SystemInit) refers to system_stm32f10x.o(i.SetSysClockTo72) for SetSysClockTo72
    main.o(i.TIM1_UP_IRQHandler) refers to stm32f10x_tim.o(i.TIM_GetITStatus) for TIM_GetITStatus
    main.o(i.TIM1_UP_IRQHandler) refers to stm32f10x_tim.o(i.TIM_ClearITPendingBit) for TIM_ClearITPendingBit
    main.o(i.TIM1_UP_IRQHandler) refers to led.o(i.LED0_Toggle) for LED0_Toggle
    main.o(i.main) refers to misc.o(i.NVIC_PriorityGroupConfig) for NVIC_PriorityGroupConfig
    main.o(i.main) refers to servo.o(i.Servo_Init) for Servo_Init
    main.o(i.main) refers to servo.o(i.Servo_SetAngle) for Servo_SetAngle
    main.o(i.u8g2_Config) refers to u8g2_d_setup.o(i.u8g2_Setup_ssd1306_i2c_128x64_noname_f) for u8g2_Setup_ssd1306_i2c_128x64_noname_f
    main.o(i.u8g2_Config) refers to u8x8_display.o(i.u8x8_InitDisplay) for u8x8_InitDisplay
    main.o(i.u8g2_Config) refers to u8x8_display.o(i.u8x8_SetPowerSave) for u8x8_SetPowerSave
    main.o(i.u8g2_Config) refers to u8g2_buffer.o(i.u8g2_ClearBuffer) for u8g2_ClearBuffer
    main.o(i.u8g2_Config) refers to mui_u8g2.o(i.u8g2_gpio_and_delay_stm32) for u8g2_gpio_and_delay_stm32
    main.o(i.u8g2_Config) refers to u8x8_byte.o(i.u8x8_byte_hw_i2c) for u8x8_byte_hw_i2c
    main.o(i.u8g2_Config) refers to u8g2_setup.o(.constdata) for u8g2_cb_r0
    main.o(i.u8g2_Config) refers to main.o(.bss) for .bss
    timer.o(i.Timer_Init) refers to stm32f10x_rcc.o(i.RCC_APB2PeriphClockCmd) for RCC_APB2PeriphClockCmd
    timer.o(i.Timer_Init) refers to stm32f10x_tim.o(i.TIM_TimeBaseInit) for TIM_TimeBaseInit
    timer.o(i.Timer_Init) refers to stm32f10x_tim.o(i.TIM_ITConfig) for TIM_ITConfig
    timer.o(i.Timer_Init) refers to misc.o(i.NVIC_Init) for NVIC_Init
    timer.o(i.Timer_Init) refers to stm32f10x_tim.o(i.TIM_Cmd) for TIM_Cmd
    led.o(i.LED0_Toggle) refers to stm32f10x_gpio.o(i.GPIO_ReadOutputDataBit) for GPIO_ReadOutputDataBit
    led.o(i.LED0_Toggle) refers to stm32f10x_gpio.o(i.GPIO_ResetBits) for GPIO_ResetBits
    led.o(i.LED0_Toggle) refers to stm32f10x_gpio.o(i.GPIO_SetBits) for GPIO_SetBits
    led.o(i.LED1_Toggle) refers to stm32f10x_gpio.o(i.GPIO_ReadOutputDataBit) for GPIO_ReadOutputDataBit
    led.o(i.LED1_Toggle) refers to stm32f10x_gpio.o(i.GPIO_ResetBits) for GPIO_ResetBits
    led.o(i.LED1_Toggle) refers to stm32f10x_gpio.o(i.GPIO_SetBits) for GPIO_SetBits
    led.o(i.LED_Init) refers to stm32f10x_rcc.o(i.RCC_APB2PeriphClockCmd) for RCC_APB2PeriphClockCmd
    led.o(i.LED_Init) refers to stm32f10x_gpio.o(i.GPIO_Init) for GPIO_Init
    led.o(i.LED_Init) refers to stm32f10x_gpio.o(i.GPIO_ResetBits) for GPIO_ResetBits
    serial.o(i.Serial_GetRxData) refers to serial.o(.data) for .data
    serial.o(i.Serial_GetRxFlag) refers to serial.o(.data) for .data
    serial.o(i.Serial_Printf) refers to printfa.o(i.__0vsprintf) for vsprintf
    serial.o(i.Serial_Printf) refers to serial.o(i.Serial_SendString) for Serial_SendString
    serial.o(i.Serial_SendArray) refers to serial.o(i.Serial_SendByte) for Serial_SendByte
    serial.o(i.Serial_SendByte) refers to stm32f10x_usart.o(i.USART_SendData) for USART_SendData
    serial.o(i.Serial_SendByte) refers to stm32f10x_usart.o(i.USART_GetFlagStatus) for USART_GetFlagStatus
    serial.o(i.Serial_SendNumber) refers to serial.o(i.Serial_Pow) for Serial_Pow
    serial.o(i.Serial_SendNumber) refers to serial.o(i.Serial_SendByte) for Serial_SendByte
    serial.o(i.Serial_SendString) refers to serial.o(i.Serial_SendByte) for Serial_SendByte
    serial.o(i.USART1_IRQHandler) refers to stm32f10x_usart.o(i.USART_GetITStatus) for USART_GetITStatus
    serial.o(i.USART1_IRQHandler) refers to stm32f10x_usart.o(i.USART_ReceiveData) for USART_ReceiveData
    serial.o(i.USART1_IRQHandler) refers to stm32f10x_usart.o(i.USART_ClearITPendingBit) for USART_ClearITPendingBit
    serial.o(i.USART1_IRQHandler) refers to serial.o(.data) for .data
    serial.o(i.USART1_IRQHandler) refers to esp8266.o(.bss) for receive_buf
    serial.o(i.USART1_IRQHandler) refers to esp8266.o(.data) for receive_count
    serial.o(i.USART1_Init) refers to stm32f10x_rcc.o(i.RCC_APB2PeriphClockCmd) for RCC_APB2PeriphClockCmd
    serial.o(i.USART1_Init) refers to stm32f10x_gpio.o(i.GPIO_Init) for GPIO_Init
    serial.o(i.USART1_Init) refers to stm32f10x_usart.o(i.USART_Init) for USART_Init
    serial.o(i.USART1_Init) refers to stm32f10x_usart.o(i.USART_ITConfig) for USART_ITConfig
    serial.o(i.USART1_Init) refers to misc.o(i.NVIC_PriorityGroupConfig) for NVIC_PriorityGroupConfig
    serial.o(i.USART1_Init) refers to misc.o(i.NVIC_Init) for NVIC_Init
    serial.o(i.USART1_Init) refers to stm32f10x_usart.o(i.USART_Cmd) for USART_Cmd
[...]
    Removing u8g2_fonts.o(.constdata), (1198 bytes).
    Removing u8g2_fonts.o(.constdata), (1452 bytes).
    Removing u8g2_fonts.o(.constdata), (1892 bytes).
    Removing u8g2_fonts.o(.constdata), (2267 bytes).
    Removing u8g2_fonts.o(.constdata), (2721 bytes).
    Removing u8g2_fonts.o(.constdata), (3116 bytes).
    Removing u8g2_fonts.o(.constdata), (3822 bytes).
    Removing u8g2_fonts.o(.constdata), (3038 bytes).
    Removing u8g2_fonts.o(.constdata), (1428 bytes).
    Removing u8g2_fonts.o(.constdata), (259 bytes).
    Removing u8g2_fonts.o(.constdata), (3906 bytes).
    Removing u8g2_fonts.o(.constdata), (1801 bytes).
    Removing u8g2_fonts.o(.constdata), (321 bytes).
    Removing u8g2_fonts.o(.constdata), (4636 bytes).
    Removing u8g2_fonts.o(.constdata), (2165 bytes).
    Removing u8g2_fonts.o(.constdata), (379 bytes).
    Removing u8g2_fonts.o(.constdata), (5444 bytes).
    Removing u8g2_fonts.o(.constdata), (2514 bytes).
    Removing u8g2_fonts.o(.constdata), (430 bytes).
    Removing u8g2_fonts.o(.constdata), (7317 bytes).
    Removing u8g2_fonts.o(.constdata), (3338 bytes).
    Removing u8g2_fonts.o(.constdata), (555 bytes).
    Removing u8g2_fonts.o(.constdata), (8797 bytes).
    Removing u8g2_fonts.o(.constdata), (4026 bytes).
    Removing u8g2_fonts.o(.constdata), (660 bytes).
    Removing u8g2_fonts.o(.constdata), (10388 bytes).
    Removing u8g2_fonts.o(.constdata), (4786 bytes).
    Removing u8g2_fonts.o(.constdata), (780 bytes).
    Removing u8g2_fonts.o(.constdata), (12870 bytes).
    Removing u8g2_fonts.o(.constdata), (5849 bytes).
    Removing u8g2_fonts.o(.constdata), (933 bytes).
    Removing u8g2_fonts.o(.constdata), (1157 bytes).
    Removing u8g2_fonts.o(.constdata), (813 bytes).
    Removing u8g2_fonts.o(.constdata), (1004 bytes).
    Removing u8g2_fonts.o(.constdata), (1186 bytes).
    Removing u8g2_fonts.o(.constdata), (1434 bytes).
    Removing u8g2_fonts.o(.constdata), (1834 bytes).
    Removing u8g2_fonts.o(.constdata), (2238 bytes).
    Removing u8g2_fonts.o(.constdata), (2635 bytes).
    Removing u8g2_fonts.o(.constdata), (3049 bytes).
    Removing u8g2_fonts.o(.constdata), (3747 bytes).
    Removing u8g2_fonts.o(.constdata), (5811 bytes).
    Removing u8g2_fonts.o(.constdata), (2724 bytes).
    Removing u8g2_fonts.o(.constdata), (483 bytes).
    Removing u8g2_fonts.o(.constdata), (6849 bytes).
    Removing u8g2_fonts.o(.constdata), (3210 bytes).
    Removing u8g2_fonts.o(.constdata), (564 bytes).
    Removing u8g2_fonts.o(.constdata), (8645 bytes).
    Removing u8g2_fonts.o(.constdata), (4017 bytes).
    Removing u8g2_fonts.o(.constdata), (680 bytes).
    Removing u8g2_fonts.o(.constdata), (9807 bytes).
    Removing u8g2_fonts.o(.constdata), (4534 bytes).
    Removing u8g2_fonts.o(.constdata), (750 bytes).
    Removing u8g2_fonts.o(.constdata), (12564 bytes).
    Removing u8g2_fonts.o(.constdata), (5892 bytes).
    Removing u8g2_fonts.o(.constdata), (990 bytes).
    Removing u8g2_fonts.o(.constdata), (15152 bytes).
    Removing u8g2_fonts.o(.constdata), (7032 bytes).
    Removing u8g2_fonts.o(.constdata), (1185 bytes).
    Removing u8g2_fonts.o(.constdata), (5874 bytes).
    Removing u8g2_fonts.o(.constdata), (2765 bytes).
    Removing u8g2_fonts.o(.constdata), (445 bytes).
    Removing u8g2_fonts.o(.constdata), (6849 bytes).
    Removing u8g2_fonts.o(.constdata), (3234 bytes).
    Removing u8g2_fonts.o(.constdata), (538 bytes).
    Removing u8g2_fonts.o(.constdata), (8728 bytes).
    Removing u8g2_fonts.o(.constdata), (4103 bytes).
    Removing u8g2_fonts.o(.constdata), (644 bytes).
    Removing u8g2_fonts.o(.constdata), (10232 bytes).
    Removing u8g2_fonts.o(.constdata), (4765 bytes).
    Removing u8g2_fonts.o(.constdata), (740 bytes).
    Removing u8g2_fonts.o(.constdata), (12388 bytes).
    Removing u8g2_fonts.o(.constdata), (5799 bytes).
    Removing u8g2_fonts.o(.constdata), (916 bytes).
    Removing u8g2_fonts.o(.constdata), (15016 bytes).
    Removing u8g2_fonts.o(.constdata), (6960 bytes).
    Removing u8g2_fonts.o(.constdata), (1101 bytes).
    Removing u8g2_fonts.o(.constdata), (5490 bytes).
    Removing u8g2_fonts.o(.constdata), (2451 bytes).
    Removing u8g2_fonts.o(.constdata), (428 bytes).
    Removing u8g2_fonts.o(.constdata), (6519 bytes).
    Removing u8g2_fonts.o(.constdata), (2937 bytes).
    Removing u8g2_fonts.o(.constdata), (502 bytes).
    Removing u8g2_fonts.o(.constdata), (7756 bytes).
    Removing u8g2_fonts.o(.constdata), (3502 bytes).
    Removing u8g2_fonts.o(.constdata), (590 bytes).
    Removing u8g2_fonts.o(.constdata), (8590 bytes).
    Removing u8g2_fonts.o(.constdata), (3845 bytes).
    Removing u8g2_fonts.o(.constdata), (631 bytes).
    Removing u8g2_fonts.o(.constdata), (6768 bytes).
    Removing u8g2_fonts.o(.constdata), (9648 bytes).
    Removing u8g2_fonts.o(.constdata), (4351 bytes).
    Removing u8g2_fonts.o(.constdata), (693 bytes).
    Removing u8g2_fonts.o(.constdata), (7694 bytes).
    Removing u8g2_fonts.o(.constdata), (10688 bytes).
    Removing u8g2_fonts.o(.constdata), (4840 bytes).
    Removing u8g2_fonts.o(.constdata), (790 bytes).
    Removing u8g2_fonts.o(.constdata), (9154 bytes).
    Removing u8g2_fonts.o(.constdata), (11647 bytes).
    Removing u8g2_fonts.o(.constdata), (5195 bytes).
    Removing u8g2_fonts.o(.constdata), (853 bytes).
    Removing u8g2_fonts.o(.constdata), (9782 bytes).
    Removing u8g2_fonts.o(.constdata), (13833 bytes).
    Removing u8g2_fonts.o(.constdata), (6224 bytes).
    Removing u8g2_fonts.o(.constdata), (992 bytes).
    Removing u8g2_fonts.o(.constdata), (11772 bytes).
    Removing u8g2_fonts.o(.constdata), (16079 bytes).
    Removing u8g2_fonts.o(.constdata), (7149 bytes).
    Removing u8g2_fonts.o(.constdata), (1091 bytes).
    Removing u8g2_fonts.o(.constdata), (12805 bytes).
    Removing u8g2_fonts.o(.constdata), (17772 bytes).
    Removing u8g2_fonts.o(.constdata), (7922 bytes).
    Removing u8g2_fonts.o(.constdata), (1270 bytes).
    Removing u8g2_fonts.o(.constdata), (14315 bytes).
    Removing u8g2_fonts.o(.constdata), (18950 bytes).
    Removing u8g2_fonts.o(.constdata), (8497 bytes).
    Removing u8g2_fonts.o(.constdata), (1319 bytes).
    Removing u8g2_fonts.o(.constdata), (15126 bytes).
    Removing u8g2_fonts.o(.constdata), (20593 bytes).
    Removing u8g2_fonts.o(.constdata), (9281 bytes).
    Removing u8g2_fonts.o(.constdata), (1446 bytes).
    Removing u8g2_fonts.o(.constdata), (17255 bytes).
    Removing u8g2_fonts.o(.constdata), (1608 bytes).
    Removing u8g2_fonts.o(.constdata), (1707 bytes).
    Removing u8g2_fonts.o(.constdata), (5568 bytes).
    Removing u8g2_fonts.o(.constdata), (2514 bytes).
    Removing u8g2_fonts.o(.constdata), (442 bytes).
    Removing u8g2_fonts.o(.constdata), (6542 bytes).
    Removing u8g2_fonts.o(.constdata), (2922 bytes).
    Removing u8g2_fonts.o(.constdata), (501 bytes).
    Removing u8g2_fonts.o(.constdata), (7872 bytes).
    Removing u8g2_fonts.o(.constdata), (3535 bytes).
    Removing u8g2_fonts.o(.constdata), (568 bytes).
    Removing u8g2_fonts.o(.constdata), (8821 bytes).
    Removing u8g2_fonts.o(.constdata), (3919 bytes).
    Removing u8g2_fonts.o(.constdata), (644 bytes).
    Removing u8g2_fonts.o(.constdata), (9860 bytes).
    Removing u8g2_fonts.o(.constdata), (4408 bytes).
    Removing u8g2_fonts.o(.constdata), (748 bytes).
    Removing u8g2_fonts.o(.constdata), (10923 bytes).
    Removing u8g2_fonts.o(.constdata), (4963 bytes).
    Removing u8g2_fonts.o(.constdata), (807 bytes).
    Removing u8g2_fonts.o(.constdata), (12050 bytes).
    Removing u8g2_fonts.o(.constdata), (5348 bytes).
    Removing u8g2_fonts.o(.constdata), (881 bytes).
    Removing u8g2_fonts.o(.constdata), (13822 bytes).
    Removing u8g2_fonts.o(.constdata), (6118 bytes).
    Removing u8g2_fonts.o(.constdata), (1009 bytes).
    Removing u8g2_fonts.o(.constdata), (15573 bytes).
    Removing u8g2_fonts.o(.constdata), (6815 bytes).
    Removing u8g2_fonts.o(.constdata), (1109 bytes).
    Removing u8g2_fonts.o(.constdata), (17502 bytes).
    Removing u8g2_fonts.o(.constdata), (7785 bytes).
    Removing u8g2_fonts.o(.constdata), (1245 bytes).
    Removing u8g2_fonts.o(.constdata), (18847 bytes).
    Removing u8g2_fonts.o(.constdata), (8450 bytes).
    Removing u8g2_fonts.o(.constdata), (1343 bytes).
    Removing u8g2_fonts.o(.constdata), (20779 bytes).
    Removing u8g2_fonts.o(.constdata), (9320 bytes).
    Removing u8g2_fonts.o(.constdata), (1501 bytes).
    Removing u8g2_fonts.o(.constdata), (1627 bytes).
    Removing u8g2_fonts.o(.constdata), (1747 bytes).
    Removing u8g2_fonts.o(.constdata), (3048 bytes).
    Removing u8g2_fonts.o(.constdata), (1564 bytes).
    Removing u8g2_fonts.o(.constdata), (287 bytes).
    Removing u8g2_fonts.o(.constdata), (3634 bytes).
    Removing u8g2_fonts.o(.constdata), (1877 bytes).
    Removing u8g2_fonts.o(.constdata), (311 bytes).
    Removing u8g2_fonts.o(.constdata), (4144 bytes).
    Removing u8g2_fonts.o(.constdata), (2226 bytes).
    Removing u8g2_fonts.o(.constdata), (382 bytes).
    Removing u8g2_fonts.o(.constdata), (4240 bytes).
    Removing u8g2_fonts.o(.constdata), (2268 bytes).
    Removing u8g2_fonts.o(.constdata), (387 bytes).
    Removing u8g2_fonts.o(.constdata), (4466 bytes).
    Removing u8g2_fonts.o(.constdata), (2410 bytes).
    Removing u8g2_fonts.o(.constdata), (421 bytes).
    Removing u8g2_fonts.o(.constdata), (4896 bytes).
    Removing u8g2_fonts.o(.constdata), (2646 bytes).
    Removing u8g2_fonts.o(.constdata), (438 bytes).
    Removing u8g2_fonts.o(.constdata), (4900 bytes).
    Removing u8g2_fonts.o(.constdata), (2646 bytes).
    Removing u8g2_fonts.o(.constdata), (427 bytes).
    Removing u8g2_fonts.o(.constdata), (5374 bytes).
    Removing u8g2_fonts.o(.constdata), (2914 bytes).
    Removing u8g2_fonts.o(.constdata), (481 bytes).
    Removing u8g2_fonts.o(.constdata), (5664 bytes).
    Removing u8g2_fonts.o(.constdata), (3097 bytes).
    Removing u8g2_fonts.o(.constdata), (525 bytes).
    Removing u8g2_fonts.o(.constdata), (6152 bytes).
    Removing u8g2_fonts.o(.constdata), (3347 bytes).
    Removing u8g2_fonts.o(.constdata), (534 bytes).
    Removing u8g2_fonts.o(.constdata), (6803 bytes).
    Removing u8g2_fonts.o(.constdata), (3732 bytes).
    Removing u8g2_fonts.o(.constdata), (607 bytes).
    Removing u8g2_fonts.o(.constdata), (8216 bytes).
    Removing u8g2_fonts.o(.constdata), (4625 bytes).
    Removing u8g2_fonts.o(.constdata), (724 bytes).
    Removing u8g2_fonts.o(.constdata), (8679 bytes).
    Removing u8g2_fonts.o(.constdata), (4912 bytes).
    Removing u8g2_fonts.o(.constdata), (783 bytes).
    Removing u8g2_fonts.o(.constdata), (9494 bytes).
    Removing u8g2_fonts.o(.constdata), (5354 bytes).
    Removing u8g2_fonts.o(.constdata), (851 bytes).
    Removing u8g2_fonts.o(.constdata), (10072 bytes).
    Removing u8g2_fonts.o(.constdata), (5661 bytes).
    Removing u8g2_fonts.o(.constdata), (880 bytes).
    Removing u8g2_fonts.o(.constdata), (10902 bytes).
    Removing u8g2_fonts.o(.constdata), (6176 bytes).
    Removing u8g2_fonts.o(.constdata), (974 bytes).
    Removing u8g2_fonts.o(.constdata), (983 bytes).
    Removing u8g2_fonts.o(.constdata), (1332 bytes).
    Removing u8g2_fonts.o(.constdata), (1624 bytes).
    Removing u8g2_fonts.o(.constdata), (2538 bytes).
    Removing u8g2_fonts.o(.constdata), (1226 bytes).
    Removing u8g2_fonts.o(.constdata), (235 bytes).
    Removing u8g2_fonts.o(.constdata), (831 bytes).
    Removing u8g2_fonts.o(.constdata), (2225 bytes).
    Removing u8g2_fonts.o(.constdata), (1201 bytes).
    Removing u8g2_fonts.o(.constdata), (239 bytes).
    Removing u8g2_fonts.o(.constdata), (814 bytes).
    Removing u8g2_fonts.o(.constdata), (2538 bytes).
    Removing u8g2_fonts.o(.constdata), (1261 bytes).
    Removing u8g2_fonts.o(.constdata), (245 bytes).
    Removing u8g2_fonts.o(.constdata), (853 bytes).
    Removing u8g2_fonts.o(.constdata), (2395 bytes).
    Removing u8g2_fonts.o(.constdata), (1189 bytes).
    Removing u8g2_fonts.o(.constdata), (234 bytes).
    Removing u8g2_fonts.o(.constdata), (808 bytes).
    Removing u8g2_fonts.o(.constdata), (2532 bytes).
    Removing u8g2_fonts.o(.constdata), (1243 bytes).
    Removing u8g2_fonts.o(.constdata), (242 bytes).
    Removing u8g2_fonts.o(.constdata), (847 bytes).
    Removing u8g2_fonts.o(.constdata), (9464 bytes).
    Removing u8g2_fonts.o(.constdata), (10396 bytes).
    Removing u8g2_fonts.o(.constdata), (2656 bytes).
    Removing u8g2_fonts.o(.constdata), (1266 bytes).
    Removing u8g2_fonts.o(.constdata), (232 bytes).
    Removing u8g2_fonts.o(.constdata), (3410 bytes).
    Removing u8g2_fonts.o(.constdata), (1626 bytes).
    Removing u8g2_fonts.o(.constdata), (268 bytes).
    Removing u8g2_fonts.o(.constdata), (11498 bytes).
    Removing u8g2_fonts.o(.constdata), (14305 bytes).
    Removing u8g2_fonts.o(.constdata), (2639 bytes).
    Removing u8g2_fonts.o(.constdata), (1257 bytes).
    Removing u8g2_fonts.o(.constdata), (231 bytes).
    Removing u8g2_fonts.o(.constdata), (3190 bytes).
    Removing u8g2_fonts.o(.constdata), (1521 bytes).
    Removing u8g2_fonts.o(.constdata), (273 bytes).
    Removing u8g2_fonts.o(.constdata), (11372 bytes).
    Removing u8g2_fonts.o(.constdata), (13451 bytes).
    Removing u8g2_fonts.o(.constdata), (2616 bytes).
    Removing u8g2_fonts.o(.constdata), (1573 bytes).
    Removing u8g2_fonts.o(.constdata), (287 bytes).
    Removing u8g2_fonts.o(.constdata), (3076 bytes).
    Removing u8g2_fonts.o(.constdata), (1915 bytes).
    Removing u8g2_fonts.o(.constdata), (327 bytes).
    Removing u8g2_fonts.o(.constdata), (2427 bytes).
    Removing u8g2_fonts.o(.constdata), (1451 bytes).
    Removing u8g2_fonts.o(.constdata), (284 bytes).
    Removing u8g2_fonts.o(.constdata), (3066 bytes).
    Removing u8g2_fonts.o(.constdata), (1877 bytes).
    Removing u8g2_fonts.o(.constdata), (328 bytes).
    Removing u8g2_hvline.o(i.u8g2_DrawHLine), (12 bytes).
    Removing u8g2_hvline.o(i.u8g2_DrawHVLine), (172 bytes).
    Removing u8g2_hvline.o(i.u8g2_DrawPixel), (46 bytes).
    Removing u8g2_hvline.o(i.u8g2_DrawVLine), (12 bytes).
    Removing u8g2_hvline.o(i.u8g2_SetDrawColor), (16 bytes).
    Removing u8g2_hvline.o(i.u8g2_clip_intersection2), (60 bytes).
    Removing u8g2_hvline.o(i.u8g2_draw_hv_line_2dir), (18 bytes).
    Removing u8g2_input_value.o(i.u8g2_UserInterfaceInputValue), (312 bytes).
    Removing u8g2_intersection.o(i.u8g2_IsIntersection), (48 bytes).
    Removing u8g2_intersection.o(i.u8g2_is_intersection_decision_tree), (24 bytes).
    Removing u8g2_kerning.o(i.u8g2_GetKerning), (84 bytes).
    Removing u8g2_kerning.o(i.u8g2_GetKerningByTable), (52 bytes).
    Removing u8g2_line.o(i.u8g2_DrawLine), (178 bytes).
    Removing u8g2_ll_hvline.o(i.u8g2_ll_hvline_horizontal_right_lsb), (118 bytes).
    Removing u8g2_ll_hvline.o(i.u8g2_ll_hvline_vertical_top_lsb), (144 bytes).
    Removing u8g2_message.o(i.u8g2_UserInterfaceMessage), (288 bytes).
    Removing u8g2_message.o(i.u8g2_draw_button_line), (156 bytes).
    Removing u8g2_polygon.o(i.pg_dec), (18 bytes).
    Removing u8g2_polygon.o(i.pg_exec), (110 bytes).
    Removing u8g2_polygon.o(i.pg_expand_min_y), (46 bytes).
    Removing u8g2_polygon.o(i.pg_hline), (110 bytes).
    Removing u8g2_polygon.o(i.pg_inc), (16 bytes).
    Removing u8g2_polygon.o(i.pg_line_init), (122 bytes).
    Removing u8g2_polygon.o(i.pg_prepare), (160 bytes).
    Removing u8g2_polygon.o(i.pge_Next), (62 bytes).
    Removing u8g2_polygon.o(i.u8g2_AddPolygonXY), (32 bytes).
    Removing u8g2_polygon.o(i.u8g2_ClearPolygonXY), (12 bytes).
    Removing u8g2_polygon.o(i.u8g2_DrawPolygon), (36 bytes).
    Removing u8g2_polygon.o(i.u8g2_DrawTriangle), (60 bytes).
    Removing u8g2_polygon.o(.bss), (76 bytes).
    Removing u8g2_selection_list.o(i.u8g2_DrawSelectionList), (116 bytes).
    Removing u8g2_selection_list.o(i.u8g2_DrawUTF8Line), (202 bytes).
    Removing u8g2_selection_list.o(i.u8g2_DrawUTF8Lines), (88 bytes).
    Removing u8g2_selection_list.o(i.u8g2_UserInterfaceSelectionList), (270 bytes).
    Removing u8g2_setup.o(i.u8g2_SendF), (18 bytes).
    Removing u8g2_setup.o(i.u8g2_SetClipWindow), (28 bytes).
    Removing u8g2_setup.o(i.u8g2_SetDisplayRotation), (22 bytes).
    Removing u8g2_setup.o(i.u8g2_SetMaxClipWindow), (28 bytes).
    Removing u8g2_setup.o(i.u8g2_SetupBuffer), (70 bytes).
    Removing u8g2_setup.o(i.u8g2_Setup_null), (52 bytes).
    Removing u8g2_setup.o(i.u8g2_apply_clip_window), (110 bytes).
    Removing u8g2_setup.o(i.u8g2_draw_l90_mirrorr_r0), (32 bytes).
    Removing u8g2_setup.o(i.u8g2_draw_l90_r0), (12 bytes).
    Removing u8g2_setup.o(i.u8g2_draw_l90_r1), (42 bytes).
    Removing u8g2_setup.o(i.u8g2_draw_l90_r2), (54 bytes).
    Removing u8g2_setup.o(i.u8g2_draw_l90_r3), (42 bytes).
    Removing u8g2_setup.o(i.u8g2_draw_mirror_vertical_r0), (32 bytes).
    Removing u8g2_setup.o(i.u8g2_update_dimension_common), (70 bytes).
    Removing u8g2_setup.o(i.u8g2_update_dimension_r0), (4 bytes).
    Removing u8g2_setup.o(i.u8g2_update_dimension_r1), (24 bytes).
    Removing u8g2_setup.o(i.u8g2_update_dimension_r2), (4 bytes).
    Removing u8g2_setup.o(i.u8g2_update_dimension_r3), (24 bytes).
    Removing u8g2_setup.o(i.u8g2_update_page_win_r0), (34 bytes).
    Removing u8g2_setup.o(i.u8g2_update_page_win_r1), (34 bytes).
    Removing u8g2_setup.o(i.u8g2_update_page_win_r2), (50 bytes).
    Removing u8g2_setup.o(i.u8g2_update_page_win_r3), (50 bytes).
    Removing u8g2_setup.o(.constdata), (12 bytes).
    Removing u8g2_setup.o(.constdata), (12 bytes).
    Removing u8g2_setup.o(.constdata), (12 bytes).
    Removing u8g2_setup.o(.constdata), (12 bytes).
    Removing u8g2_setup.o(.constdata), (12 bytes).
    Removing u8g2_setup.o(.constdata), (12 bytes).
    Removing u8g2_setup.o(.data), (8 bytes).
    Removing u8log.o(i.u8log_Init), (34 bytes).
    Removing u8log.o(i.u8log_SetCallback), (6 bytes).
    Removing u8log.o(i.u8log_SetLineHeightOffset), (4 bytes).
    Removing u8log.o(i.u8log_SetRedrawMode), (4 bytes).
    Removing u8log.o(i.u8log_WriteChar), (34 bytes).
    Removing u8log.o(i.u8log_WriteDec16), (26 bytes).
    Removing u8log.o(i.u8log_WriteDec8), (26 bytes).
    Removing u8log.o(i.u8log_WriteHex16), (24 bytes).
    Removing u8log.o(i.u8log_WriteHex32), (24 bytes).
    Removing u8log.o(i.u8log_WriteHex8), (24 bytes).
    Removing u8log.o(i.u8log_WriteHexHalfByte), (18 bytes).
    Removing u8log.o(i.u8log_WriteString), (24 bytes).
    Removing u8log.o(i.u8log_clear_screen), (26 bytes).
    Removing u8log.o(i.u8log_cursor_on_screen), (94 bytes).
    Removing u8log.o(i.u8log_write_char), (122 bytes).
    Removing u8log_u8g2.o(i.u8g2_DrawLog), (98 bytes).
    Removing u8log_u8g2.o(i.u8log_u8g2_cb), (52 bytes).
    Removing u8log_u8x8.o(i.u8log_u8x8_cb), (48 bytes).
    Removing u8log_u8x8.o(i.u8x8_DrawLog), (48 bytes).
    Removing u8log_u8x8.o(i.u8x8_DrawLogLine), (54 bytes).
    Removing u8x8_8x8.o(i.u8x8_Draw1x2Glyph), (146 bytes).
    Removing u8x8_8x8.o(i.u8x8_Draw1x2String), (16 bytes).
    Removing u8x8_8x8.o(i.u8x8_Draw1x2UTF8), (16 bytes).
    Removing u8x8_8x8.o(i.u8x8_Draw2x2Glyph), (74 bytes).
    Removing u8x8_8x8.o(i.u8x8_Draw2x2String), (16 bytes).
    Removing u8x8_8x8.o(i.u8x8_Draw2x2UTF8), (16 bytes).
    Removing u8x8_8x8.o(i.u8x8_DrawGlyph), (90 bytes).
    Removing u8x8_8x8.o(i.u8x8_DrawString), (16 bytes).
    Removing u8x8_8x8.o(i.u8x8_DrawUTF8), (16 bytes).
    Removing u8x8_8x8.o(i.u8x8_GetUTF8Len), (50 bytes).
    Removing u8x8_8x8.o(i.u8x8_SetFont), (4 bytes).
    Removing u8x8_8x8.o(i.u8x8_ascii_next), (14 bytes).
    Removing u8x8_8x8.o(i.u8x8_draw_1x2_string), (80 bytes).
    Removing u8x8_8x8.o(i.u8x8_draw_2x2_string), (84 bytes).
    Removing u8x8_8x8.o(i.u8x8_draw_2x2_subglyph), (152 bytes).
    Removing u8x8_8x8.o(i.u8x8_draw_string), (80 bytes).
    Removing u8x8_8x8.o(i.u8x8_get_glyph_data), (104 bytes).
    Removing u8x8_8x8.o(i.u8x8_upscale_buf), (26 bytes).
    Removing u8x8_8x8.o(i.u8x8_upscale_byte), (36 bytes).
    Removing u8x8_8x8.o(i.u8x8_utf8_init), (8 bytes).
    Removing u8x8_8x8.o(i.u8x8_utf8_next), (144 bytes).
    Removing u8x8_byte.o(i.I2C_Config), (76 bytes).
    Removing u8x8_byte.o(i.i2c_clear_scl), (8 bytes).
    Removing u8x8_byte.o(i.i2c_clear_sda), (8 bytes).
    Removing u8x8_byte.o(i.i2c_delay), (10 bytes).
    Removing u8x8_byte.o(i.i2c_read_scl_and_delay), (22 bytes).
    Removing u8x8_byte.o(i.i2c_read_sda), (8 bytes).
    Removing u8x8_byte.o(i.i2c_write_bit), (38 bytes).
    Removing u8x8_byte.o(i.i2c_write_byte), (124 bytes).
    Removing u8x8_byte.o(i.u8x8_byte_3wire_sw_spi), (256 bytes).
    Removing u8x8_byte.o(i.u8x8_byte_4wire_sw_spi), (234 bytes).
    Removing u8x8_byte.o(i.u8x8_byte_8bit_6800mode), (216 bytes).
    Removing u8x8_byte.o(i.u8x8_byte_8bit_8080mode), (216 bytes).
    Removing u8x8_byte.o(i.u8x8_byte_EndTransfer), (16 bytes).
    Removing u8x8_byte.o(i.u8x8_byte_SendByte), (14 bytes).
    Removing u8x8_byte.o(i.u8x8_byte_SendBytes), (16 bytes).
    Removing u8x8_byte.o(i.u8x8_byte_SetDC), (16 bytes).
    Removing u8x8_byte.o(i.u8x8_byte_StartTransfer), (16 bytes).
    Removing u8x8_byte.o(i.u8x8_byte_empty), (4 bytes).
    Removing u8x8_byte.o(i.u8x8_byte_hw_i2c), (236 bytes).
    Removing u8x8_byte.o(i.u8x8_byte_ks0108), (210 bytes).
    Removing u8x8_byte.o(i.u8x8_byte_sed1520), (220 bytes).
    Removing u8x8_byte.o(i.u8x8_byte_set_ks0108_cs), (46 bytes).
    Removing u8x8_byte.o(i.u8x8_byte_sw_i2c), (188 bytes).
    Removing u8x8_byte.o(.data), (2 bytes).
    Removing u8x8_cad.o(i.u8x8_SendF), (18 bytes).
    Removing u8x8_cad.o(i.u8x8_cad_001), (82 bytes).
    Removing u8x8_cad.o(i.u8x8_cad_011), (86 bytes).
    Removing u8x8_cad.o(i.u8x8_cad_100), (86 bytes).
    Removing u8x8_cad.o(i.u8x8_cad_110), (82 bytes).
    Removing u8x8_cad.o(i.u8x8_cad_EndTransfer), (16 bytes).
    Removing u8x8_cad.o(i.u8x8_cad_SendArg), (16 bytes).
    Removing u8x8_cad.o(i.u8x8_cad_SendCmd), (16 bytes).
    Removing u8x8_cad.o(i.u8x8_cad_SendData), (16 bytes).
    Removing u8x8_cad.o(i.u8x8_cad_SendMultipleArg), (38 bytes).
    Removing u8x8_cad.o(i.u8x8_cad_SendSequence), (104 bytes).
    Removing u8x8_cad.o(i.u8x8_cad_StartTransfer), (16 bytes).
    Removing u8x8_cad.o(i.u8x8_cad_empty), (44 bytes).
    Removing u8x8_cad.o(i.u8x8_cad_ld7032_i2c), (180 bytes).
    Removing u8x8_cad.o(i.u8x8_cad_ssd13xx_fast_i2c), (188 bytes).
    Removing u8x8_cad.o(i.u8x8_cad_ssd13xx_i2c), (122 bytes).
    Removing u8x8_cad.o(i.u8x8_cad_st75256_i2c), (132 bytes).
    Removing u8x8_cad.o(i.u8x8_cad_st7920_spi), (248 bytes).
    Removing u8x8_cad.o(i.u8x8_cad_uc1638_i2c), (280 bytes).
    Removing u8x8_cad.o(i.u8x8_cad_uc16xx_i2c), (240 bytes).
    Removing u8x8_cad.o(i.u8x8_cad_vsendf), (82 bytes).
    Removing u8x8_cad.o(i.u8x8_gu800_cad_110), (118 bytes).
    Removing u8x8_cad.o(i.u8x8_i2c_data_transfer), (44 bytes).
    Removing u8x8_cad.o(.bss), (16 bytes).
    Removing u8x8_cad.o(.data), (6 bytes).
    Removing u8x8_capture.o(i.u8x8_capture_get_pixel_1), (28 bytes).
    Removing u8x8_capture.o(i.u8x8_capture_get_pixel_2), (32 bytes).
    Removing u8x8_capture.o(i.u8x8_capture_write_pbm_buffer), (96 bytes).
    Removing u8x8_capture.o(i.u8x8_capture_write_pbm_pre), (52 bytes).
    Removing u8x8_capture.o(i.u8x8_capture_write_xbm_buffer), (192 bytes).
    Removing u8x8_capture.o(i.u8x8_capture_write_xbm_pre), (136 bytes).
    Removing u8x8_d_ssd1306_128x64_noname.o(i.u8x8_d_sh1106_128x64_noname), (60 bytes).
    Removing u8x8_d_ssd1306_128x64_noname.o(i.u8x8_d_sh1106_128x64_vcomh0), (60 bytes).
    Removing u8x8_d_ssd1306_128x64_noname.o(i.u8x8_d_sh1106_128x64_winstar), (60 bytes).
    Removing u8x8_d_ssd1306_128x64_noname.o(i.u8x8_d_ssd1306_128x64_alt0), (60 bytes).
    Removing u8x8_d_ssd1306_128x64_noname.o(i.u8x8_d_ssd1306_128x64_noname), (60 bytes).
    Removing u8x8_d_ssd1306_128x64_noname.o(i.u8x8_d_ssd1306_128x64_vcomh0), (60 bytes).
    Removing u8x8_d_ssd1306_128x64_noname.o(i.u8x8_d_ssd1306_sh1106_generic), (200 bytes).
    Removing u8x8_d_ssd1306_128x64_noname.o(i.u8x8_d_ssd1312_128x64_noname), (88 bytes).
    Removing u8x8_d_ssd1306_128x64_noname.o(.constdata), (344 bytes).
    Removing u8x8_debounce.o(i.u8x8_GetMenuEvent), (192 bytes).
    Removing u8x8_display.o(i.u8x8_ClearDisplay), (16 bytes).
    Removing u8x8_display.o(i.u8x8_ClearDisplayWithTile), (58 bytes).
    Removing u8x8_display.o(i.u8x8_ClearLine), (48 bytes).
    Removing u8x8_display.o(i.u8x8_DrawTile), (30 bytes).
    Removing u8x8_display.o(i.u8x8_FillDisplay), (28 bytes).
    Removing u8x8_display.o(i.u8x8_InitDisplay), (16 bytes).
    Removing u8x8_display.o(i.u8x8_InitInterface), (32 bytes).
    Removing u8x8_display.o(i.u8x8_RefreshDisplay), (16 bytes).
    Removing u8x8_display.o(i.u8x8_SetContrast), (16 bytes).
    Removing u8x8_display.o(i.u8x8_SetFlipMode), (16 bytes).
    Removing u8x8_display.o(i.u8x8_SetPowerSave), (16 bytes).
    Removing u8x8_display.o(i.u8x8_SetupMemory), (16 bytes).
    Removing u8x8_display.o(i.u8x8_d_helper_display_init), (96 bytes).
    Removing u8x8_display.o(i.u8x8_d_helper_display_setup_memory), (10 bytes).
    Removing u8x8_fonts.o(.constdata), (1796 bytes).
    Removing u8x8_fonts.o(.constdata), (764 bytes).
    Removing u8x8_fonts.o(.constdata), (220 bytes).
    Removing u8x8_fonts.o(.constdata), (517 bytes).
    Removing u8x8_fonts.o(.constdata), (1796 bytes).
    Removing u8x8_fonts.o(.constdata), (764 bytes).
    Removing u8x8_fonts.o(.constdata), (220 bytes).
    Removing u8x8_fonts.o(.constdata), (1796 bytes).
    Removing u8x8_fonts.o(.constdata), (764 bytes).
    Removing u8x8_fonts.o(.constdata), (220 bytes).
    Removing u8x8_fonts.o(.constdata), (3588 bytes).
    Removing u8x8_fonts.o(.constdata), (1524 bytes).
    Removing u8x8_fonts.o(.constdata), (436 bytes).
    Removing u8x8_fonts.o(.constdata), (3588 bytes).
    Removing u8x8_fonts.o(.constdata), (1524 bytes).
    Removing u8x8_fonts.o(.constdata), (436 bytes).
    Removing u8x8_fonts.o(.constdata), (3588 bytes).
    Removing u8x8_fonts.o(.constdata), (1524 bytes).
    Removing u8x8_fonts.o(.constdata), (436 bytes).
    Removing u8x8_fonts.o(.constdata), (3588 bytes).
    Removing u8x8_fonts.o(.constdata), (1524 bytes).
    Removing u8x8_fonts.o(.constdata), (436 bytes).
    Removing u8x8_fonts.o(.constdata), (229 bytes).
    Removing u8x8_fonts.o(.constdata), (45 bytes).
    Removing u8x8_fonts.o(.constdata), (140 bytes).
    Removing u8x8_fonts.o(.constdata), (148 bytes).
    Removing u8x8_fonts.o(.constdata), (156 bytes).
    Removing u8x8_fonts.o(.constdata), (52 bytes).
    Removing u8x8_fonts.o(.constdata), (900 bytes).
    Removing u8x8_fonts.o(.constdata), (164 bytes).
    Removing u8x8_fonts.o(.constdata), (548 bytes).
    Removing u8x8_fonts.o(.constdata), (580 bytes).
    Removing u8x8_fonts.o(.constdata), (612 bytes).
    Removing u8x8_fonts.o(.constdata), (197 bytes).
    Removing u8x8_fonts.o(.constdata), (3588 bytes).
    Removing u8x8_fonts.o(.constdata), (644 bytes).
    Removing u8x8_fonts.o(.constdata), (2180 bytes).
    Removing u8x8_fonts.o(.constdata), (2308 bytes).
    Removing u8x8_fonts.o(.constdata), (2436 bytes).
    Removing u8x8_fonts.o(.constdata), (772 bytes).
    Removing u8x8_fonts.o(.constdata), (14340 bytes).
    Removing u8x8_fonts.o(.constdata), (2564 bytes).
    Removing u8x8_fonts.o(.constdata), (8708 bytes).
    Removing u8x8_fonts.o(.constdata), (9220 bytes).
    Removing u8x8_fonts.o(.constdata), (9732 bytes).
    Removing u8x8_fonts.o(.constdata), (3076 bytes).
    Removing u8x8_fonts.o(.constdata), (10756 bytes).
    Removing u8x8_fonts.o(.constdata), (4612 bytes).
    Removing u8x8_fonts.o(.constdata), (1300 bytes).
    Removing u8x8_fonts.o(.constdata), (772 bytes).
    Removing u8x8_fonts.o(.constdata), (220 bytes).
    Removing u8x8_fonts.o(.constdata), (517 bytes).
    Removing u8x8_fonts.o(.constdata), (764 bytes).
    Removing u8x8_fonts.o(.constdata), (220 bytes).
    Removing u8x8_fonts.o(.constdata), (517 bytes).
    Removing u8x8_fonts.o(.constdata), (772 bytes).
    Removing u8x8_fonts.o(.constdata), (220 bytes).
    Removing u8x8_fonts.o(.constdata), (517 bytes).
    Removing u8x8_fonts.o(.constdata), (220 bytes).
    Removing u8x8_fonts.o(.constdata), (517 bytes).
    Removing u8x8_fonts.o(.constdata), (772 bytes).
    Removing u8x8_fonts.o(.constdata), (220 bytes).
    Removing u8x8_fonts.o(.constdata), (517 bytes).
    Removing u8x8_fonts.o(.constdata), (772 bytes).
    Removing u8x8_fonts.o(.constdata), (220 bytes).
    Removing u8x8_fonts.o(.constdata), (517 bytes).
    Removing u8x8_fonts.o(.constdata), (772 bytes).
    Removing u8x8_fonts.o(.constdata), (220 bytes).
    Removing u8x8_fonts.o(.constdata), (517 bytes).
    Removing u8x8_fonts.o(.constdata), (10756 bytes).
    Removing u8x8_fonts.o(.constdata), (4564 bytes).
    Removing u8x8_fonts.o(.constdata), (1300 bytes).
    Removing u8x8_fonts.o(.constdata), (10756 bytes).
    Removing u8x8_fonts.o(.constdata), (4564 bytes).
    Removing u8x8_fonts.o(.constdata), (1300 bytes).
    Removing u8x8_fonts.o(.constdata), (21508 bytes).
    Removing u8x8_fonts.o(.constdata), (9124 bytes).
    Removing u8x8_fonts.o(.constdata), (2596 bytes).
    Removing u8x8_fonts.o(.constdata), (21508 bytes).
    Removing u8x8_fonts.o(.constdata), (9124 bytes).
    Removing u8x8_fonts.o(.constdata), (2596 bytes).
    Removing u8x8_fonts.o(.constdata), (7076 bytes).
    Removing u8x8_fonts.o(.constdata), (2916 bytes).
    Removing u8x8_fonts.o(.constdata), (868 bytes).
    Removing u8x8_fonts.o(.constdata), (7076 bytes).
    Removing u8x8_fonts.o(.constdata), (2916 bytes).
    Removing u8x8_fonts.o(.constdata), (868 bytes).
    Removing u8x8_fonts.o(.constdata), (14340 bytes).
    Removing u8x8_fonts.o(.constdata), (6084 bytes).
    Removing u8x8_fonts.o(.constdata), (1732 bytes).
    Removing u8x8_fonts.o(.constdata), (32260 bytes).
    Removing u8x8_fonts.o(.constdata), (13684 bytes).
    Removing u8x8_fonts.o(.constdata), (3892 bytes).
    Removing u8x8_fonts.o(.constdata), (24324 bytes).
    Removing u8x8_fonts.o(.constdata), (6916 bytes).
    Removing u8x8_fonts.o(.constdata), (14340 bytes).
    Removing u8x8_fonts.o(.constdata), (6084 bytes).
    Removing u8x8_fonts.o(.constdata), (1732 bytes).
    Removing u8x8_fonts.o(.constdata), (32260 bytes).
    Removing u8x8_fonts.o(.constdata), (13684 bytes).
    Removing u8x8_fonts.o(.constdata), (3892 bytes).
    Removing u8x8_fonts.o(.constdata), (24324 bytes).
    Removing u8x8_fonts.o(.constdata), (6916 bytes).
    Removing u8x8_fonts.o(.constdata), (1796 bytes).
    Removing u8x8_fonts.o(.constdata), (772 bytes).
    Removing u8x8_fonts.o(.constdata), (220 bytes).
    Removing u8x8_fonts.o(.constdata), (516 bytes).
    Removing u8x8_fonts.o(.constdata), (1796 bytes).
    Removing u8x8_fonts.o(.constdata), (772 bytes).
    Removing u8x8_fonts.o(.constdata), (220 bytes).
    Removing u8x8_fonts.o(.constdata), (517 bytes).
    Removing u8x8_fonts.o(.constdata), (1796 bytes).
    Removing u8x8_fonts.o(.constdata), (773 bytes).
    Removing u8x8_fonts.o(.constdata), (220 bytes).
    Removing u8x8_fonts.o(.constdata), (517 bytes).
    Removing u8x8_fonts.o(.constdata), (1796 bytes).
    Removing u8x8_fonts.o(.constdata), (772 bytes).
    Removing u8x8_fonts.o(.constdata), (220 bytes).
    Removing u8x8_fonts.o(.constdata), (517 bytes).
    Removing u8x8_fonts.o(.constdata), (1796 bytes).
    Removing u8x8_fonts.o(.constdata), (772 bytes).
    Removing u8x8_fonts.o(.constdata), (220 bytes).
    Removing u8x8_fonts.o(.constdata), (517 bytes).
    Removing u8x8_fonts.o(.constdata), (7172 bytes).
    Removing u8x8_fonts.o(.constdata), (3077 bytes).
    Removing u8x8_fonts.o(.constdata), (868 bytes).
    Removing u8x8_fonts.o(.constdata), (7172 bytes).
    Removing u8x8_fonts.o(.constdata), (3077 bytes).
    Removing u8x8_fonts.o(.constdata), (868 bytes).
    Removing u8x8_gpio.o(i.u8x8_gpio_call), (12 bytes).
    Removing u8x8_input_value.o(i.u8x8_UserInterfaceInputValue), (262 bytes).
    Removing u8x8_message.o(i.u8x8_UserInterfaceMessage), (240 bytes).
    Removing u8x8_message.o(i.u8x8_draw_button_line), (164 bytes).
    Removing u8x8_selection_list.o(i.u8sl_Next), (42 bytes).
    Removing u8x8_selection_list.o(i.u8sl_Prev), (40 bytes).
    Removing u8x8_selection_list.o(i.u8x8_DrawSelectionList), (44 bytes).
    Removing u8x8_selection_list.o(i.u8x8_UserInterfaceSelectionList), (192 bytes).
    Removing u8x8_selection_list.o(i.u8x8_sl_string_line_cb), (76 bytes).
    Removing u8x8_setup.o(i.u8x8_Setup), (34 bytes).
    Removing u8x8_setup.o(i.u8x8_SetupDefaults), (36 bytes).
    Removing u8x8_setup.o(i.u8x8_d_null_cb), (32 bytes).
    Removing u8x8_setup.o(i.u8x8_dummy_cb), (4 bytes).
    Removing u8x8_setup.o(.constdata), (24 bytes).
    Removing u8x8_string.o(i.u8x8_CopyStringLine), (40 bytes).
    Removing u8x8_string.o(i.u8x8_DrawUTF8Line), (116 bytes).
    Removing u8x8_string.o(i.u8x8_DrawUTF8Lines), (66 bytes).
    Removing u8x8_string.o(i.u8x8_GetStringLineCnt), (26 bytes).
    Removing u8x8_string.o(i.u8x8_GetStringLineStart), (36 bytes).
    Removing u8x8_u8toa.o(i.u8x8_u8toa), (24 bytes).
    Removing u8x8_u8toa.o(i.u8x8_u8toap), (44 bytes).
    Removing u8x8_u8toa.o(.constdata), (3 bytes).
    Removing u8x8_u8toa.o(.data), (4 bytes).
    Removing u8x8_u16toa.o(i.u8x8_u16toa), (24 bytes).
    Removing u8x8_u16toa.o(i.u8x8_u16toap), (46 bytes).
    Removing u8x8_u16toa.o(i.u8x8_utoa), (28 bytes).
    Removing u8x8_u16toa.o(.data), (6 bytes).
    Removing retarget_io.o(i.__aeabi_assert), (144 bytes).
    Removing retarget_io.o(i.__backspace), (6 bytes).
    Removing retarget_io.o(i.abort), (2 bytes).
    Removing retarget_io.o(i.fgetc), (6 bytes).
    Removing retarget_io.o(i.fputc), (20 bytes).
    Removing dfixui.o(.text), (50 bytes).
    Removing dadd.o(.text), (334 bytes).
    Removing dmul.o(.text), (228 bytes).
    Removing ddiv.o(.text), (222 bytes).
    Removing dfixul.o(.text), (48 bytes).
    Removing cdrcmple.o(.text), (48 bytes).
    Removing depilogue.o(.text), (186 bytes).
    Removing dfltul.o(.text), (24 bytes).
    Removing d2f.o(.text), (56 bytes).

3058 unused section(s) (total 11536867 bytes) removed from the image.

==============================================================================

Image Symbol Table

    Local Symbols

    Symbol Name                              Value     Ov Type        Size  Object(Section)

    ../clib/../cmprslib/zerorunl2.c          0x00000000   Number         0  __dczerorl2.o ABSOLUTE
    ../clib/microlib/ctype/ctype.c           0x00000000   Number         0  isgraph_o.o ABSOLUTE
    ../clib/microlib/ctype/ctype.c           0x00000000   Number         0  isspace_o.o ABSOLUTE
    ../clib/microlib/ctype/ctype.c           0x00000000   Number         0  isxdigit_o.o ABSOLUTE
    ../clib/microlib/ctype/ctype.c           0x00000000   Number         0  ctype_c.o ABSOLUTE
    ../clib/microlib/ctype/ctype.c           0x00000000   Number         0  islower_o.o ABSOLUTE
    ../clib/microlib/ctype/ctype.c           0x00000000   Number         0  isprint_o.o ABSOLUTE
    ../clib/microlib/ctype/ctype.c           0x00000000   Number         0  isupper_o.o ABSOLUTE
    ../clib/microlib/ctype/ctype.c           0x00000000   Number         0  ctype_o.o ABSOLUTE
    ../clib/microlib/ctype/ctype.c           0x00000000   Number         0  isalpha_o.o ABSOLUTE
    ../clib/microlib/ctype/ctype.c           0x00000000   Number         0  ispunct_o.o ABSOLUTE
    ../clib/microlib/ctype/ctype.c           0x00000000   Number         0  isdigit_o.o ABSOLUTE
    ../clib/microlib/ctype/ctype.c           0x00000000   Number         0  iscntrl_o.o ABSOLUTE
    ../clib/microlib/ctype/ctype.c           0x00000000   Number         0  isblank_o.o ABSOLUTE
    ../clib/microlib/ctype/ctype.c           0x00000000   Number         0  isalnum_o.o ABSOLUTE
    ../clib/microlib/ctype/ctype.c           0x00000000   Number         0  isspace_c.o ABSOLUTE
    ../clib/microlib/division.c              0x00000000   Number         0  uldiv.o ABSOLUTE
    ../clib/microlib/division.c              0x00000000   Number         0  uidiv.o ABSOLUTE
    ../clib/microlib/errno.c                 0x00000000   Number         0  errno.o ABSOLUTE
    ../clib/microlib/init/entry.s            0x00000000   Number         0  entry9a.o ABSOLUTE
    ../clib/microlib/init/entry.s            0x00000000   Number         0  entry8b.o ABSOLUTE
    ../clib/microlib/init/entry.s            0x00000000   Number         0  entry8a.o ABSOLUTE
    ../clib/microlib/init/entry.s            0x00000000   Number         0  entry7b.o ABSOLUTE
    ../clib/microlib/init/entry.s            0x00000000   Number         0  entry7a.o ABSOLUTE
    ../clib/microlib/init/entry.s            0x00000000   Number         0  entry5.o ABSOLUTE
    ../clib/microlib/init/entry.s            0x00000000   Number         0  entry2.o ABSOLUTE
    ../clib/microlib/init/entry.s            0x00000000   Number         0  entry9b.o ABSOLUTE
    ../clib/microlib/init/entry.s            0x00000000   Number         0  entry12b.o ABSOLUTE
    ../clib/microlib/init/entry.s            0x00000000   Number         0  entry.o ABSOLUTE
    ../clib/microlib/init/entry.s            0x00000000   Number         0  entry12a.o ABSOLUTE
    ../clib/microlib/init/entry.s            0x00000000   Number         0  entry11b.o ABSOLUTE
    ../clib/microlib/init/entry.s            0x00000000   Number         0  entry11a.o ABSOLUTE
    ../clib/microlib/init/entry.s            0x00000000   Number         0  entry10b.o ABSOLUTE
    ../clib/microlib/init/entry.s            0x00000000   Number         0  entry10a.o ABSOLUTE
    ../clib/microlib/longlong.c              0x00000000   Number         0  llushr.o ABSOLUTE
    ../clib/microlib/longlong.c              0x00000000   Number         0  llsshr.o ABSOLUTE
    ../clib/microlib/longlong.c              0x00000000   Number         0  llshl.o ABSOLUTE
    ../clib/microlib/printf/printf.c         0x00000000   Number         0  printf7.o ABSOLUTE
    ../clib/microlib/printf/printf.c         0x00000000   Number         0  printf6.o ABSOLUTE
    ../clib/microlib/printf/printf.c         0x00000000   Number         0  printf2.o ABSOLUTE
    ../clib/microlib/printf/printf.c         0x00000000   Number         0  printf1.o ABSOLUTE
    ../clib/microlib/printf/printf.c         0x00000000   Number         0  printf4.o ABSOLUTE
    ../clib/microlib/printf/printf.c         0x00000000   Number         0  printf0.o ABSOLUTE
    ../clib/microlib/printf/printf.c         0x00000000   Number         0  printfb.o ABSOLUTE
    ../clib/microlib/printf/printf.c         0x00000000   Number         0  printf5.o ABSOLUTE
    ../clib/microlib/printf/printf.c         0x00000000   Number         0  printf3.o ABSOLUTE
    ../clib/microlib/printf/printf.c         0x00000000   Number         0  printfa.o ABSOLUTE
    ../clib/microlib/printf/printf.c         0x00000000   Number         0  printf8.o ABSOLUTE
    ../clib/microlib/printf/stubs.s          0x00000000   Number         0  stubs.o ABSOLUTE
    ../clib/microlib/stdio/fputs.c           0x00000000   Number         0  fputs_e.o ABSOLUTE
    ../clib/microlib/stdio/fputs.c           0x00000000   Number         0  fputs.o ABSOLUTE
    ../clib/microlib/stdio/streams.c         0x00000000   Number         0  stdout.o ABSOLUTE
    ../clib/microlib/stdio/streams.c         0x00000000   Number         0  stderr.o ABSOLUTE
    ../clib/microlib/string/memset.c         0x00000000   Number         0  memseta.o ABSOLUTE
    ../clib/microlib/string/strcmp.c         0x00000000   Number         0  strcmp.o ABSOLUTE
    ../clib/microlib/string/strlen.c         0x00000000   Number         0  strlen.o ABSOLUTE
    ../clib/microlib/string/strstr.c         0x00000000   Number         0  strstr.o ABSOLUTE
    ../clib/microlib/stubs.s                 0x00000000   Number         0  iusefp.o ABSOLUTE
    ../clib/scanf.c                          0x00000000   Number         0  _scanf_int.o ABSOLUTE
    ../clib/scanf.c                          0x00000000   Number         0  atoi.o ABSOLUTE
    ../clib/scanf.c                          0x00000000   Number         0  _chval.o ABSOLUTE
    ../clib/scanf.c                          0x00000000   Number         0  _strtoul.o ABSOLUTE
    ../clib/scanf.c                          0x00000000   Number         0  scanf_fp.o ABSOLUTE
    ../clib/scanf.c                          0x00000000   Number         0  _scanf.o ABSOLUTE
    ../clib/scanf.c                          0x00000000   Number         0  scanf_char.o ABSOLUTE
    ../clib/scanf.c                          0x00000000   Number         0  _sgetc.o ABSOLUTE
    ../clib/scanf.c                          0x00000000   Number         0  _scanf_str.o ABSOLUTE
    ../clib/scanf.c                          0x00000000   Number         0  strtod.o ABSOLUTE
    ../clib/scanf.c                          0x00000000   Number         0  __0sscanf.o ABSOLUTE
    ../clib/scanf.c                          0x00000000   Number         0  strtol.o ABSOLUTE
    ../fplib/microlib/d2f.c                  0x00000000   Number         0  d2f.o ABSOLUTE
    ../fplib/microlib/fpadd.c                0x00000000   Number         0  fadd.o ABSOLUTE
    ../fplib/microlib/fpadd.c                0x00000000   Number         0  dadd.o ABSOLUTE
    ../fplib/microlib/fpdiv.c                0x00000000   Number         0  ddiv.o ABSOLUTE
    ../fplib/microlib/fpdiv.c                0x00000000   Number         0  fdiv.o ABSOLUTE
    ../fplib/microlib/fpepilogue.c           0x00000000   Number         0  depilogue.o ABSOLUTE
    ../fplib/microlib/fpepilogue.c           0x00000000   Number         0  fepilogue.o ABSOLUTE
    ../fplib/microlib/fpfix.c                0x00000000   Number         0  ffixui.o ABSOLUTE
    ../fplib/microlib/fpfix.c                0x00000000   Number         0  dfixui.o ABSOLUTE
    ../fplib/microlib/fpfix.c                0x00000000   Number         0  dfixul.o ABSOLUTE
    ../fplib/microlib/fpflt.c                0x00000000   Number         0  dfltul.o ABSOLUTE
    ../fplib/microlib/fpmul.c                0x00000000   Number         0  fmul.o ABSOLUTE
    ../fplib/microlib/fpmul.c                0x00000000   Number         0  dmul.o ABSOLUTE
    ../mathlib/atof.c                        0x00000000   Number         0  atof.o ABSOLUTE
    ..\CORE\core_cm3.c                       0x00000000   Number         0  core_cm3.o ABSOLUTE
    ..\CORE\startup_stm32f10x_md.s           0x00000000   Number         0  startup_stm32f10x_md.o ABSOLUTE
    ..\HARDWARE\FPM383C.c                    0x00000000   Number         0  fpm383c.o ABSOLUTE
    ..\HARDWARE\Key.c                        0x00000000   Number         0  key.o ABSOLUTE
    ..\HARDWARE\LED\LED.c                    0x00000000   Number         0  led.o ABSOLUTE
    ..\HARDWARE\Menu.c                       0x00000000   Number         0  menu.o ABSOLUTE
    ..\HARDWARE\OLED.c                       0x00000000   Number         0  oled.o ABSOLUTE
    ..\HARDWARE\Serial.c                     0x00000000   Number         0  serial.o ABSOLUTE
    ..\HARDWARE\Servo.c                      0x00000000   Number         0  servo.o ABSOLUTE
    ..\HARDWARE\Timer.c                      0x00000000   Number         0  timer.o ABSOLUTE
    ..\HARDWARE\core_json.c                  0x00000000   Number         0  core_json.o ABSOLUTE
    ..\HARDWARE\esp8266.c                    0x00000000   Number         0  esp8266.o ABSOLUTE
    ..\HARDWARE\keyboard.c                   0x00000000   Number         0  keyboard.o ABSOLUTE
    ..\HARDWARE\u8g2\mui.c                   0x00000000   Number         0  mui.o ABSOLUTE
    ..\HARDWARE\u8g2\mui_u8g2.c              0x00000000   Number         0  mui_u8g2.o ABSOLUTE
    ..\HARDWARE\u8g2\u8g2_bitmap.c           0x00000000   Number         0  u8g2_bitmap.o ABSOLUTE
    ..\HARDWARE\u8g2\u8g2_box.c              0x00000000   Number         0  u8g2_box.o ABSOLUTE
    ..\HARDWARE\u8g2\u8g2_buffer.c           0x00000000   Number         0  u8g2_buffer.o ABSOLUTE
    ..\HARDWARE\u8g2\u8g2_button.c           0x00000000   Number         0  u8g2_button.o ABSOLUTE
    ..\HARDWARE\u8g2\u8g2_circle.c           0x00000000   Number         0  u8g2_circle.o ABSOLUTE
    ..\HARDWARE\u8g2\u8g2_cleardisplay.c     0x00000000   Number         0  u8g2_cleardisplay.o ABSOLUTE
    ..\HARDWARE\u8g2\u8g2_d_memory.c         0x00000000   Number         0  u8g2_d_memory.o ABSOLUTE
    ..\HARDWARE\u8g2\u8g2_d_setup.c          0x00000000   Number         0  u8g2_d_setup.o ABSOLUTE
    ..\HARDWARE\u8g2\u8g2_font.c             0x00000000   Number         0  u8g2_font.o ABSOLUTE
    ..\HARDWARE\u8g2\u8g2_fonts.c            0x00000000   Number         0  u8g2_fonts.o ABSOLUTE
    ..\HARDWARE\u8g2\u8g2_hvline.c           0x00000000   Number         0  u8g2_hvline.o ABSOLUTE
    ..\HARDWARE\u8g2\u8g2_input_value.c      0x00000000   Number         0  u8g2_input_value.o ABSOLUTE
    ..\HARDWARE\u8g2\u8g2_intersection.c     0x00000000   Number         0  u8g2_intersection.o ABSOLUTE
    ..\HARDWARE\u8g2\u8g2_kerning.c          0x00000000   Number         0  u8g2_kerning.o ABSOLUTE
    ..\HARDWARE\u8g2\u8g2_line.c             0x00000000   Number         0  u8g2_line.o ABSOLUTE
    ..\HARDWARE\u8g2\u8g2_ll_hvline.c        0x00000000   Number         0  u8g2_ll_hvline.o ABSOLUTE
    ..\HARDWARE\u8g2\u8g2_message.c          0x00000000   Number         0  u8g2_message.o ABSOLUTE
    ..\HARDWARE\u8g2\u8g2_polygon.c          0x00000000   Number         0  u8g2_polygon.o ABSOLUTE
    ..\HARDWARE\u8g2\u8g2_selection_list.c   0x00000000   Number         0  u8g2_selection_list.o ABSOLUTE
    ..\HARDWARE\u8g2\u8g2_setup.c            0x00000000   Number         0  u8g2_setup.o ABSOLUTE
    ..\HARDWARE\u8g2\u8log.c                 0x00000000   Number         0  u8log.o ABSOLUTE
    ..\HARDWARE\u8g2\u8log_u8g2.c            0x00000000   Number         0  u8log_u8g2.o ABSOLUTE
    ..\HARDWARE\u8g2\u8log_u8x8.c            0x00000000   Number         0  u8log_u8x8.o ABSOLUTE
    ..\HARDWARE\u8g2\u8x8_8x8.c              0x00000000   Number         0  u8x8_8x8.o ABSOLUTE
    ..\HARDWARE\u8g2\u8x8_byte.c             0x00000000   Number         0  u8x8_byte.o ABSOLUTE
    ..\HARDWARE\u8g2\u8x8_cad.c              0x00000000   Number         0  u8x8_cad.o ABSOLUTE
    ..\HARDWARE\u8g2\u8x8_capture.c          0x00000000   Number         0  u8x8_capture.o ABSOLUTE
    ..\HARDWARE\u8g2\u8x8_d_ssd1306_128x64_noname.c 0x00000000   Number         0  u8x8_d_ssd1306_128x64_noname.o ABSOLUTE
    ..\HARDWARE\u8g2\u8x8_debounce.c         0x00000000   Number         0  u8x8_debounce.o ABSOLUTE
    ..\HARDWARE\u8g2\u8x8_display.c          0x00000000   Number         0  u8x8_display.o ABSOLUTE
    ..\HARDWARE\u8g2\u8x8_fonts.c            0x00000000   Number         0  u8x8_fonts.o ABSOLUTE
    ..\HARDWARE\u8g2\u8x8_gpio.c             0x00000000   Number         0  u8x8_gpio.o ABSOLUTE
    ..\HARDWARE\u8g2\u8x8_input_value.c      0x00000000   Number         0  u8x8_input_value.o ABSOLUTE
    ..\HARDWARE\u8g2\u8x8_message.c          0x00000000   Number         0  u8x8_message.o ABSOLUTE
    ..\HARDWARE\u8g2\u8x8_selection_list.c   0x00000000   Number         0  u8x8_selection_list.o ABSOLUTE
    ..\HARDWARE\u8g2\u8x8_setup.c            0x00000000   Number         0  u8x8_setup.o ABSOLUTE
    ..\HARDWARE\u8g2\u8x8_string.c           0x00000000   Number         0  u8x8_string.o ABSOLUTE
    ..\HARDWARE\u8g2\u8x8_u16toa.c           0x00000000   Number         0  u8x8_u16toa.o ABSOLUTE
    ..\HARDWARE\u8g2\u8x8_u8toa.c            0x00000000   Number         0  u8x8_u8toa.o ABSOLUTE
    ..\STM32F10x_FWLib\src\misc.c            0x00000000   Number         0  misc.o ABSOLUTE
    ..\STM32F10x_FWLib\src\stm32f10x_adc.c   0x00000000   Number         0  stm32f10x_adc.o ABSOLUTE
    ..\STM32F10x_FWLib\src\stm32f10x_bkp.c   0x00000000   Number         0  stm32f10x_bkp.o ABSOLUTE
    ..\STM32F10x_FWLib\src\stm32f10x_can.c   0x00000000   Number         0  stm32f10x_can.o ABSOLUTE
    ..\STM32F10x_FWLib\src\stm32f10x_cec.c   0x00000000   Number         0  stm32f10x_cec.o ABSOLUTE
    ..\STM32F10x_FWLib\src\stm32f10x_crc.c   0x00000000   Number         0  stm32f10x_crc.o ABSOLUTE
    ..\STM32F10x_FWLib\src\stm32f10x_dac.c   0x00000000   Number         0  stm32f10x_dac.o ABSOLUTE
    ..\STM32F10x_FWLib\src\stm32f10x_dbgmcu.c 0x00000000   Number         0  stm32f10x_dbgmcu.o ABSOLUTE
    ..\STM32F10x_FWLib\src\stm32f10x_dma.c   0x00000000   Number         0  stm32f10x_dma.o ABSOLUTE
    ..\STM32F10x_FWLib\src\stm32f10x_exti.c  0x00000000   Number         0  stm32f10x_exti.o ABSOLUTE
    ..\STM32F10x_FWLib\src\stm32f10x_flash.c 0x00000000   Number         0  stm32f10x_flash.o ABSOLUTE
    ..\STM32F10x_FWLib\src\stm32f10x_fsmc.c  0x00000000   Number         0  stm32f10x_fsmc.o ABSOLUTE
    ..\STM32F10x_FWLib\src\stm32f10x_gpio.c  0x00000000   Number         0  stm32f10x_gpio.o ABSOLUTE
    ..\STM32F10x_FWLib\src\stm32f10x_i2c.c   0x00000000   Number         0  stm32f10x_i2c.o ABSOLUTE
    ..\STM32F10x_FWLib\src\stm32f10x_iwdg.c  0x00000000   Number         0  stm32f10x_iwdg.o ABSOLUTE
    ..\STM32F10x_FWLib\src\stm32f10x_pwr.c   0x00000000   Number         0  stm32f10x_pwr.o ABSOLUTE
    ..\STM32F10x_FWLib\src\stm32f10x_rcc.c   0x00000000   Number         0  stm32f10x_rcc.o ABSOLUTE
    ..\STM32F10x_FWLib\src\stm32f10x_rtc.c   0x00000000   Number         0  stm32f10x_rtc.o ABSOLUTE
    ..\STM32F10x_FWLib\src\stm32f10x_sdio.c  0x00000000   Number         0  stm32f10x_sdio.o ABSOLUTE
    ..\STM32F10x_FWLib\src\stm32f10x_spi.c   0x00000000   Number         0  stm32f10x_spi.o ABSOLUTE
    ..\STM32F10x_FWLib\src\stm32f10x_tim.c   0x00000000   Number         0  stm32f10x_tim.o ABSOLUTE
    ..\STM32F10x_FWLib\src\stm32f10x_usart.c 0x00000000   Number         0  stm32f10x_usart.o ABSOLUTE
    ..\STM32F10x_FWLib\src\stm32f10x_wwdg.c  0x00000000   Number         0  stm32f10x_wwdg.o ABSOLUTE
    ..\SYSTEM\Delay.c                        0x00000000   Number         0  delay.o ABSOLUTE
    ..\\CORE\\core_cm3.c                     0x00000000   Number         0  core_cm3.o ABSOLUTE
    D:/rujian/keil5/Keil/ARM_Compiler/1.7.2/Source/retarget_io.c 0x00000000   Number         0  retarget_io.o ABSOLUTE
    cdrcmple.s                               0x00000000   Number         0  cdrcmple.o ABSOLUTE
    dc.s                                     0x00000000   Number         0  dc.o ABSOLUTE
    handlers.s                               0x00000000   Number         0  handlers.o ABSOLUTE
    init.s                                   0x00000000   Number         0  init.o ABSOLUTE
    main.c                                   0x00000000   Number         0  main.o ABSOLUTE
    stm32f10x_it.c                           0x00000000   Number         0  stm32f10x_it.o ABSOLUTE
    system_stm32f10x.c                       0x00000000   Number         0  system_stm32f10x.o ABSOLUTE
    RESET                                    0x08000000   Section      236  startup_stm32f10x_md.o(RESET)
    .ARM.Collect$$$$00000000                 0x080000ec   Section        0  entry.o(.ARM.Collect$$$$00000000)
    .ARM.Collect$$$$00000001                 0x080000ec   Section        4  entry2.o(.ARM.Collect$$$$00000001)
    .ARM.Collect$$$$00000004                 0x080000f0   Section        4  entry5.o(.ARM.Collect$$$$00000004)
    .ARM.Collect$$$$00000008                 0x080000f4   Section        0  entry7b.o(.ARM.Collect$$$$00000008)
    .ARM.Collect$$$$0000000A                 0x080000f4   Section        0  entry8b.o(.ARM.Collect$$$$0000000A)
    .ARM.Collect$$$$0000000B                 0x080000f4   Section        8  entry9a.o(.ARM.Collect$$$$0000000B)
    .ARM.Collect$$$$0000000E                 0x080000fc   Section        4  entry12b.o(.ARM.Collect$$$$0000000E)
    .ARM.Collect$$$$0000000F                 0x08000100   Section        0  entry10a.o(.ARM.Collect$$$$0000000F)
    .ARM.Collect$$$$00000011                 0x08000100   Section        0  entry11a.o(.ARM.Collect$$$$00000011)
    .ARM.Collect$$$$00002712                 0x08000100   Section        4  entry2.o(.ARM.Collect$$$$00002712)
    __lit__00000000                          0x08000100   Data           4  entry2.o(.ARM.Collect$$$$00002712)
    .text                                    0x08000104   Section       36  startup_stm32f10x_md.o(.text)
    .text                                    0x08000128   Section        0  fadd.o(.text)
    .text                                    0x080001d8   Section        0  fmul.o(.text)
    .text                                    0x0800023c   Section        0  fdiv.o(.text)
    .text                                    0x080002b8   Section        0  ffixui.o(.text)
    .text                                    0x080002e0   Section        0  fepilogue.o(.text)
    .text                                    0x080002e0   Section        0  iusefp.o(.text)
    .text                                    0x08000350   Section       36  init.o(.text)
    .text                                    0x08000374   Section        0  __dczerorl2.o(.text)
    i.BusFault_Handler                       0x080003ca   Section        0  stm32f10x_it.o(i.BusFault_Handler)
    i.DebugMon_Handler                       0x080003cc   Section        0  stm32f10x_it.o(i.DebugMon_Handler)
    i.EXTI15_10_IRQHandler                   0x080003d0   Section        0  fpm383c.o(i.EXTI15_10_IRQHandler)
    i.EXTI_ClearITPendingBit                 0x0800040c   Section        0  stm32f10x_exti.o(i.EXTI_ClearITPendingBit)
    i.EXTI_GetITStatus                       0x08000418   Section        0  stm32f10x_exti.o(i.EXTI_GetITStatus)
    i.GPIO_Init                              0x08000438   Section        0  stm32f10x_gpio.o(i.GPIO_Init)
    i.GPIO_ReadOutputDataBit                 0x080004da   Section        0  stm32f10x_gpio.o(i.GPIO_ReadOutputDataBit)
    i.GPIO_ResetBits                         0x080004e8   Section        0  stm32f10x_gpio.o(i.GPIO_ResetBits)
    i.GPIO_SetBits                           0x080004ec   Section        0  stm32f10x_gpio.o(i.GPIO_SetBits)
    i.GPIO_WriteBit                          0x080004f0   Section        0  stm32f10x_gpio.o(i.GPIO_WriteBit)
    i.HardFault_Handler                      0x080004fa   Section        0  stm32f10x_it.o(i.HardFault_Handler)
    i.LED0_Toggle                            0x080004fc   Section        0  led.o(i.LED0_Toggle)
    i.MemManage_Handler                      0x08000528   Section        0  stm32f10x_it.o(i.MemManage_Handler)
    i.NMI_Handler                            0x0800052a   Section        0  stm32f10x_it.o(i.NMI_Handler)
    i.NVIC_PriorityGroupConfig               0x0800052c   Section        0  misc.o(i.NVIC_PriorityGroupConfig)
    i.OLED_I2C_SendByte                      0x08000540   Section        0  oled.o(i.OLED_I2C_SendByte)
    i.OLED_I2C_Start                         0x0800059c   Section        0  oled.o(i.OLED_I2C_Start)
    i.OLED_I2C_Stop                          0x080005d4   Section        0  oled.o(i.OLED_I2C_Stop)
    i.OLED_SetCursor                         0x08000604   Section        0  oled.o(i.OLED_SetCursor)
    i.OLED_ShowChar                          0x08000628   Section        0  oled.o(i.OLED_ShowChar)
    i.OLED_ShowString                        0x08000690   Section        0  oled.o(i.OLED_ShowString)
    i.OLED_WriteCommand                      0x080006b6   Section        0  oled.o(i.OLED_WriteCommand)
    i.OLED_WriteData                         0x080006d8   Section        0  oled.o(i.OLED_WriteData)
    i.PendSV_Handler                         0x080006fa   Section        0  stm32f10x_it.o(i.PendSV_Handler)
    i.RCC_APB1PeriphClockCmd                 0x080006fc   Section        0  stm32f10x_rcc.o(i.RCC_APB1PeriphClockCmd)
    i.RCC_APB2PeriphClockCmd                 0x08000714   Section        0  stm32f10x_rcc.o(i.RCC_APB2PeriphClockCmd)
    i.SVC_Handler                            0x0800072c   Section        0  stm32f10x_it.o(i.SVC_Handler)
    i.Servo_Init                             0x08000730   Section        0  servo.o(i.Servo_Init)
    i.Servo_SetAngle                         0x080007c0   Section        0  servo.o(i.Servo_SetAngle)
    i.SetSysClockTo72                        0x080007f8   Section        0  system_stm32f10x.o(i.SetSysClockTo72)
    SetSysClockTo72                          0x080007f9   Thumb Code   160  system_stm32f10x.o(i.SetSysClockTo72)
    i.SysTick_Handler                        0x080008a0   Section        0  stm32f10x_it.o(i.SysTick_Handler)
    i.SystemInit                             0x080008a4   Section        0  system_stm32f10x.o(i.SystemInit)
    i.TIM1_UP_IRQHandler                     0x080008f4   Section        0  main.o(i.TIM1_UP_IRQHandler)
    i.TIM_ClearITPendingBit                  0x0800091c   Section        0  stm32f10x_tim.o(i.TIM_ClearITPendingBit)
    i.TIM_Cmd                                0x08000922   Section        0  stm32f10x_tim.o(i.TIM_Cmd)
    i.TIM_GetITStatus                        0x08000936   Section        0  stm32f10x_tim.o(i.TIM_GetITStatus)
    i.TIM_InternalClockConfig                0x0800094e   Section        0  stm32f10x_tim.o(i.TIM_InternalClockConfig)
    i.TIM_OC2Init                            0x08000958   Section        0  stm32f10x_tim.o(i.TIM_OC2Init)
    i.TIM_OCStructInit                       0x080009d8   Section        0  stm32f10x_tim.o(i.TIM_OCStructInit)
    i.TIM_SetCompare2                        0x080009ec   Section        0  stm32f10x_tim.o(i.TIM_SetCompare2)
    i.TIM_TimeBaseInit                       0x080009f0   Section        0  stm32f10x_tim.o(i.TIM_TimeBaseInit)
    i.USART1_IRQHandler                      0x08000a8c   Section        0  serial.o(i.USART1_IRQHandler)
    i.USART2_IRQHandler                      0x08000ae0   Section        0  fpm383c.o(i.USART2_IRQHandler)
    i.USART3_IRQHandler                      0x08000b30   Section        0  fpm383c.o(i.USART3_IRQHandler)
    i.USART_ClearITPendingBit                0x08000b7c   Section        0  stm32f10x_usart.o(i.USART_ClearITPendingBit)
    i.USART_GetITStatus                      0x08000b88   Section        0  stm32f10x_usart.o(i.USART_GetITStatus)
    i.USART_ReceiveData                      0x08000bc6   Section        0  stm32f10x_usart.o(i.USART_ReceiveData)
    i.UsageFault_Handler                     0x08000bce   Section        0  stm32f10x_it.o(i.UsageFault_Handler)
    i.__scatterload_copy                     0x08000bd0   Section       14  handlers.o(i.__scatterload_copy)
    i.__scatterload_null                     0x08000bde   Section        2  handlers.o(i.__scatterload_null)
    i.__scatterload_zeroinit                 0x08000be0   Section       14  handlers.o(i.__scatterload_zeroinit)
    i.main                                   0x08000bf0   Section        0  main.o(i.main)
    .constdata                               0x08000c0c   Section     1520  oled.o(.constdata)
    .data                                    0x20000000   Section        2  serial.o(.data)
    .data                                    0x20000002   Section      469  esp8266.o(.data)
    .data                                    0x200001d8   Section      185  fpm383c.o(.data)
    .bss                                     0x20000294   Section      512  esp8266.o(.bss)
    .bss                                     0x20000494   Section       20  fpm383c.o(.bss)
    STACK                                    0x200004a8   Section     1024  startup_stm32f10x_md.o(STACK)

    Global Symbols

    Symbol Name                              Value     Ov Type        Size  Object(Section)

    BuildAttributes$$THM_ISAv4$P$D$K$B$S$PE$A:L22UL41UL21$X:L11$S22US41US21$IEEE1$IW$USESV6$~STKCKD$USESV7$~SHL$OTIME$ROPI$IEEEJ$EBA8$MICROLIB$REQ8$PRES8$EABIv2 0x00000000   Number         0  anon$$obj.o ABSOLUTE
    __ARM_use_no_argv                        0x00000000   Number         0  main.o ABSOLUTE
    _printf_a                                0x00000000   Number         0  stubs.o ABSOLUTE
    _printf_c                                0x00000000   Number         0  stubs.o ABSOLUTE
    _printf_charcount                        0x00000000   Number         0  stubs.o ABSOLUTE
    _printf_d                                0x00000000   Number         0  stubs.o ABSOLUTE
    _printf_e                                0x00000000   Number         0  stubs.o ABSOLUTE
    _printf_f                                0x00000000   Number         0  stubs.o ABSOLUTE
    _printf_flags                            0x00000000   Number         0  stubs.o ABSOLUTE
    _printf_fp_dec                           0x00000000   Number         0  stubs.o ABSOLUTE
    _printf_fp_hex                           0x00000000   Number         0  stubs.o ABSOLUTE
    _printf_g                                0x00000000   Number         0  stubs.o ABSOLUTE
    _printf_i                                0x00000000   Number         0  stubs.o ABSOLUTE
    _printf_int_dec                          0x00000000   Number         0  stubs.o ABSOLUTE
    _printf_l                                0x00000000   Number         0  stubs.o ABSOLUTE
    _printf_lc                               0x00000000   Number         0  stubs.o ABSOLUTE
    _printf_ll                               0x00000000   Number         0  stubs.o ABSOLUTE
    _printf_lld                              0x00000000   Number         0  stubs.o ABSOLUTE
    _printf_lli                              0x00000000   Number         0  stubs.o ABSOLUTE
    _printf_llo                              0x00000000   Number         0  stubs.o ABSOLUTE
    _printf_llu                              0x00000000   Number         0  stubs.o ABSOLUTE
    _printf_llx                              0x00000000   Number         0  stubs.o ABSOLUTE
    _printf_longlong_dec                     0x00000000   Number         0  stubs.o ABSOLUTE
    _printf_longlong_hex                     0x00000000   Number         0  stubs.o ABSOLUTE
    _printf_longlong_oct                     0x00000000   Number         0  stubs.o ABSOLUTE
    _printf_ls                               0x00000000   Number         0  stubs.o ABSOLUTE
    _printf_mbtowc                           0x00000000   Number         0  stubs.o ABSOLUTE
    _printf_n                                0x00000000   Number         0  stubs.o ABSOLUTE
    _printf_o                                0x00000000   Number         0  stubs.o ABSOLUTE
    _printf_p                                0x00000000   Number         0  stubs.o ABSOLUTE
    _printf_percent                          0x00000000   Number         0  stubs.o ABSOLUTE
    _printf_pre_padding                      0x00000000   Number         0  stubs.o ABSOLUTE
    _printf_return_value                     0x00000000   Number         0  stubs.o ABSOLUTE
    _printf_s                                0x00000000   Number         0  stubs.o ABSOLUTE
    _printf_sizespec                         0x00000000   Number         0  stubs.o ABSOLUTE
    _printf_str                              0x00000000   Number         0  stubs.o ABSOLUTE
    _printf_truncate_signed                  0x00000000   Number         0  stubs.o ABSOLUTE
    _printf_truncate_unsigned                0x00000000   Number         0  stubs.o ABSOLUTE
    _printf_u                                0x00000000   Number         0  stubs.o ABSOLUTE
    _printf_wc                               0x00000000   Number         0  stubs.o ABSOLUTE
    _printf_wctomb                           0x00000000   Number         0  stubs.o ABSOLUTE
    _printf_widthprec                        0x00000000   Number         0  stubs.o ABSOLUTE
    _printf_x                                0x00000000   Number         0  stubs.o ABSOLUTE
    __arm_fini_                               - Undefined Weak Reference
    __cpp_initialize__aeabi_                  - Undefined Weak Reference
    __cxa_finalize                            - Undefined Weak Reference
    _clock_init                               - Undefined Weak Reference
    _microlib_exit                            - Undefined Weak Reference
    _scanf_longlong                           - Undefined Weak Reference
    __Vectors_Size                           0x000000ec   Number         0  startup_stm32f10x_md.o ABSOLUTE
    __Vectors                                0x08000000   Data           4  startup_stm32f10x_md.o(RESET)
    __Vectors_End                            0x080000ec   Data           0  startup_stm32f10x_md.o(RESET)
    __main                                   0x080000ed   Thumb Code     0  entry.o(.ARM.Collect$$$$00000000)
    _main_stk                                0x080000ed   Thumb Code     0  entry2.o(.ARM.Collect$$$$00000001)
    _main_scatterload                        0x080000f1   Thumb Code     0  entry5.o(.ARM.Collect$$$$00000004)
    __main_after_scatterload                 0x080000f5   Thumb Code     0  entry5.o(.ARM.Collect$$$$00000004)
    _main_clock                              0x080000f5   Thumb Code     0  entry7b.o(.ARM.Collect$$$$00000008)
    _main_cpp_init                           0x080000f5   Thumb Code     0  entry8b.o(.ARM.Collect$$$$0000000A)
    _main_init                               0x080000f5   Thumb Code     0  entry9a.o(.ARM.Collect$$$$0000000B)
    __rt_lib_shutdown_fini                   0x080000fd   Thumb Code     0  entry12b.o(.ARM.Collect$$$$0000000E)
    __rt_final_cpp                           0x08000101   Thumb Code     0  entry10a.o(.ARM.Collect$$$$0000000F)
    __rt_final_exit                          0x08000101   Thumb Code     0  entry11a.o(.ARM.Collect$$$$00000011)
    Reset_Handler                            0x08000105   Thumb Code     8  startup_stm32f10x_md.o(.text)
    ADC1_2_IRQHandler                        0x0800011f   Thumb Code     0  startup_stm32f10x_md.o(.text)
    CAN1_RX1_IRQHandler                      0x0800011f   Thumb Code     0  startup_stm32f10x_md.o(.text)
    CAN1_SCE_IRQHandler                      0x0800011f   Thumb Code     0  startup_stm32f10x_md.o(.text)
    DMA1_Channel1_IRQHandler                 0x0800011f   Thumb Code     0  startup_stm32f10x_md.o(.text)
    DMA1_Channel2_IRQHandler                 0x0800011f   Thumb Code     0  startup_stm32f10x_md.o(.text)
    DMA1_Channel3_IRQHandler                 0x0800011f   Thumb Code     0  startup_stm32f10x_md.o(.text)
    DMA1_Channel4_IRQHandler                 0x0800011f   Thumb Code     0  startup_stm32f10x_md.o(.text)
    DMA1_Channel5_IRQHandler                 0x0800011f   Thumb Code     0  startup_stm32f10x_md.o(.text)
    DMA1_Channel6_IRQHandler                 0x0800011f   Thumb Code     0  startup_stm32f10x_md.o(.text)
    DMA1_Channel7_IRQHandler                 0x0800011f   Thumb Code     0  startup_stm32f10x_md.o(.text)
    EXTI0_IRQHandler                         0x0800011f   Thumb Code     0  startup_stm32f10x_md.o(.text)
    EXTI1_IRQHandler                         0x0800011f   Thumb Code     0  startup_stm32f10x_md.o(.text)
    EXTI2_IRQHandler                         0x0800011f   Thumb Code     0  startup_stm32f10x_md.o(.text)
    EXTI3_IRQHandler                         0x0800011f   Thumb Code     0  startup_stm32f10x_md.o(.text)
    EXTI4_IRQHandler                         0x0800011f   Thumb Code     0  startup_stm32f10x_md.o(.text)
    EXTI9_5_IRQHandler                       0x0800011f   Thumb Code     0  startup_stm32f10x_md.o(.text)
    FLASH_IRQHandler                         0x0800011f   Thumb Code     0  startup_stm32f10x_md.o(.text)
    I2C1_ER_IRQHandler                       0x0800011f   Thumb Code     0  startup_stm32f10x_md.o(.text)
    I2C1_EV_IRQHandler                       0x0800011f   Thumb Code     0  startup_stm32f10x_md.o(.text)
    I2C2_ER_IRQHandler                       0x0800011f   Thumb Code     0  startup_stm32f10x_md.o(.text)
    I2C2_EV_IRQHandler                       0x0800011f   Thumb Code     0  startup_stm32f10x_md.o(.text)
    PVD_IRQHandler                           0x0800011f   Thumb Code     0  startup_stm32f10x_md.o(.text)
    RCC_IRQHandler                           0x0800011f   Thumb Code     0  startup_stm32f10x_md.o(.text)
    RTCAlarm_IRQHandler                      0x0800011f   Thumb Code     0  startup_stm32f10x_md.o(.text)
    RTC_IRQHandler                           0x0800011f   Thumb Code     0  startup_stm32f10x_md.o(.text)
    SPI1_IRQHandler                          0x0800011f   Thumb Code     0  startup_stm32f10x_md.o(.text)
    SPI2_IRQHandler                          0x0800011f   Thumb Code     0  startup_stm32f10x_md.o(.text)
    TAMPER_IRQHandler                        0x0800011f   Thumb Code     0  startup_stm32f10x_md.o(.text)
    TIM1_BRK_IRQHandler                      0x0800011f   Thumb Code     0  startup_stm32f10x_md.o(.text)
    TIM1_CC_IRQHandler                       0x0800011f   Thumb Code     0  startup_stm32f10x_md.o(.text)
    TIM1_TRG_COM_IRQHandler                  0x0800011f   Thumb Code     0  startup_stm32f10x_md.o(.text)
    TIM2_IRQHandler                          0x0800011f   Thumb Code     0  startup_stm32f10x_md.o(.text)
    TIM3_IRQHandler                          0x0800011f   Thumb Code     0  startup_stm32f10x_md.o(.text)
    TIM4_IRQHandler                          0x0800011f   Thumb Code     0  startup_stm32f10x_md.o(.text)
    USBWakeUp_IRQHandler                     0x0800011f   Thumb Code     0  startup_stm32f10x_md.o(.text)
    USB_HP_CAN1_TX_IRQHandler                0x0800011f   Thumb Code     0  startup_stm32f10x_md.o(.text)
    USB_LP_CAN1_RX0_IRQHandler               0x0800011f   Thumb Code     0  startup_stm32f10x_md.o(.text)
    WWDG_IRQHandler                          0x0800011f   Thumb Code     0  startup_stm32f10x_md.o(.text)
    __aeabi_fadd                             0x08000129   Thumb Code   164  fadd.o(.text)
    __aeabi_fsub                             0x080001cd   Thumb Code     6  fadd.o(.text)
    __aeabi_frsub                            0x080001d3   Thumb Code     6  fadd.o(.text)
    __aeabi_fmul                             0x080001d9   Thumb Code   100  fmul.o(.text)
    __aeabi_fdiv                             0x0800023d   Thumb Code   124  fdiv.o(.text)
    __aeabi_f2uiz                            0x080002b9   Thumb Code    40  ffixui.o(.text)
    __I$use$fp                               0x080002e1   Thumb Code     0  iusefp.o(.text)
    _float_round                             0x080002e1   Thumb Code    18  fepilogue.o(.text)
    _float_epilogue                          0x080002f3   Thumb Code    92  fepilogue.o(.text)
    __scatterload                            0x08000351   Thumb Code    28  init.o(.text)
    __scatterload_rt2                        0x08000351   Thumb Code     0  init.o(.text)
    __decompress                             0x08000375   Thumb Code     0  __dczerorl2.o(.text)
    __decompress1                            0x08000375   Thumb Code    86  __dczerorl2.o(.text)
    BusFault_Handler                         0x080003cb   Thumb Code     2  stm32f10x_it.o(i.BusFault_Handler)
    DebugMon_Handler                         0x080003cd   Thumb Code     2  stm32f10x_it.o(i.DebugMon_Handler)
    EXTI15_10_IRQHandler                     0x080003d1   Thumb Code    44  fpm383c.o(i.EXTI15_10_IRQHandler)
    EXTI_ClearITPendingBit                   0x0800040d   Thumb Code     6  stm32f10x_exti.o(i.EXTI_ClearITPendingBit)
    EXTI_GetITStatus                         0x08000419   Thumb Code    28  stm32f10x_exti.o(i.EXTI_GetITStatus)
    GPIO_Init                                0x08000439   Thumb Code   162  stm32f10x_gpio.o(i.GPIO_Init)
    GPIO_ReadOutputDataBit                   0x080004db   Thumb Code    14  stm32f10x_gpio.o(i.GPIO_ReadOutputDataBit)
    GPIO_ResetBits                           0x080004e9   Thumb Code     4  stm32f10x_gpio.o(i.GPIO_ResetBits)
    GPIO_SetBits                             0x080004ed   Thumb Code     4  stm32f10x_gpio.o(i.GPIO_SetBits)
    GPIO_WriteBit                            0x080004f1   Thumb Code    10  stm32f10x_gpio.o(i.GPIO_WriteBit)
    HardFault_Handler                        0x080004fb   Thumb Code     2  stm32f10x_it.o(i.HardFault_Handler)
    LED0_Toggle                              0x080004fd   Thumb Code    38  led.o(i.LED0_Toggle)
    MemManage_Handler                        0x08000529   Thumb Code     2  stm32f10x_it.o(i.MemManage_Handler)
    NMI_Handler                              0x0800052b   Thumb Code     2  stm32f10x_it.o(i.NMI_Handler)
    NVIC_PriorityGroupConfig                 0x0800052d   Thumb Code    10  misc.o(i.NVIC_PriorityGroupConfig)
    OLED_I2C_SendByte                        0x08000541   Thumb Code    86  oled.o(i.OLED_I2C_SendByte)
    OLED_I2C_Start                           0x0800059d   Thumb Code    52  oled.o(i.OLED_I2C_Start)
    OLED_I2C_Stop                            0x080005d5   Thumb Code    42  oled.o(i.OLED_I2C_Stop)
    OLED_SetCursor                           0x08000605   Thumb Code    34  oled.o(i.OLED_SetCursor)
    OLED_ShowChar                            0x08000629   Thumb Code    98  oled.o(i.OLED_ShowChar)
    OLED_ShowString                          0x08000691   Thumb Code    38  oled.o(i.OLED_ShowString)
    OLED_WriteCommand                        0x080006b7   Thumb Code    34  oled.o(i.OLED_WriteCommand)
    OLED_WriteData                           0x080006d9   Thumb Code    34  oled.o(i.OLED_WriteData)
    PendSV_Handler                           0x080006fb   Thumb Code     2  stm32f10x_it.o(i.PendSV_Handler)
    RCC_APB1PeriphClockCmd                   0x080006fd   Thumb Code    18  stm32f10x_rcc.o(i.RCC_APB1PeriphClockCmd)
    RCC_APB2PeriphClockCmd                   0x08000715   Thumb Code    18  stm32f10x_rcc.o(i.RCC_APB2PeriphClockCmd)
    SVC_Handler                              0x0800072d   Thumb Code     2  stm32f10x_it.o(i.SVC_Handler)
    Servo_Init                               0x08000731   Thumb Code   138  servo.o(i.Servo_Init)
    Servo_SetAngle                           0x080007c1   Thumb Code    44  servo.o(i.Servo_SetAngle)
    SysTick_Handler                          0x080008a1   Thumb Code     2  stm32f10x_it.o(i.SysTick_Handler)
    SystemInit                               0x080008a5   Thumb Code    64  system_stm32f10x.o(i.SystemInit)
    TIM1_UP_IRQHandler                       0x080008f5   Thumb Code    34  main.o(i.TIM1_UP_IRQHandler)
    TIM_ClearITPendingBit                    0x0800091d   Thumb Code     6  stm32f10x_tim.o(i.TIM_ClearITPendingBit)
    TIM_Cmd                                  0x08000923   Thumb Code    20  stm32f10x_tim.o(i.TIM_Cmd)
    TIM_GetITStatus                          0x08000937   Thumb Code    24  stm32f10x_tim.o(i.TIM_GetITStatus)
    TIM_InternalClockConfig                  0x0800094f   Thumb Code    10  stm32f10x_tim.o(i.TIM_InternalClockConfig)
    TIM_OC2Init                              0x08000959   Thumb Code   120  stm32f10x_tim.o(i.TIM_OC2Init)
    TIM_OCStructInit                         0x080009d9   Thumb Code    20  stm32f10x_tim.o(i.TIM_OCStructInit)
    TIM_SetCompare2                          0x080009ed   Thumb Code     4  stm32f10x_tim.o(i.TIM_SetCompare2)
    TIM_TimeBaseInit                         0x080009f1   Thumb Code   114  stm32f10x_tim.o(i.TIM_TimeBaseInit)
    USART1_IRQHandler                        0x08000a8d   Thumb Code    62  serial.o(i.USART1_IRQHandler)
    USART2_IRQHandler                        0x08000ae1   Thumb Code    66  fpm383c.o(i.USART2_IRQHandler)
    USART3_IRQHandler                        0x08000b31   Thumb Code    68  fpm383c.o(i.USART3_IRQHandler)
    USART_ClearITPendingBit                  0x08000b7d   Thumb Code    12  stm32f10x_usart.o(i.USART_ClearITPendingBit)
    USART_GetITStatus                        0x08000b89   Thumb Code    62  stm32f10x_usart.o(i.USART_GetITStatus)
    USART_ReceiveData                        0x08000bc7   Thumb Code     8  stm32f10x_usart.o(i.USART_ReceiveData)
    UsageFault_Handler                       0x08000bcf   Thumb Code     2  stm32f10x_it.o(i.UsageFault_Handler)
    __scatterload_copy                       0x08000bd1   Thumb Code    14  handlers.o(i.__scatterload_copy)
    __scatterload_null                       0x08000bdf   Thumb Code     2  handlers.o(i.__scatterload_null)
    __scatterload_zeroinit                   0x08000be1   Thumb Code    14  handlers.o(i.__scatterload_zeroinit)
    main                                     0x08000bf1   Thumb Code    22  main.o(i.main)
    OLED_F8x16                               0x08000c0c   Data        1520  oled.o(.constdata)
    Region$$Table$$Base                      0x080011fc   Number         0  anon$$obj.o(Region$$Table)
    Region$$Table$$Limit                     0x0800121c   Number         0  anon$$obj.o(Region$$Table)
    Serial_RxData                            0x20000000   Data           1  serial.o(.data)
    Serial_RxFlag                            0x20000001   Data           1  serial.o(.data)
    led_status                               0x20000002   Data           1  esp8266.o(.data)
    temp_value                               0x20000003   Data           1  esp8266.o(.data)
    humi_value                               0x20000004   Data           1  esp8266.o(.data)
    receive_start                            0x20000006   Data           2  esp8266.o(.data)
    receive_count                            0x20000008   Data           2  esp8266.o(.data)
    AT_RESTORE                               0x2000000a   Data          13  esp8266.o(.data)
    AT_CWMODE                                0x20000017   Data          14  esp8266.o(.data)
    AT_CIPSNTPCFG                            0x20000025   Data          38  esp8266.o(.data)
    AT_CWJAP                                 0x2000004b   Data          27  esp8266.o(.data)
    AT_MQTTUSERCFG                           0x20000066   Data         124  esp8266.o(.data)
    AT_MQTTCLIENTID                          0x200000e2   Data         104  esp8266.o(.data)
    AT_MQTTCONN                              0x2000014a   Data          70  esp8266.o(.data)
    AT_MQTTSUB                               0x20000190   Data          71  esp8266.o(.data)
    USART2_STA                               0x200001d8   Data           1  fpm383c.o(.data)
    USART3_STA                               0x200001d9   Data           1  fpm383c.o(.data)
    ScanStatus                               0x200001da   Data           1  fpm383c.o(.data)
    PageID                                   0x200001dc   Data           2  fpm383c.o(.data)
    MatchScore                               0x200001de   Data           2  fpm383c.o(.data)
    USART3_ReceiveBuffer                     0x200001e0   Data           6  fpm383c.o(.data)
    PS_BlueLEDBuffer                         0x200001e6   Data          16  fpm383c.o(.data)
    PS_RedLEDBuffer                          0x200001f6   Data          16  fpm383c.o(.data)
    PS_GreenLEDBuffer                        0x20000206   Data          16  fpm383c.o(.data)
    PS_SleepBuffer                           0x20000216   Data          12  fpm383c.o(.data)
    PS_EmptyBuffer                           0x20000222   Data          12  fpm383c.o(.data)
    PS_CancelBuffer                          0x2000022e   Data          12  fpm383c.o(.data)
    PS_AutoEnrollBuffer                      0x2000023a   Data          17  fpm383c.o(.data)
    PS_GetImageBuffer                        0x2000024b   Data          12  fpm383c.o(.data)
    PS_GetChar1Buffer                        0x20000257   Data          13  fpm383c.o(.data)
    PS_SearchMBBuffer                        0x20000264   Data          17  fpm383c.o(.data)
    PS_DeleteBuffer                          0x20000275   Data          16  fpm383c.o(.data)
    PS_ValidTempleteNumBuffer                0x20000285   Data          12  fpm383c.o(.data)
    receive_buf                              0x20000294   Data         512  esp8266.o(.bss)
    USART2_ReceiveBuffer                     0x20000494   Data          20  fpm383c.o(.bss)
    __initial_sp                             0x200008a8   Data           0  startup_stm32f10x_md.o(STACK)



==============================================================================

Memory Map of the image

  Image Entry point : 0x080000ed

  Load Region LR_IROM1 (Base: 0x08000000, Size: 0x000014b0, Max: 0x01000000, ABSOLUTE, COMPRESSED[0x000013f4])

    Execution Region ER_IROM1 (Exec base: 0x08000000, Load base: 0x08000000, Size: 0x0000121c, Max: 0x01000000, ABSOLUTE)

    Exec Addr    Load Addr    Size         Type   Attr      Idx    E Section Name        Object

    0x08000000   0x08000000   0x000000ec   Data   RO         1020    RESET               startup_stm32f10x_md.o
    0x080000ec   0x080000ec   0x00000000   Code   RO         8682  * .ARM.Collect$$$$00000000  mc_w.l(entry.o)
    0x080000ec   0x080000ec   0x00000004   Code   RO         8977    .ARM.Collect$$$$00000001  mc_w.l(entry2.o)
    0x080000f0   0x080000f0   0x00000004   Code   RO         8980    .ARM.Collect$$$$00000004  mc_w.l(entry5.o)
    0x080000f4   0x080000f4   0x00000000   Code   RO         8982    .ARM.Collect$$$$00000008  mc_w.l(entry7b.o)
    0x080000f4   0x080000f4   0x00000000   Code   RO         8984    .ARM.Collect$$$$0000000A  mc_w.l(entry8b.o)
    0x080000f4   0x080000f4   0x00000008   Code   RO         8985    .ARM.Collect$$$$0000000B  mc_w.l(entry9a.o)
    0x080000fc   0x080000fc   0x00000004   Code   RO         8992    .ARM.Collect$$$$0000000E  mc_w.l(entry12b.o)
    0x08000100   0x08000100   0x00000000   Code   RO         8987    .ARM.Collect$$$$0000000F  mc_w.l(entry10a.o)
    0x08000100   0x08000100   0x00000000   Code   RO         8989    .ARM.Collect$$$$00000011  mc_w.l(entry11a.o)
    0x08000100   0x08000100   0x00000004   Code   RO         8978    .ARM.Collect$$$$00002712  mc_w.l(entry2.o)
    0x08000104   0x08000104   0x00000024   Code   RO         1021    .text               startup_stm32f10x_md.o
    0x08000128   0x08000128   0x000000b0   Code   RO         8967    .text               mf_w.l(fadd.o)
    0x080001d8   0x080001d8   0x00000064   Code   RO         8969    .text               mf_w.l(fmul.o)
    0x0800023c   0x0800023c   0x0000007c   Code   RO         8971    .text               mf_w.l(fdiv.o)
    0x080002b8   0x080002b8   0x00000028   Code   RO         8973    .text               mf_w.l(ffixui.o)
    0x080002e0   0x080002e0   0x00000000   Code   RO         9017    .text               mc_w.l(iusefp.o)
    0x080002e0   0x080002e0   0x0000006e   Code   RO         9018    .text               mf_w.l(fepilogue.o)
    0x0800034e   0x0800034e   0x00000002   PAD
    0x08000350   0x08000350   0x00000024   Code   RO         9030    .text               mc_w.l(init.o)
    0x08000374   0x08000374   0x00000056   Code   RO         9091    .text               mc_w.l(__dczerorl2.o)
    0x080003ca   0x080003ca   0x00000002   Code   RO            1    i.BusFault_Handler  stm32f10x_it.o
    0x080003cc   0x080003cc   0x00000002   Code   RO            2    i.DebugMon_Handler  stm32f10x_it.o
    0x080003ce   0x080003ce   0x00000002   PAD
    0x080003d0   0x080003d0   0x0000003c   Code   RO          706    i.EXTI15_10_IRQHandler  fpm383c.o
    0x0800040c   0x0800040c   0x0000000c   Code   RO         1823    i.EXTI_ClearITPendingBit  stm32f10x_exti.o
    0x08000418   0x08000418   0x00000020   Code   RO         1827    i.EXTI_GetITStatus  stm32f10x_exti.o
    0x08000438   0x08000438   0x000000a2   Code   RO         2174    i.GPIO_Init         stm32f10x_gpio.o
    0x080004da   0x080004da   0x0000000e   Code   RO         2180    i.GPIO_ReadOutputDataBit  stm32f10x_gpio.o
    0x080004e8   0x080004e8   0x00000004   Code   RO         2181    i.GPIO_ResetBits    stm32f10x_gpio.o
    0x080004ec   0x080004ec   0x00000004   Code   RO         2182    i.GPIO_SetBits      stm32f10x_gpio.o
    0x080004f0   0x080004f0   0x0000000a   Code   RO         2185    i.GPIO_WriteBit     stm32f10x_gpio.o
    0x080004fa   0x080004fa   0x00000002   Code   RO            3    i.HardFault_Handler  stm32f10x_it.o
    0x080004fc   0x080004fc   0x0000002c   Code   RO          307    i.LED0_Toggle       led.o
    0x08000528   0x08000528   0x00000002   Code   RO            4    i.MemManage_Handler  stm32f10x_it.o
    0x0800052a   0x0800052a   0x00000002   Code   RO            5    i.NMI_Handler       stm32f10x_it.o
    0x0800052c   0x0800052c   0x00000014   Code   RO         1026    i.NVIC_PriorityGroupConfig  misc.o
    0x08000540   0x08000540   0x0000005c   Code   RO          461    i.OLED_I2C_SendByte  oled.o
    0x0800059c   0x0800059c   0x00000038   Code   RO          462    i.OLED_I2C_Start    oled.o
    0x080005d4   0x080005d4   0x00000030   Code   RO          463    i.OLED_I2C_Stop     oled.o
    0x08000604   0x08000604   0x00000022   Code   RO          466    i.OLED_SetCursor    oled.o
    0x08000626   0x08000626   0x00000002   PAD
    0x08000628   0x08000628   0x00000068   Code   RO          468    i.OLED_ShowChar     oled.o
    0x08000690   0x08000690   0x00000026   Code   RO          472    i.OLED_ShowString   oled.o
    0x080006b6   0x080006b6   0x00000022   Code   RO          473    i.OLED_WriteCommand  oled.o
    0x080006d8   0x080006d8   0x00000022   Code   RO          474    i.OLED_WriteData    oled.o
    0x080006fa   0x080006fa   0x00000002   Code   RO            6    i.PendSV_Handler    stm32f10x_it.o
    0x080006fc   0x080006fc   0x00000018   Code   RO         2590    i.RCC_APB1PeriphClockCmd  stm32f10x_rcc.o
    0x08000714   0x08000714   0x00000018   Code   RO         2592    i.RCC_APB2PeriphClockCmd  stm32f10x_rcc.o
    0x0800072c   0x0800072c   0x00000002   Code   RO            7    i.SVC_Handler       stm32f10x_it.o
    0x0800072e   0x0800072e   0x00000002   PAD
    0x08000730   0x08000730   0x00000090   Code   RO          989    i.Servo_Init        servo.o
    0x080007c0   0x080007c0   0x00000038   Code   RO          990    i.Servo_SetAngle    servo.o
    0x080007f8   0x080007f8   0x000000a8   Code   RO          152    i.SetSysClockTo72   system_stm32f10x.o
    0x080008a0   0x080008a0   0x00000002   Code   RO            8    i.SysTick_Handler   stm32f10x_it.o
    0x080008a2   0x080008a2   0x00000002   PAD
    0x080008a4   0x080008a4   0x00000050   Code   RO          154    i.SystemInit        system_stm32f10x.o
    0x080008f4   0x080008f4   0x00000028   Code   RO          181    i.TIM1_UP_IRQHandler  main.o
    0x0800091c   0x0800091c   0x00000006   Code   RO         3216    i.TIM_ClearITPendingBit  stm32f10x_tim.o
    0x08000922   0x08000922   0x00000014   Code   RO         3221    i.TIM_Cmd           stm32f10x_tim.o
    0x08000936   0x08000936   0x00000018   Code   RO         3242    i.TIM_GetITStatus   stm32f10x_tim.o
    0x0800094e   0x0800094e   0x0000000a   Code   RO         3248    i.TIM_InternalClockConfig  stm32f10x_tim.o
    0x08000958   0x08000958   0x00000080   Code   RO         3255    i.TIM_OC2Init       stm32f10x_tim.o
    0x080009d8   0x080009d8   0x00000014   Code   RO         3268    i.TIM_OCStructInit  stm32f10x_tim.o
    0x080009ec   0x080009ec   0x00000004   Code   RO         3283    i.TIM_SetCompare2   stm32f10x_tim.o
    0x080009f0   0x080009f0   0x0000009c   Code   RO         3292    i.TIM_TimeBaseInit  stm32f10x_tim.o
    0x08000a8c   0x08000a8c   0x00000054   Code   RO          339    i.USART1_IRQHandler  serial.o
    0x08000ae0   0x08000ae0   0x00000050   Code   RO          724    i.USART2_IRQHandler  fpm383c.o
    0x08000b30   0x08000b30   0x0000004c   Code   RO          725    i.USART3_IRQHandler  fpm383c.o
    0x08000b7c   0x08000b7c   0x0000000c   Code   RO         3741    i.USART_ClearITPendingBit  stm32f10x_usart.o
    0x08000b88   0x08000b88   0x0000003e   Code   RO         3748    i.USART_GetITStatus  stm32f10x_usart.o
    0x08000bc6   0x08000bc6   0x00000008   Code   RO         3758    i.USART_ReceiveData  stm32f10x_usart.o
    0x08000bce   0x08000bce   0x00000002   Code   RO            9    i.UsageFault_Handler  stm32f10x_it.o
    0x08000bd0   0x08000bd0   0x0000000e   Code   RO         9085    i.__scatterload_copy  mc_w.l(handlers.o)
    0x08000bde   0x08000bde   0x00000002   Code   RO         9086    i.__scatterload_null  mc_w.l(handlers.o)
    0x08000be0   0x08000be0   0x0000000e   Code   RO         9087    i.__scatterload_zeroinit  mc_w.l(handlers.o)
    0x08000bee   0x08000bee   0x00000002   PAD
    0x08000bf0   0x08000bf0   0x0000001c   Code   RO          182    i.main              main.o
    0x08000c0c   0x08000c0c   0x000005f0   Data   RO          475    .constdata          oled.o
    0x080011fc   0x080011fc   0x00000020   Data   RO         9083    Region$$Table       anon$$obj.o


    Execution Region RW_IRAM1 (Exec base: 0x20000000, Load base: 0x0800121c, Size: 0x000008a8, Max: 0x00020000, ABSOLUTE, COMPRESSED[0x000001d8])

    Exec Addr    Load Addr    Size         Type   Attr      Idx    E Section Name        Object

    0x20000000   COMPRESSED   0x00000002   Data   RW          342    .data               serial.o
    0x20000002   COMPRESSED   0x000001d5   Data   RW          412    .data               esp8266.o
    0x200001d7   COMPRESSED   0x00000001   PAD
    0x200001d8   COMPRESSED   0x000000b9   Data   RW          731    .data               fpm383c.o
    0x20000291   COMPRESSED   0x00000003   PAD
    0x20000294        -       0x00000200   Zero   RW          409    .bss                esp8266.o
    0x20000494        -       0x00000014   Zero   RW          730    .bss                fpm383c.o
    0x200004a8        -       0x00000400   Zero   RW         1018    STACK               startup_stm32f10x_md.o


==============================================================================

Image component sizes


      Code (inc. data)   RO Data    RW Data    ZI Data      Debug   Object Name

         0          0          0          0          0         32   core_cm3.o
         0          0          0        469        512       1877   esp8266.o
       216         38          0        185         20       3467   fpm383c.o
        44          6          0          0          0        498   led.o
        68         12          0          0          0        860   main.o
        20         10          0          0          0        495   misc.o
       440         22       1520          0          0       5368   oled.o
        84         22          0          2          0        782   serial.o
       200         18          0          0          0       1138   servo.o
        36          8        236          0       1024        776   startup_stm32f10x_md.o
        44         10          0          0          0       1144   stm32f10x_exti.o
       194          0          0          0          0       4069   stm32f10x_gpio.o
        18          0          0          0          0      42782   stm32f10x_it.o
        48         12          0          0          0       1146   stm32f10x_rcc.o
       368         50          0          0          0       5971   stm32f10x_tim.o
        82          0          0          0          0       3282   stm32f10x_usart.o
       248         24          0          0          0       1393   system_stm32f10x.o
         0          0          0          0          0     201680   timer.o

    ----------------------------------------------------------------------
      2118        232       1788        660       1556     276760   Object Totals
         0          0         32          0          0          0   (incl. Generated)
         8          0          0          4          0          0   (incl. Padding)

    ----------------------------------------------------------------------

      Code (inc. data)   RO Data    RW Data    ZI Data      Debug   Library Member Name

        86          0          0          0          0          0   __dczerorl2.o
         0          0          0          0          0          0   entry.o
         0          0          0          0          0          0   entry10a.o
         0          0          0          0          0          0   entry11a.o
         4          0          0          0          0          0   entry12b.o
         8          4          0          0          0          0   entry2.o
         4          0          0          0          0          0   entry5.o
         0          0          0          0          0          0   entry7b.o
         0          0          0          0          0          0   entry8b.o
         8          4          0          0          0          0   entry9a.o
        30          0          0          0          0          0   handlers.o
        36          8          0          0          0         68   init.o
         0          0          0          0          0          0   iusefp.o
       176          0          0          0          0        140   fadd.o
       124          0          0          0          0         88   fdiv.o
       110          0          0          0          0        168   fepilogue.o
        40          0          0          0          0         68   ffixui.o
       100          0          0          0          0         76   fmul.o

    ----------------------------------------------------------------------
       730         16          0          0          0        608   Library Totals
         4          0          0          0          0          0   (incl. Padding)

    ----------------------------------------------------------------------

      Code (inc. data)   RO Data    RW Data    ZI Data      Debug   Library Name

       176         16          0          0          0         68   mc_w.l
       550          0          0          0          0        540   mf_w.l

    ----------------------------------------------------------------------
       730         16          0          0          0        608   Library Totals

    ----------------------------------------------------------------------

==============================================================================


      Code (inc. data)   RO Data    RW Data    ZI Data      Debug   

      2848        248       1788        660       1556     275052   Grand Totals
      2848        248       1788        472       1556     275052   ELF Image Totals (compressed)
      2848        248       1788        472          0          0   ROM Totals

==============================================================================

    Total RO  Size (Code + RO Data)                 4636 (   4.53kB)
    Total RW  Size (RW Data + ZI Data)              2216 (   2.16kB)
    Total ROM Size (Code + RO Data + RW Data)       5108 (   4.99kB)

==============================================================================

